#
# There is insufficient memory for the Java Runtime Environment to continue.
# Native memory allocation (mmap) failed to map 110100480 bytes for G1 virtual space
# Possible reasons:
#   The system is out of physical RAM or swap space
#   The process is running with CompressedOops enabled, and the Java Heap may be blocking the growth of the native heap
# Possible solutions:
#   Reduce memory load on the system
#   Increase physical memory or swap space
#   Check if swap backing store is full
#   Decrease Java heap size (-Xmx/-Xms)
#   Decrease number of Java threads
#   Decrease Java thread stack sizes (-Xss)
#   Set larger code cache with -XX:ReservedCodeCacheSize=
#   JVM is running with Unscaled Compressed Oops mode in which the Java heap is
#     placed in the first 4GB address space. The Java Heap base address is the
#     maximum limit for the native heap growth. Please use -XX:HeapBaseMinAddress
#     to set the Java Heap base and to place the Java Heap above 4GB virtual address.
# This output file may be truncated or incomplete.
#
#  Out of Memory Error (os_windows.cpp:3604), pid=16772, tid=124
#
# JRE version: Java(TM) SE Runtime Environment (21.0.11+9) (build 21.0.11+9-LTS-211)
# Java VM: Java HotSpot(TM) 64-Bit Server VM (21.0.11+9-LTS-211, mixed mode, sharing, tiered, compressed oops, compressed class ptrs, g1 gc, windows-amd64)
# No core dump will be written. Minidumps are not enabled by default on client versions of Windows
#

---------------  S U M M A R Y ------------

Command Line: org.languagetool.server.HTTPServer -p 8947

Host: Intel(R) Core(TM) i5-4210U CPU @ 1.70GHz, 4 cores, 3G,  Windows 10 , 64 bit Build 19041 (10.0.19041.5915)
Time: Fri Jun  5 16:22:40 2026 Pakistan Standard Time elapsed time: 50.204952 seconds (0d 0h 0m 50s)

---------------  T H R E A D  ---------------

Current thread (0x000001a6f4688230):  VMThread "VM Thread"          [id=124, stack(0x0000006431900000,0x0000006431a00000) (1024K)]

Stack: [0x0000006431900000,0x0000006431a00000]
Native frames: (J=compiled Java code, j=interpreted, Vv=VM code, C=native code)
V  [jvm.dll+0x6d0ef9]
V  [jvm.dll+0x860126]
V  [jvm.dll+0x86261e]
V  [jvm.dll+0x862cf3]
V  [jvm.dll+0x282bc6]
V  [jvm.dll+0x6cd7a5]
V  [jvm.dll+0x6c232a]
V  [jvm.dll+0x35bfb8]
V  [jvm.dll+0x363c76]
V  [jvm.dll+0x3b4d8e]
V  [jvm.dll+0x3b5038]
V  [jvm.dll+0x32fa6c]
V  [jvm.dll+0x3322c9]
V  [jvm.dll+0x33c883]
V  [jvm.dll+0x37200f]
V  [jvm.dll+0x8689ef]
V  [jvm.dll+0x869d7c]
V  [jvm.dll+0x86a2b1]
V  [jvm.dll+0x86a553]
V  [jvm.dll+0x80ac0d]
V  [jvm.dll+0x6cf79d]
C  [ucrtbase.dll+0x21bb2]
C  [KERNEL32.DLL+0x17374]
C  [ntdll.dll+0x4cc91]

VM_Operation (0x00000064314ff900): G1PauseRemark, mode: safepoint, requested by thread 0x000001a6d8df8e70


---------------  P R O C E S S  ---------------

Threads class SMR info:
_java_thread_list=0x000001a6d8e280a0, length=32, elements={
0x000001a6f469bf00, 0x000001a6f469eb70, 0x000001a6f46a4350, 0x000001a6f46a5110,
0x000001a6f46a5b70, 0x000001a6f46a8d80, 0x000001a6f46ae2d0, 0x000001a6f46b8e40,
0x000001a6f48fc220, 0x000001a6f4903e90, 0x000001a6f9a86310, 0x000001a6f9a87610,
0x000001a6f48578f0, 0x000001a6f95b3ea0, 0x000001a6f4a49900, 0x000001a6d742bde0,
0x000001a6f490a520, 0x000001a6f97e36d0, 0x000001a6f9714110, 0x000001a6f97147a0,
0x000001a6f97161e0, 0x000001a6f9715b50, 0x000001a6f9714e30, 0x000001a6f97154c0,
0x000001a6f9716870, 0x000001a6f9716f00, 0x000001a6f9717590, 0x000001a6fc90dfb0,
0x000001a6fc90cc00, 0x000001a6fc911ac0, 0x000001a6fc90f9f0, 0x000001a6fc911430
}

Java Threads: ( => current thread )
  0x000001a6f469bf00 JavaThread "Reference Handler"          daemon [_thread_blocked, id=11644, stack(0x0000006431a00000,0x0000006431b00000) (1024K)]
  0x000001a6f469eb70 JavaThread "Finalizer"                  daemon [_thread_blocked, id=13208, stack(0x0000006431b00000,0x0000006431c00000) (1024K)]
  0x000001a6f46a4350 JavaThread "Signal Dispatcher"          daemon [_thread_blocked, id=2432, stack(0x0000006431c00000,0x0000006431d00000) (1024K)]
  0x000001a6f46a5110 JavaThread "Attach Listener"            daemon [_thread_blocked, id=9892, stack(0x0000006431d00000,0x0000006431e00000) (1024K)]
  0x000001a6f46a5b70 JavaThread "Service Thread"             daemon [_thread_blocked, id=13080, stack(0x0000006431e00000,0x0000006431f00000) (1024K)]
  0x000001a6f46a8d80 JavaThread "Monitor Deflation Thread"   daemon [_thread_blocked, id=14944, stack(0x0000006431f00000,0x0000006432000000) (1024K)]
  0x000001a6f46ae2d0 JavaThread "C2 CompilerThread0"         daemon [_thread_blocked, id=9784, stack(0x0000006432000000,0x0000006432100000) (1024K)]
  0x000001a6f46b8e40 JavaThread "C1 CompilerThread0"         daemon [_thread_blocked, id=7876, stack(0x0000006432100000,0x0000006432200000) (1024K)]
  0x000001a6f48fc220 JavaThread "Notification Thread"        daemon [_thread_blocked, id=14660, stack(0x0000006432200000,0x0000006432300000) (1024K)]
  0x000001a6f4903e90 JavaThread "Common-Cleaner"             daemon [_thread_blocked, id=2840, stack(0x0000006432300000,0x0000006432400000) (1024K)]
  0x000001a6f9a86310 JavaThread "LtThreadPoolMonitor"        daemon [_thread_blocked, id=7236, stack(0x0000006432700000,0x0000006432800000) (1024K)]
  0x000001a6f9a87610 JavaThread "LtThreadPoolExecutorMonitor" daemon [_thread_blocked, id=12456, stack(0x0000006432800000,0x0000006432900000) (1024K)]
  0x000001a6f48578f0 JavaThread "LtThreadPoolExecutorMonitor" daemon [_thread_blocked, id=11560, stack(0x0000006432900000,0x0000006432a00000) (1024K)]
  0x000001a6f95b3ea0 JavaThread "idle-timeout-task"          daemon [_thread_blocked, id=6624, stack(0x0000006432a00000,0x0000006432b00000) (1024K)]
  0x000001a6f4a49900 JavaThread "HTTP-Dispatcher"                   [_thread_in_native, id=4240, stack(0x0000006432b00000,0x0000006432c00000) (1024K)]
  0x000001a6d742bde0 JavaThread "DestroyJavaVM"                     [_thread_blocked, id=10760, stack(0x0000006431200000,0x0000006431300000) (1024K)]
  0x000001a6f490a520 JavaThread "lt-server-thread-0"                [_thread_blocked, id=4360, stack(0x0000006432c00000,0x0000006432d00000) (1024K)]
  0x000001a6f97e36d0 JavaThread "lt-server-thread-1"                [_thread_blocked, id=18800, stack(0x0000006432d00000,0x0000006432e00000) (1024K)]
  0x000001a6f9714110 JavaThread "lt-server-thread-2"                [_thread_blocked, id=18860, stack(0x0000006432e00000,0x0000006432f00000) (1024K)]
  0x000001a6f97147a0 JavaThread "lt-server-thread-3"                [_thread_blocked, id=19268, stack(0x0000006433100000,0x0000006433200000) (1024K)]
  0x000001a6f97161e0 JavaThread "lt-server-thread-4"                [_thread_blocked, id=15572, stack(0x0000006433200000,0x0000006433300000) (1024K)]
  0x000001a6f9715b50 JavaThread "lt-server-thread-5"                [_thread_blocked, id=10736, stack(0x0000006433300000,0x0000006433400000) (1024K)]
  0x000001a6f9714e30 JavaThread "lt-text-checker-thread-1"          [_thread_blocked, id=6584, stack(0x0000006433400000,0x0000006433500000) (1024K)]
  0x000001a6f97154c0 JavaThread "lt-text-checker-thread-0"          [_thread_blocked, id=18880, stack(0x0000006433500000,0x0000006433600000) (1024K)]
  0x000001a6f9716870 JavaThread "lt-server-thread-6"                [_thread_blocked, id=17104, stack(0x0000006433700000,0x0000006433800000) (1024K)]
  0x000001a6f9716f00 JavaThread "lt-text-checker-thread-2"          [_thread_blocked, id=17324, stack(0x0000006433800000,0x0000006433900000) (1024K)]
  0x000001a6f9717590 JavaThread "lt-server-thread-7"                [_thread_blocked, id=19336, stack(0x0000006433900000,0x0000006433a00000) (1024K)]
  0x000001a6fc90dfb0 JavaThread "lt-server-thread-8"                [_thread_blocked, id=14612, stack(0x0000006433a00000,0x0000006433b00000) (1024K)]
  0x000001a6fc90cc00 JavaThread "lt-text-checker-thread-3"          [_thread_blocked, id=15124, stack(0x0000006433b00000,0x0000006433c00000) (1024K)]
  0x000001a6fc911ac0 JavaThread "lt-text-checker-thread-4"          [_thread_blocked, id=18708, stack(0x0000006433c00000,0x0000006433d00000) (1024K)]
  0x000001a6fc90f9f0 JavaThread "lt-server-thread-9"                [_thread_blocked, id=17200, stack(0x0000006433d00000,0x0000006433e00000) (1024K)]
  0x000001a6fc911430 JavaThread "lt-text-checker-thread-5"          [_thread_blocked, id=18208, stack(0x0000006433e00000,0x0000006433f00000) (1024K)]
Total: 32

Other Threads:
=>0x000001a6f4688230 VMThread "VM Thread"                           [id=124, stack(0x0000006431900000,0x0000006431a00000) (1024K)]
  0x000001a6f4672e60 WatcherThread "VM Periodic Task Thread"        [id=9772, stack(0x0000006431800000,0x0000006431900000) (1024K)]
  0x000001a6d8def9a0 WorkerThread "GC Thread#0"                     [id=13692, stack(0x0000006431300000,0x0000006431400000) (1024K)]
  0x000001a6f95ed2f0 WorkerThread "GC Thread#1"                     [id=19192, stack(0x0000006432400000,0x0000006432500000) (1024K)]
  0x000001a6f95ee1b0 WorkerThread "GC Thread#2"                     [id=7860, stack(0x0000006432500000,0x0000006432600000) (1024K)]
  0x000001a6f95ec7e0 WorkerThread "GC Thread#3"                     [id=18548, stack(0x0000006432600000,0x0000006432700000) (1024K)]
  0x000001a6d8df8e70 ConcurrentGCThread "G1 Main Marker"            [id=11112, stack(0x0000006431400000,0x0000006431500000) (1024K)]
  0x000001a6d8dfa440 WorkerThread "G1 Conc#0"                       [id=10892, stack(0x0000006431500000,0x0000006431600000) (1024K)]
  0x000001a6d8e53fc0 ConcurrentGCThread "G1 Refine#0"               [id=17948, stack(0x0000006431600000,0x0000006431700000) (1024K)]
  0x000001a6d8e549e0 ConcurrentGCThread "G1 Service"                [id=15444, stack(0x0000006431700000,0x0000006431800000) (1024K)]
Total: 10

Threads with active compile tasks:
C2 CompilerThread0    50287 4519       4       it.unimi.dsi.fastutil.objects.Object2ObjectOpenHashMap::rehash (175 bytes)
C1 CompilerThread0    50287 4612       3       org.languagetool.rules.patterns.RuleSet::hinted (241 bytes)
Total: 2

VM state: at safepoint (normal execution)

VM Mutex/Monitor currently owned by a thread:  ([mutex/lock_event])
[0x00007ff9f804af50] Threads_lock - owner thread: 0x000001a6f4688230
[0x00007ff9f804b050] Heap_lock - owner thread: 0x000001a6d8df8e70

Heap address: 0x00000000c1c00000, size: 996 MB, Compressed Oops mode: 32-bit

CDS archive(s) mapped at: [0x000001a680000000-0x000001a680c90000-0x000001a680c90000), size 13172736, SharedBaseAddress: 0x000001a680000000, ArchiveRelocationMode: 1.
Compressed class space mapped at: 0x000001a681000000-0x000001a6c1000000, reserved size: 1073741824
Narrow klass base: 0x000001a680000000, Narrow klass shift: 0, Narrow klass range: 0x100000000

GC Precious Log:
 CardTable entry size: 512
 Card Set container configuration: InlinePtr #cards 5 size 8 Array Of Cards #cards 12 size 40 Howl #buckets 4 coarsen threshold 1843 Howl Bitmap #cards 512 size 80 coarsen threshold 460 Card regions per heap region 1 cards per card region 2048
 CPUs: 4 total, 4 available
 Memory: 3976M
 Large Page Support: Disabled
 NUMA Support: Disabled
 Compressed Oops: Enabled (32-bit)
 Heap Region Size: 1M
 Heap Min Capacity: 8M
 Heap Initial Capacity: 64M
 Heap Max Capacity: 996M
 Pre-touch: Disabled
 Parallel Workers: 4
 Concurrent Workers: 1
 Concurrent Refinement Workers: 4
 Periodic GC: Disabled

Heap:
 garbage-first heap   total 273408K, used 226444K [0x00000000c1c00000, 0x0000000100000000)
  region size 1024K, 35 young (35840K), 6 survivors (6144K)
 Metaspace       used 19709K, committed 20160K, reserved 1114112K
  class space    used 2209K, committed 2432K, reserved 1048576K

Heap Regions: E=young(eden), S=young(survivor), O=old, HS=humongous(starts), HC=humongous(continues), CS=collection set, F=free, TAMS=top-at-mark-start, PB=parsable bottom
|   0|0x00000000c1c00000, 0x00000000c1d00000, 0x00000000c1d00000|100%| O|  |TAMS 0x00000000c1d00000| PB 0x00000000c1d00000| Untracked 
|   1|0x00000000c1d00000, 0x00000000c1e00000, 0x00000000c1e00000|100%| O|  |TAMS 0x00000000c1e00000| PB 0x00000000c1e00000| Untracked 
|   2|0x00000000c1e00000, 0x00000000c1f00000, 0x00000000c1f00000|100%| O|  |TAMS 0x00000000c1f00000| PB 0x00000000c1f00000| Untracked 
|   3|0x00000000c1f00000, 0x00000000c2000000, 0x00000000c2000000|100%| O|  |TAMS 0x00000000c2000000| PB 0x00000000c2000000| Untracked 
|   4|0x00000000c2000000, 0x00000000c2100000, 0x00000000c2100000|100%| O|  |TAMS 0x00000000c2100000| PB 0x00000000c2100000| Untracked 
|   5|0x00000000c2100000, 0x00000000c2200000, 0x00000000c2200000|100%| O|  |TAMS 0x00000000c2200000| PB 0x00000000c2200000| Untracked 
|   6|0x00000000c2200000, 0x00000000c2300000, 0x00000000c2300000|100%| O|  |TAMS 0x00000000c2300000| PB 0x00000000c2300000| Untracked 
|   7|0x00000000c2300000, 0x00000000c2400000, 0x00000000c2400000|100%| O|  |TAMS 0x00000000c2400000| PB 0x00000000c2400000| Untracked 
|   8|0x00000000c2400000, 0x00000000c2500000, 0x00000000c2500000|100%| O|  |TAMS 0x00000000c2500000| PB 0x00000000c2500000| Untracked 
|   9|0x00000000c2500000, 0x00000000c2600000, 0x00000000c2600000|100%|HS|  |TAMS 0x00000000c2600000| PB 0x00000000c2500000| Complete 
|  10|0x00000000c2600000, 0x00000000c2700000, 0x00000000c2700000|100%| O|  |TAMS 0x00000000c2700000| PB 0x00000000c2700000| Untracked 
|  11|0x00000000c2700000, 0x00000000c2800000, 0x00000000c2800000|100%| O|  |TAMS 0x00000000c2800000| PB 0x00000000c2800000| Untracked 
|  12|0x00000000c2800000, 0x00000000c2900000, 0x00000000c2900000|100%| O|  |TAMS 0x00000000c2900000| PB 0x00000000c2900000| Untracked 
|  13|0x00000000c2900000, 0x00000000c2a00000, 0x00000000c2a00000|100%| O|  |TAMS 0x00000000c2a00000| PB 0x00000000c2a00000| Untracked 
|  14|0x00000000c2a00000, 0x00000000c2b00000, 0x00000000c2b00000|100%| O|  |TAMS 0x00000000c2b00000| PB 0x00000000c2b00000| Updating 
|  15|0x00000000c2b00000, 0x00000000c2c00000, 0x00000000c2c00000|100%| O|  |TAMS 0x00000000c2c00000| PB 0x00000000c2c00000| Untracked 
|  16|0x00000000c2c00000, 0x00000000c2d00000, 0x00000000c2d00000|100%| O|  |TAMS 0x00000000c2d00000| PB 0x00000000c2d00000| Untracked 
|  17|0x00000000c2d00000, 0x00000000c2e00000, 0x00000000c2e00000|100%| O|  |TAMS 0x00000000c2e00000| PB 0x00000000c2e00000| Untracked 
|  18|0x00000000c2e00000, 0x00000000c2f00000, 0x00000000c2f00000|100%| O|  |TAMS 0x00000000c2f00000| PB 0x00000000c2f00000| Untracked 
|  19|0x00000000c2f00000, 0x00000000c3000000, 0x00000000c3000000|100%| O|  |TAMS 0x00000000c3000000| PB 0x00000000c3000000| Untracked 
|  20|0x00000000c3000000, 0x00000000c3100000, 0x00000000c3100000|100%| O|  |TAMS 0x00000000c3100000| PB 0x00000000c3100000| Untracked 
|  21|0x00000000c3100000, 0x00000000c3200000, 0x00000000c3200000|100%| O|  |TAMS 0x00000000c3200000| PB 0x00000000c3200000| Untracked 
|  22|0x00000000c3200000, 0x00000000c3300000, 0x00000000c3300000|100%| O|  |TAMS 0x00000000c3300000| PB 0x00000000c3300000| Untracked 
|  23|0x00000000c3300000, 0x00000000c3400000, 0x00000000c3400000|100%| O|  |TAMS 0x00000000c3400000| PB 0x00000000c3400000| Untracked 
|  24|0x00000000c3400000, 0x00000000c3500000, 0x00000000c3500000|100%| O|  |TAMS 0x00000000c3500000| PB 0x00000000c3500000| Untracked 
|  25|0x00000000c3500000, 0x00000000c3600000, 0x00000000c3600000|100%| O|  |TAMS 0x00000000c3600000| PB 0x00000000c3600000| Untracked 
|  26|0x00000000c3600000, 0x00000000c3700000, 0x00000000c3700000|100%| O|  |TAMS 0x00000000c3700000| PB 0x00000000c3700000| Untracked 
|  27|0x00000000c3700000, 0x00000000c3800000, 0x00000000c3800000|100%| O|  |TAMS 0x00000000c3800000| PB 0x00000000c3800000| Updating 
|  28|0x00000000c3800000, 0x00000000c3900000, 0x00000000c3900000|100%| O|  |TAMS 0x00000000c3900000| PB 0x00000000c3900000| Untracked 
|  29|0x00000000c3900000, 0x00000000c3a00000, 0x00000000c3a00000|100%| O|  |TAMS 0x00000000c3a00000| PB 0x00000000c3a00000| Untracked 
|  30|0x00000000c3a00000, 0x00000000c3b00000, 0x00000000c3b00000|100%| O|  |TAMS 0x00000000c3b00000| PB 0x00000000c3b00000| Untracked 
|  31|0x00000000c3b00000, 0x00000000c3c00000, 0x00000000c3c00000|100%| O|  |TAMS 0x00000000c3c00000| PB 0x00000000c3c00000| Untracked 
|  32|0x00000000c3c00000, 0x00000000c3d00000, 0x00000000c3d00000|100%| O|  |TAMS 0x00000000c3d00000| PB 0x00000000c3d00000| Untracked 
|  33|0x00000000c3d00000, 0x00000000c3e00000, 0x00000000c3e00000|100%| O|  |TAMS 0x00000000c3e00000| PB 0x00000000c3e00000| Updating 
|  34|0x00000000c3e00000, 0x00000000c3f00000, 0x00000000c3f00000|100%| O|  |TAMS 0x00000000c3f00000| PB 0x00000000c3f00000| Updating 
|  35|0x00000000c3f00000, 0x00000000c4000000, 0x00000000c4000000|100%|HS|  |TAMS 0x00000000c4000000| PB 0x00000000c3f00000| Complete 
|  36|0x00000000c4000000, 0x00000000c4100000, 0x00000000c4100000|100%|HC|  |TAMS 0x00000000c4100000| PB 0x00000000c4000000| Complete 
|  37|0x00000000c4100000, 0x00000000c4200000, 0x00000000c4200000|100%|HC|  |TAMS 0x00000000c4200000| PB 0x00000000c4100000| Complete 
|  38|0x00000000c4200000, 0x00000000c4300000, 0x00000000c4300000|100%| O|  |TAMS 0x00000000c4300000| PB 0x00000000c4300000| Untracked 
|  39|0x00000000c4300000, 0x00000000c4400000, 0x00000000c4400000|100%| O|  |TAMS 0x00000000c4400000| PB 0x00000000c4400000| Untracked 
|  40|0x00000000c4400000, 0x00000000c4500000, 0x00000000c4500000|100%| O|  |TAMS 0x00000000c4500000| PB 0x00000000c4500000| Untracked 
|  41|0x00000000c4500000, 0x00000000c4600000, 0x00000000c4600000|100%| O|  |TAMS 0x00000000c4600000| PB 0x00000000c4600000| Untracked 
|  42|0x00000000c4600000, 0x00000000c4700000, 0x00000000c4700000|100%| O|  |TAMS 0x00000000c4700000| PB 0x00000000c4700000| Untracked 
|  43|0x00000000c4700000, 0x00000000c4800000, 0x00000000c4800000|100%| O|  |TAMS 0x00000000c4800000| PB 0x00000000c4800000| Untracked 
|  44|0x00000000c4800000, 0x00000000c4900000, 0x00000000c4900000|100%| O|  |TAMS 0x00000000c4900000| PB 0x00000000c4900000| Untracked 
|  45|0x00000000c4900000, 0x00000000c4a00000, 0x00000000c4a00000|100%| O|  |TAMS 0x00000000c4a00000| PB 0x00000000c4a00000| Updating 
|  46|0x00000000c4a00000, 0x00000000c4b00000, 0x00000000c4b00000|100%| O|  |TAMS 0x00000000c4b00000| PB 0x00000000c4b00000| Untracked 
|  47|0x00000000c4b00000, 0x00000000c4c00000, 0x00000000c4c00000|100%| O|  |TAMS 0x00000000c4c00000| PB 0x00000000c4c00000| Untracked 
|  48|0x00000000c4c00000, 0x00000000c4d00000, 0x00000000c4d00000|100%| O|  |TAMS 0x00000000c4d00000| PB 0x00000000c4d00000| Untracked 
|  49|0x00000000c4d00000, 0x00000000c4e00000, 0x00000000c4e00000|100%| O|  |TAMS 0x00000000c4e00000| PB 0x00000000c4e00000| Updating 
|  50|0x00000000c4e00000, 0x00000000c4f00000, 0x00000000c4f00000|100%| O|  |TAMS 0x00000000c4e00000| PB 0x00000000c4e00000| Untracked 
|  51|0x00000000c4f00000, 0x00000000c5000000, 0x00000000c5000000|100%| O|  |TAMS 0x00000000c5000000| PB 0x00000000c5000000| Untracked 
|  52|0x00000000c5000000, 0x00000000c5100000, 0x00000000c5100000|100%| O|  |TAMS 0x00000000c5100000| PB 0x00000000c5100000| Untracked 
|  53|0x00000000c5100000, 0x00000000c5200000, 0x00000000c5200000|100%| O|  |TAMS 0x00000000c5200000| PB 0x00000000c5200000| Untracked 
|  54|0x00000000c5200000, 0x00000000c5300000, 0x00000000c5300000|100%| O|  |TAMS 0x00000000c5300000| PB 0x00000000c5300000| Updating 
|  55|0x00000000c5300000, 0x00000000c5400000, 0x00000000c5400000|100%| O|  |TAMS 0x00000000c5400000| PB 0x00000000c5400000| Updating 
|  56|0x00000000c5400000, 0x00000000c5500000, 0x00000000c5500000|100%| O|  |TAMS 0x00000000c5500000| PB 0x00000000c5500000| Updating 
|  57|0x00000000c5500000, 0x00000000c5600000, 0x00000000c5600000|100%| O|  |TAMS 0x00000000c5600000| PB 0x00000000c5600000| Untracked 
|  58|0x00000000c5600000, 0x00000000c5700000, 0x00000000c5700000|100%| O|  |TAMS 0x00000000c5700000| PB 0x00000000c5700000| Untracked 
|  59|0x00000000c5700000, 0x00000000c5800000, 0x00000000c5800000|100%| O|  |TAMS 0x00000000c5800000| PB 0x00000000c5800000| Updating 
|  60|0x00000000c5800000, 0x00000000c5900000, 0x00000000c5900000|100%| O|  |TAMS 0x00000000c5900000| PB 0x00000000c5900000| Untracked 
|  61|0x00000000c5900000, 0x00000000c5a00000, 0x00000000c5a00000|100%| O|  |TAMS 0x00000000c5a00000| PB 0x00000000c5a00000| Untracked 
|  62|0x00000000c5a00000, 0x00000000c5b00000, 0x00000000c5b00000|100%| O|  |TAMS 0x00000000c5b00000| PB 0x00000000c5b00000| Updating 
|  63|0x00000000c5b00000, 0x00000000c5c00000, 0x00000000c5c00000|100%| O|  |TAMS 0x00000000c5c00000| PB 0x00000000c5c00000| Updating 
|  64|0x00000000c5c00000, 0x00000000c5d00000, 0x00000000c5d00000|100%| O|  |TAMS 0x00000000c5d00000| PB 0x00000000c5d00000| Updating 
|  65|0x00000000c5d00000, 0x00000000c5e00000, 0x00000000c5e00000|100%| O|  |TAMS 0x00000000c5e00000| PB 0x00000000c5e00000| Updating 
|  66|0x00000000c5e00000, 0x00000000c5f00000, 0x00000000c5f00000|100%| O|  |TAMS 0x00000000c5f00000| PB 0x00000000c5f00000| Updating 
|  67|0x00000000c5f00000, 0x00000000c6000000, 0x00000000c6000000|100%| O|  |TAMS 0x00000000c5f00000| PB 0x00000000c5f00000| Untracked 
|  68|0x00000000c6000000, 0x00000000c6100000, 0x00000000c6100000|100%| O|  |TAMS 0x00000000c6100000| PB 0x00000000c6100000| Updating 
|  69|0x00000000c6100000, 0x00000000c6200000, 0x00000000c6200000|100%| O|  |TAMS 0x00000000c6100000| PB 0x00000000c6100000| Untracked 
|  70|0x00000000c6200000, 0x00000000c6300000, 0x00000000c6300000|100%| O|  |TAMS 0x00000000c6300000| PB 0x00000000c6300000| Updating 
|  71|0x00000000c6300000, 0x00000000c6400000, 0x00000000c6400000|100%| O|  |TAMS 0x00000000c6400000| PB 0x00000000c6400000| Untracked 
|  72|0x00000000c6400000, 0x00000000c6500000, 0x00000000c6500000|100%| O|  |TAMS 0x00000000c6500000| PB 0x00000000c6500000| Updating 
|  73|0x00000000c6500000, 0x00000000c6600000, 0x00000000c6600000|100%| O|  |TAMS 0x00000000c6600000| PB 0x00000000c6600000| Updating 
|  74|0x00000000c6600000, 0x00000000c6700000, 0x00000000c6700000|100%| O|  |TAMS 0x00000000c6700000| PB 0x00000000c6700000| Updating 
|  75|0x00000000c6700000, 0x00000000c6800000, 0x00000000c6800000|100%| O|  |TAMS 0x00000000c6800000| PB 0x00000000c6800000| Untracked 
|  76|0x00000000c6800000, 0x00000000c6900000, 0x00000000c6900000|100%|HS|  |TAMS 0x00000000c6900000| PB 0x00000000c6800000| Complete 
|  77|0x00000000c6900000, 0x00000000c6a00000, 0x00000000c6a00000|100%| O|  |TAMS 0x00000000c6a00000| PB 0x00000000c6a00000| Untracked 
|  78|0x00000000c6a00000, 0x00000000c6b00000, 0x00000000c6b00000|100%| O|  |TAMS 0x00000000c6b00000| PB 0x00000000c6b00000| Untracked 
|  79|0x00000000c6b00000, 0x00000000c6c00000, 0x00000000c6c00000|100%| O|  |TAMS 0x00000000c6b00000| PB 0x00000000c6b00000| Untracked 
|  80|0x00000000c6c00000, 0x00000000c6d00000, 0x00000000c6d00000|100%| O|  |TAMS 0x00000000c6d00000| PB 0x00000000c6d00000| Updating 
|  81|0x00000000c6d00000, 0x00000000c6e00000, 0x00000000c6e00000|100%| O|  |TAMS 0x00000000c6e00000| PB 0x00000000c6e00000| Untracked 
|  82|0x00000000c6e00000, 0x00000000c6f00000, 0x00000000c6f00000|100%| O|  |TAMS 0x00000000c6f00000| PB 0x00000000c6f00000| Untracked 
|  83|0x00000000c6f00000, 0x00000000c7000000, 0x00000000c7000000|100%| O|  |TAMS 0x00000000c7000000| PB 0x00000000c7000000| Untracked 
|  84|0x00000000c7000000, 0x00000000c7100000, 0x00000000c7100000|100%| O|  |TAMS 0x00000000c7100000| PB 0x00000000c7100000| Untracked 
|  85|0x00000000c7100000, 0x00000000c7200000, 0x00000000c7200000|100%| O|  |TAMS 0x00000000c7200000| PB 0x00000000c7200000| Untracked 
|  86|0x00000000c7200000, 0x00000000c7300000, 0x00000000c7300000|100%| O|  |TAMS 0x00000000c7300000| PB 0x00000000c7300000| Untracked 
|  87|0x00000000c7300000, 0x00000000c7400000, 0x00000000c7400000|100%| O|  |TAMS 0x00000000c7400000| PB 0x00000000c7400000| Untracked 
|  88|0x00000000c7400000, 0x00000000c7500000, 0x00000000c7500000|100%| O|  |TAMS 0x00000000c7500000| PB 0x00000000c7500000| Untracked 
|  89|0x00000000c7500000, 0x00000000c7600000, 0x00000000c7600000|100%| O|  |TAMS 0x00000000c7600000| PB 0x00000000c7600000| Untracked 
|  90|0x00000000c7600000, 0x00000000c7700000, 0x00000000c7700000|100%| O|  |TAMS 0x00000000c7700000| PB 0x00000000c7700000| Updating 
|  91|0x00000000c7700000, 0x00000000c7800000, 0x00000000c7800000|100%| O|  |TAMS 0x00000000c7800000| PB 0x00000000c7800000| Updating 
|  92|0x00000000c7800000, 0x00000000c7900000, 0x00000000c7900000|100%| O|  |TAMS 0x00000000c7900000| PB 0x00000000c7900000| Updating 
|  93|0x00000000c7900000, 0x00000000c7a00000, 0x00000000c7a00000|100%| O|  |TAMS 0x00000000c7a00000| PB 0x00000000c7a00000| Updating 
|  94|0x00000000c7a00000, 0x00000000c7b00000, 0x00000000c7b00000|100%| O|  |TAMS 0x00000000c7b00000| PB 0x00000000c7b00000| Untracked 
|  95|0x00000000c7b00000, 0x00000000c7c00000, 0x00000000c7c00000|100%| O|  |TAMS 0x00000000c7c00000| PB 0x00000000c7c00000| Untracked 
|  96|0x00000000c7c00000, 0x00000000c7d00000, 0x00000000c7d00000|100%| O|  |TAMS 0x00000000c7d00000| PB 0x00000000c7d00000| Untracked 
|  97|0x00000000c7d00000, 0x00000000c7e00000, 0x00000000c7e00000|100%| O|  |TAMS 0x00000000c7e00000| PB 0x00000000c7e00000| Updating 
|  98|0x00000000c7e00000, 0x00000000c7f00000, 0x00000000c7f00000|100%| O|  |TAMS 0x00000000c7f00000| PB 0x00000000c7f00000| Updating 
|  99|0x00000000c7f00000, 0x00000000c8000000, 0x00000000c8000000|100%| O|  |TAMS 0x00000000c8000000| PB 0x00000000c8000000| Untracked 
| 100|0x00000000c8000000, 0x00000000c8100000, 0x00000000c8100000|100%| O|  |TAMS 0x00000000c8100000| PB 0x00000000c8100000| Untracked 
| 101|0x00000000c8100000, 0x00000000c8200000, 0x00000000c8200000|100%| O|  |TAMS 0x00000000c8200000| PB 0x00000000c8200000| Untracked 
| 102|0x00000000c8200000, 0x00000000c8300000, 0x00000000c8300000|100%| O|  |TAMS 0x00000000c8300000| PB 0x00000000c8300000| Untracked 
| 103|0x00000000c8300000, 0x00000000c8400000, 0x00000000c8400000|100%| O|  |TAMS 0x00000000c8400000| PB 0x00000000c8400000| Untracked 
| 104|0x00000000c8400000, 0x00000000c8500000, 0x00000000c8500000|100%| O|  |TAMS 0x00000000c8500000| PB 0x00000000c8500000| Untracked 
| 105|0x00000000c8500000, 0x00000000c8600000, 0x00000000c8600000|100%| O|  |TAMS 0x00000000c8600000| PB 0x00000000c8600000| Untracked 
| 106|0x00000000c8600000, 0x00000000c8700000, 0x00000000c8700000|100%| O|  |TAMS 0x00000000c8700000| PB 0x00000000c8700000| Untracked 
| 107|0x00000000c8700000, 0x00000000c8800000, 0x00000000c8800000|100%| O|  |TAMS 0x00000000c8800000| PB 0x00000000c8800000| Updating 
| 108|0x00000000c8800000, 0x00000000c8900000, 0x00000000c8900000|100%| O|  |TAMS 0x00000000c8900000| PB 0x00000000c8900000| Updating 
| 109|0x00000000c8900000, 0x00000000c8a00000, 0x00000000c8a00000|100%|HS|  |TAMS 0x00000000c8a00000| PB 0x00000000c8900000| Complete 
| 110|0x00000000c8a00000, 0x00000000c8b00000, 0x00000000c8b00000|100%|HS|  |TAMS 0x00000000c8b00000| PB 0x00000000c8a00000| Complete 
| 111|0x00000000c8b00000, 0x00000000c8c00000, 0x00000000c8c00000|100%|HS|  |TAMS 0x00000000c8c00000| PB 0x00000000c8b00000| Complete 
| 112|0x00000000c8c00000, 0x00000000c8d00000, 0x00000000c8d00000|100%|HS|  |TAMS 0x00000000c8d00000| PB 0x00000000c8c00000| Complete 
| 113|0x00000000c8d00000, 0x00000000c8e00000, 0x00000000c8e00000|100%|HS|  |TAMS 0x00000000c8e00000| PB 0x00000000c8d00000| Complete 
| 114|0x00000000c8e00000, 0x00000000c8f00000, 0x00000000c8f00000|100%|HS|  |TAMS 0x00000000c8f00000| PB 0x00000000c8e00000| Complete 
| 115|0x00000000c8f00000, 0x00000000c8f00000, 0x00000000c9000000|  0%| F|  |TAMS 0x00000000c8f00000| PB 0x00000000c8f00000| Untracked 
| 116|0x00000000c9000000, 0x00000000c9100000, 0x00000000c9100000|100%|HS|  |TAMS 0x00000000c9100000| PB 0x00000000c9000000| Complete 
| 117|0x00000000c9100000, 0x00000000c9200000, 0x00000000c9200000|100%|HC|  |TAMS 0x00000000c9200000| PB 0x00000000c9100000| Complete 
| 118|0x00000000c9200000, 0x00000000c9300000, 0x00000000c9300000|100%| O|  |TAMS 0x00000000c9200000| PB 0x00000000c9200000| Untracked 
| 119|0x00000000c9300000, 0x00000000c9400000, 0x00000000c9400000|100%| O|  |TAMS 0x00000000c9300000| PB 0x00000000c9300000| Untracked 
| 120|0x00000000c9400000, 0x00000000c9500000, 0x00000000c9500000|100%| O|  |TAMS 0x00000000c9400000| PB 0x00000000c9400000| Untracked 
| 121|0x00000000c9500000, 0x00000000c9600000, 0x00000000c9600000|100%| O|  |TAMS 0x00000000c9500000| PB 0x00000000c9500000| Untracked 
| 122|0x00000000c9600000, 0x00000000c9700000, 0x00000000c9700000|100%| O|  |TAMS 0x00000000c9700000| PB 0x00000000c9700000| Untracked 
| 123|0x00000000c9700000, 0x00000000c9800000, 0x00000000c9800000|100%| O|  |TAMS 0x00000000c9800000| PB 0x00000000c9800000| Untracked 
| 124|0x00000000c9800000, 0x00000000c9900000, 0x00000000c9900000|100%| O|  |TAMS 0x00000000c9900000| PB 0x00000000c9900000| Untracked 
| 125|0x00000000c9900000, 0x00000000c9a00000, 0x00000000c9a00000|100%| O|  |TAMS 0x00000000c9a00000| PB 0x00000000c9a00000| Untracked 
| 126|0x00000000c9a00000, 0x00000000c9b00000, 0x00000000c9b00000|100%| O|  |TAMS 0x00000000c9b00000| PB 0x00000000c9b00000| Untracked 
| 127|0x00000000c9b00000, 0x00000000c9c00000, 0x00000000c9c00000|100%| O|  |TAMS 0x00000000c9c00000| PB 0x00000000c9c00000| Untracked 
| 128|0x00000000c9c00000, 0x00000000c9d00000, 0x00000000c9d00000|100%| O|  |TAMS 0x00000000c9d00000| PB 0x00000000c9d00000| Untracked 
| 129|0x00000000c9d00000, 0x00000000c9e00000, 0x00000000c9e00000|100%| O|  |TAMS 0x00000000c9e00000| PB 0x00000000c9e00000| Untracked 
| 130|0x00000000c9e00000, 0x00000000c9f00000, 0x00000000c9f00000|100%| O|  |TAMS 0x00000000c9f00000| PB 0x00000000c9f00000| Updating 
| 131|0x00000000c9f00000, 0x00000000ca000000, 0x00000000ca000000|100%| O|  |TAMS 0x00000000ca000000| PB 0x00000000ca000000| Updating 
| 132|0x00000000ca000000, 0x00000000ca000000, 0x00000000ca100000|  0%| F|  |TAMS 0x00000000ca000000| PB 0x00000000ca000000| Untracked 
| 133|0x00000000ca100000, 0x00000000ca200000, 0x00000000ca200000|100%| O|  |TAMS 0x00000000ca200000| PB 0x00000000ca200000| Updating 
| 134|0x00000000ca200000, 0x00000000ca300000, 0x00000000ca300000|100%| O|  |TAMS 0x00000000ca200000| PB 0x00000000ca200000| Untracked 
| 135|0x00000000ca300000, 0x00000000ca400000, 0x00000000ca400000|100%| O|  |TAMS 0x00000000ca300000| PB 0x00000000ca300000| Untracked 
| 136|0x00000000ca400000, 0x00000000ca500000, 0x00000000ca500000|100%| O|  |TAMS 0x00000000ca400000| PB 0x00000000ca400000| Untracked 
| 137|0x00000000ca500000, 0x00000000ca600000, 0x00000000ca600000|100%| O|  |TAMS 0x00000000ca500000| PB 0x00000000ca500000| Untracked 
| 138|0x00000000ca600000, 0x00000000ca700000, 0x00000000ca700000|100%| O|  |TAMS 0x00000000ca600000| PB 0x00000000ca600000| Untracked 
| 139|0x00000000ca700000, 0x00000000ca800000, 0x00000000ca800000|100%| O|  |TAMS 0x00000000ca700000| PB 0x00000000ca700000| Untracked 
| 140|0x00000000ca800000, 0x00000000ca900000, 0x00000000ca900000|100%| O|  |TAMS 0x00000000ca800000| PB 0x00000000ca800000| Untracked 
| 141|0x00000000ca900000, 0x00000000caa00000, 0x00000000caa00000|100%| O|  |TAMS 0x00000000ca900000| PB 0x00000000ca900000| Untracked 
| 142|0x00000000caa00000, 0x00000000cab00000, 0x00000000cab00000|100%|HS|  |TAMS 0x00000000caa00000| PB 0x00000000caa00000| Complete 
| 143|0x00000000cab00000, 0x00000000cac00000, 0x00000000cac00000|100%|HS|  |TAMS 0x00000000cab00000| PB 0x00000000cab00000| Complete 
| 144|0x00000000cac00000, 0x00000000cad00000, 0x00000000cad00000|100%| O|  |TAMS 0x00000000cac00000| PB 0x00000000cac00000| Untracked 
| 145|0x00000000cad00000, 0x00000000cae00000, 0x00000000cae00000|100%| O|  |TAMS 0x00000000cad00000| PB 0x00000000cad00000| Untracked 
| 146|0x00000000cae00000, 0x00000000caf00000, 0x00000000caf00000|100%| O|  |TAMS 0x00000000cae00000| PB 0x00000000cae00000| Untracked 
| 147|0x00000000caf00000, 0x00000000cb000000, 0x00000000cb000000|100%| O|  |TAMS 0x00000000caf00000| PB 0x00000000caf00000| Untracked 
| 148|0x00000000cb000000, 0x00000000cb060a78, 0x00000000cb100000| 37%| O|  |TAMS 0x00000000cb000000| PB 0x00000000cb000000| Updating 
| 149|0x00000000cb100000, 0x00000000cb100000, 0x00000000cb200000|  0%| F|  |TAMS 0x00000000cb100000| PB 0x00000000cb100000| Untracked 
| 150|0x00000000cb200000, 0x00000000cb200000, 0x00000000cb300000|  0%| F|  |TAMS 0x00000000cb200000| PB 0x00000000cb200000| Untracked 
| 151|0x00000000cb300000, 0x00000000cb300000, 0x00000000cb400000|  0%| F|  |TAMS 0x00000000cb300000| PB 0x00000000cb300000| Untracked 
| 152|0x00000000cb400000, 0x00000000cb400000, 0x00000000cb500000|  0%| F|  |TAMS 0x00000000cb400000| PB 0x00000000cb400000| Untracked 
| 153|0x00000000cb500000, 0x00000000cb500000, 0x00000000cb600000|  0%| F|  |TAMS 0x00000000cb500000| PB 0x00000000cb500000| Untracked 
| 154|0x00000000cb600000, 0x00000000cb600000, 0x00000000cb700000|  0%| F|  |TAMS 0x00000000cb600000| PB 0x00000000cb600000| Untracked 
| 155|0x00000000cb700000, 0x00000000cb700000, 0x00000000cb800000|  0%| F|  |TAMS 0x00000000cb700000| PB 0x00000000cb700000| Untracked 
| 156|0x00000000cb800000, 0x00000000cb800000, 0x00000000cb900000|  0%| F|  |TAMS 0x00000000cb800000| PB 0x00000000cb800000| Untracked 
| 157|0x00000000cb900000, 0x00000000cb900000, 0x00000000cba00000|  0%| F|  |TAMS 0x00000000cb900000| PB 0x00000000cb900000| Untracked 
| 158|0x00000000cba00000, 0x00000000cba00000, 0x00000000cbb00000|  0%| F|  |TAMS 0x00000000cba00000| PB 0x00000000cba00000| Untracked 
| 159|0x00000000cbb00000, 0x00000000cbb00000, 0x00000000cbc00000|  0%| F|  |TAMS 0x00000000cbb00000| PB 0x00000000cbb00000| Untracked 
| 160|0x00000000cbc00000, 0x00000000cbc00000, 0x00000000cbd00000|  0%| F|  |TAMS 0x00000000cbc00000| PB 0x00000000cbc00000| Untracked 
| 161|0x00000000cbd00000, 0x00000000cbd00000, 0x00000000cbe00000|  0%| F|  |TAMS 0x00000000cbd00000| PB 0x00000000cbd00000| Untracked 
| 162|0x00000000cbe00000, 0x00000000cbe00000, 0x00000000cbf00000|  0%| F|  |TAMS 0x00000000cbe00000| PB 0x00000000cbe00000| Untracked 
| 163|0x00000000cbf00000, 0x00000000cbf00000, 0x00000000cc000000|  0%| F|  |TAMS 0x00000000cbf00000| PB 0x00000000cbf00000| Untracked 
| 164|0x00000000cc000000, 0x00000000cc000000, 0x00000000cc100000|  0%| F|  |TAMS 0x00000000cc000000| PB 0x00000000cc000000| Untracked 
| 165|0x00000000cc100000, 0x00000000cc100000, 0x00000000cc200000|  0%| F|  |TAMS 0x00000000cc100000| PB 0x00000000cc100000| Untracked 
| 166|0x00000000cc200000, 0x00000000cc200000, 0x00000000cc300000|  0%| F|  |TAMS 0x00000000cc200000| PB 0x00000000cc200000| Untracked 
| 167|0x00000000cc300000, 0x00000000cc300000, 0x00000000cc400000|  0%| F|  |TAMS 0x00000000cc300000| PB 0x00000000cc300000| Untracked 
| 168|0x00000000cc400000, 0x00000000cc400000, 0x00000000cc500000|  0%| F|  |TAMS 0x00000000cc400000| PB 0x00000000cc400000| Untracked 
| 169|0x00000000cc500000, 0x00000000cc600000, 0x00000000cc600000|100%|HS|  |TAMS 0x00000000cc600000| PB 0x00000000cc500000| Complete 
| 170|0x00000000cc600000, 0x00000000cc700000, 0x00000000cc700000|100%|HC|  |TAMS 0x00000000cc700000| PB 0x00000000cc600000| Complete 
| 171|0x00000000cc700000, 0x00000000cc700000, 0x00000000cc800000|  0%| F|  |TAMS 0x00000000cc700000| PB 0x00000000cc700000| Untracked 
| 172|0x00000000cc800000, 0x00000000cc800000, 0x00000000cc900000|  0%| F|  |TAMS 0x00000000cc800000| PB 0x00000000cc800000| Untracked 
| 173|0x00000000cc900000, 0x00000000cc900000, 0x00000000cca00000|  0%| F|  |TAMS 0x00000000cc900000| PB 0x00000000cc900000| Untracked 
| 174|0x00000000cca00000, 0x00000000cca00000, 0x00000000ccb00000|  0%| F|  |TAMS 0x00000000cca00000| PB 0x00000000cca00000| Untracked 
| 175|0x00000000ccb00000, 0x00000000ccb00000, 0x00000000ccc00000|  0%| F|  |TAMS 0x00000000ccb00000| PB 0x00000000ccb00000| Untracked 
| 176|0x00000000ccc00000, 0x00000000ccc00000, 0x00000000ccd00000|  0%| F|  |TAMS 0x00000000ccc00000| PB 0x00000000ccc00000| Untracked 
| 177|0x00000000ccd00000, 0x00000000ccd00000, 0x00000000cce00000|  0%| F|  |TAMS 0x00000000ccd00000| PB 0x00000000ccd00000| Untracked 
| 178|0x00000000cce00000, 0x00000000cce00000, 0x00000000ccf00000|  0%| F|  |TAMS 0x00000000cce00000| PB 0x00000000cce00000| Untracked 
| 179|0x00000000ccf00000, 0x00000000ccfc2840, 0x00000000cd000000| 75%| S|CS|TAMS 0x00000000ccf00000| PB 0x00000000ccf00000| Complete 
| 180|0x00000000cd000000, 0x00000000cd100000, 0x00000000cd100000|100%| S|CS|TAMS 0x00000000cd000000| PB 0x00000000cd000000| Complete 
| 181|0x00000000cd100000, 0x00000000cd200000, 0x00000000cd200000|100%| S|CS|TAMS 0x00000000cd100000| PB 0x00000000cd100000| Complete 
| 182|0x00000000cd200000, 0x00000000cd300000, 0x00000000cd300000|100%| S|CS|TAMS 0x00000000cd200000| PB 0x00000000cd200000| Complete 
| 183|0x00000000cd300000, 0x00000000cd400000, 0x00000000cd400000|100%| S|CS|TAMS 0x00000000cd300000| PB 0x00000000cd300000| Complete 
| 184|0x00000000cd400000, 0x00000000cd400000, 0x00000000cd500000|  0%| F|  |TAMS 0x00000000cd400000| PB 0x00000000cd400000| Untracked 
| 185|0x00000000cd500000, 0x00000000cd500000, 0x00000000cd600000|  0%| F|  |TAMS 0x00000000cd500000| PB 0x00000000cd500000| Untracked 
| 186|0x00000000cd600000, 0x00000000cd600000, 0x00000000cd700000|  0%| F|  |TAMS 0x00000000cd600000| PB 0x00000000cd600000| Untracked 
| 187|0x00000000cd700000, 0x00000000cd700000, 0x00000000cd800000|  0%| F|  |TAMS 0x00000000cd700000| PB 0x00000000cd700000| Untracked 
| 188|0x00000000cd800000, 0x00000000cd800000, 0x00000000cd900000|  0%| F|  |TAMS 0x00000000cd800000| PB 0x00000000cd800000| Untracked 
| 189|0x00000000cd900000, 0x00000000cda00000, 0x00000000cda00000|100%| S|CS|TAMS 0x00000000cd900000| PB 0x00000000cd900000| Complete 
| 190|0x00000000cda00000, 0x00000000cda00000, 0x00000000cdb00000|  0%| F|  |TAMS 0x00000000cda00000| PB 0x00000000cda00000| Untracked 
| 191|0x00000000cdb00000, 0x00000000cdb00000, 0x00000000cdc00000|  0%| F|  |TAMS 0x00000000cdb00000| PB 0x00000000cdb00000| Untracked 
| 192|0x00000000cdc00000, 0x00000000cdc00000, 0x00000000cdd00000|  0%| F|  |TAMS 0x00000000cdc00000| PB 0x00000000cdc00000| Untracked 
| 193|0x00000000cdd00000, 0x00000000cdd00000, 0x00000000cde00000|  0%| F|  |TAMS 0x00000000cdd00000| PB 0x00000000cdd00000| Untracked 
| 194|0x00000000cde00000, 0x00000000cde00000, 0x00000000cdf00000|  0%| F|  |TAMS 0x00000000cde00000| PB 0x00000000cde00000| Untracked 
| 195|0x00000000cdf00000, 0x00000000cdf00000, 0x00000000ce000000|  0%| F|  |TAMS 0x00000000cdf00000| PB 0x00000000cdf00000| Untracked 
| 196|0x00000000ce000000, 0x00000000ce000000, 0x00000000ce100000|  0%| F|  |TAMS 0x00000000ce000000| PB 0x00000000ce000000| Untracked 
| 197|0x00000000ce100000, 0x00000000ce100000, 0x00000000ce200000|  0%| F|  |TAMS 0x00000000ce100000| PB 0x00000000ce100000| Untracked 
| 198|0x00000000ce200000, 0x00000000ce200000, 0x00000000ce300000|  0%| F|  |TAMS 0x00000000ce200000| PB 0x00000000ce200000| Untracked 
| 199|0x00000000ce300000, 0x00000000ce400000, 0x00000000ce400000|100%| E|  |TAMS 0x00000000ce300000| PB 0x00000000ce300000| Complete 
| 200|0x00000000ce400000, 0x00000000ce500000, 0x00000000ce500000|100%| E|CS|TAMS 0x00000000ce400000| PB 0x00000000ce400000| Complete 
| 201|0x00000000ce500000, 0x00000000ce600000, 0x00000000ce600000|100%| E|CS|TAMS 0x00000000ce500000| PB 0x00000000ce500000| Complete 
| 202|0x00000000ce600000, 0x00000000ce700000, 0x00000000ce700000|100%| E|CS|TAMS 0x00000000ce600000| PB 0x00000000ce600000| Complete 
| 203|0x00000000ce700000, 0x00000000ce800000, 0x00000000ce800000|100%| E|CS|TAMS 0x00000000ce700000| PB 0x00000000ce700000| Complete 
| 204|0x00000000ce800000, 0x00000000ce900000, 0x00000000ce900000|100%| E|CS|TAMS 0x00000000ce800000| PB 0x00000000ce800000| Complete 
| 205|0x00000000ce900000, 0x00000000cea00000, 0x00000000cea00000|100%| E|CS|TAMS 0x00000000ce900000| PB 0x00000000ce900000| Complete 
| 206|0x00000000cea00000, 0x00000000ceb00000, 0x00000000ceb00000|100%| E|CS|TAMS 0x00000000cea00000| PB 0x00000000cea00000| Complete 
| 207|0x00000000ceb00000, 0x00000000cec00000, 0x00000000cec00000|100%| E|CS|TAMS 0x00000000ceb00000| PB 0x00000000ceb00000| Complete 
| 208|0x00000000cec00000, 0x00000000ced00000, 0x00000000ced00000|100%| E|CS|TAMS 0x00000000cec00000| PB 0x00000000cec00000| Complete 
| 209|0x00000000ced00000, 0x00000000cee00000, 0x00000000cee00000|100%| E|CS|TAMS 0x00000000ced00000| PB 0x00000000ced00000| Complete 
| 210|0x00000000cee00000, 0x00000000cef00000, 0x00000000cef00000|100%| E|CS|TAMS 0x00000000cee00000| PB 0x00000000cee00000| Complete 
| 211|0x00000000cef00000, 0x00000000cf000000, 0x00000000cf000000|100%| E|CS|TAMS 0x00000000cef00000| PB 0x00000000cef00000| Complete 
| 212|0x00000000cf000000, 0x00000000cf100000, 0x00000000cf100000|100%| E|CS|TAMS 0x00000000cf000000| PB 0x00000000cf000000| Complete 
| 213|0x00000000cf100000, 0x00000000cf200000, 0x00000000cf200000|100%| E|CS|TAMS 0x00000000cf100000| PB 0x00000000cf100000| Complete 
| 214|0x00000000cf200000, 0x00000000cf300000, 0x00000000cf300000|100%| E|CS|TAMS 0x00000000cf200000| PB 0x00000000cf200000| Complete 
| 215|0x00000000cf300000, 0x00000000cf400000, 0x00000000cf400000|100%| E|CS|TAMS 0x00000000cf300000| PB 0x00000000cf300000| Complete 
| 216|0x00000000cf400000, 0x00000000cf500000, 0x00000000cf500000|100%| E|CS|TAMS 0x00000000cf400000| PB 0x00000000cf400000| Complete 
| 217|0x00000000cf500000, 0x00000000cf600000, 0x00000000cf600000|100%| E|CS|TAMS 0x00000000cf500000| PB 0x00000000cf500000| Complete 
| 218|0x00000000cf600000, 0x00000000cf700000, 0x00000000cf700000|100%| E|CS|TAMS 0x00000000cf600000| PB 0x00000000cf600000| Complete 
| 219|0x00000000cf700000, 0x00000000cf800000, 0x00000000cf800000|100%| E|CS|TAMS 0x00000000cf700000| PB 0x00000000cf700000| Complete 
| 220|0x00000000cf800000, 0x00000000cf900000, 0x00000000cf900000|100%| E|CS|TAMS 0x00000000cf800000| PB 0x00000000cf800000| Complete 
| 221|0x00000000cf900000, 0x00000000cfa00000, 0x00000000cfa00000|100%| E|CS|TAMS 0x00000000cf900000| PB 0x00000000cf900000| Complete 
| 222|0x00000000cfa00000, 0x00000000cfb00000, 0x00000000cfb00000|100%| E|CS|TAMS 0x00000000cfa00000| PB 0x00000000cfa00000| Complete 
| 223|0x00000000cfb00000, 0x00000000cfc00000, 0x00000000cfc00000|100%| E|CS|TAMS 0x00000000cfb00000| PB 0x00000000cfb00000| Complete 
| 224|0x00000000cfc00000, 0x00000000cfd00000, 0x00000000cfd00000|100%| E|CS|TAMS 0x00000000cfc00000| PB 0x00000000cfc00000| Complete 
| 225|0x00000000cfd00000, 0x00000000cfe00000, 0x00000000cfe00000|100%| E|CS|TAMS 0x00000000cfd00000| PB 0x00000000cfd00000| Complete 
| 226|0x00000000cfe00000, 0x00000000cff00000, 0x00000000cff00000|100%| E|CS|TAMS 0x00000000cfe00000| PB 0x00000000cfe00000| Complete 
| 227|0x00000000cff00000, 0x00000000d0000000, 0x00000000d0000000|100%| E|CS|TAMS 0x00000000cff00000| PB 0x00000000cff00000| Complete 
| 957|0x00000000fd900000, 0x00000000fda00000, 0x00000000fda00000|100%| O|  |TAMS 0x00000000fd980000| PB 0x00000000fd980000| Updating 
| 958|0x00000000fda00000, 0x00000000fdb00000, 0x00000000fdb00000|100%| O|  |TAMS 0x00000000fdb00000| PB 0x00000000fdb00000| Updating 
| 959|0x00000000fdb00000, 0x00000000fdc00000, 0x00000000fdc00000|100%| O|  |TAMS 0x00000000fdc00000| PB 0x00000000fdc00000| Untracked 
| 960|0x00000000fdc00000, 0x00000000fdd00000, 0x00000000fdd00000|100%| O|  |TAMS 0x00000000fdd00000| PB 0x00000000fdd00000| Untracked 
| 961|0x00000000fdd00000, 0x00000000fde00000, 0x00000000fde00000|100%| O|  |TAMS 0x00000000fde00000| PB 0x00000000fde00000| Untracked 
| 962|0x00000000fde00000, 0x00000000fdf00000, 0x00000000fdf00000|100%| O|  |TAMS 0x00000000fdf00000| PB 0x00000000fdf00000| Untracked 
| 963|0x00000000fdf00000, 0x00000000fe000000, 0x00000000fe000000|100%| O|  |TAMS 0x00000000fe000000| PB 0x00000000fe000000| Untracked 
| 964|0x00000000fe000000, 0x00000000fe100000, 0x00000000fe100000|100%| O|  |TAMS 0x00000000fe100000| PB 0x00000000fe100000| Untracked 
| 965|0x00000000fe100000, 0x00000000fe200000, 0x00000000fe200000|100%| O|  |TAMS 0x00000000fe200000| PB 0x00000000fe200000| Untracked 
| 966|0x00000000fe200000, 0x00000000fe300000, 0x00000000fe300000|100%| O|  |TAMS 0x00000000fe300000| PB 0x00000000fe300000| Untracked 
| 967|0x00000000fe300000, 0x00000000fe400000, 0x00000000fe400000|100%| O|  |TAMS 0x00000000fe400000| PB 0x00000000fe400000| Untracked 
| 968|0x00000000fe400000, 0x00000000fe500000, 0x00000000fe500000|100%| O|  |TAMS 0x00000000fe500000| PB 0x00000000fe500000| Untracked 
| 969|0x00000000fe500000, 0x00000000fe600000, 0x00000000fe600000|100%| O|  |TAMS 0x00000000fe600000| PB 0x00000000fe600000| Untracked 
| 970|0x00000000fe600000, 0x00000000fe700000, 0x00000000fe700000|100%| O|  |TAMS 0x00000000fe700000| PB 0x00000000fe700000| Untracked 
| 971|0x00000000fe700000, 0x00000000fe800000, 0x00000000fe800000|100%| O|  |TAMS 0x00000000fe800000| PB 0x00000000fe800000| Untracked 
| 972|0x00000000fe800000, 0x00000000fe900000, 0x00000000fe900000|100%| O|  |TAMS 0x00000000fe900000| PB 0x00000000fe900000| Untracked 
| 973|0x00000000fe900000, 0x00000000fea00000, 0x00000000fea00000|100%| O|  |TAMS 0x00000000fea00000| PB 0x00000000fea00000| Untracked 
| 974|0x00000000fea00000, 0x00000000feb00000, 0x00000000feb00000|100%| O|  |TAMS 0x00000000feb00000| PB 0x00000000feb00000| Untracked 
| 975|0x00000000feb00000, 0x00000000fec00000, 0x00000000fec00000|100%| O|  |TAMS 0x00000000fec00000| PB 0x00000000fec00000| Untracked 
| 976|0x00000000fec00000, 0x00000000fed00000, 0x00000000fed00000|100%| O|  |TAMS 0x00000000fed00000| PB 0x00000000fed00000| Untracked 
| 977|0x00000000fed00000, 0x00000000fee00000, 0x00000000fee00000|100%| O|  |TAMS 0x00000000fee00000| PB 0x00000000fee00000| Untracked 
| 978|0x00000000fee00000, 0x00000000fef00000, 0x00000000fef00000|100%| O|  |TAMS 0x00000000fef00000| PB 0x00000000fef00000| Untracked 
| 979|0x00000000fef00000, 0x00000000ff000000, 0x00000000ff000000|100%| O|  |TAMS 0x00000000ff000000| PB 0x00000000ff000000| Untracked 
| 980|0x00000000ff000000, 0x00000000ff100000, 0x00000000ff100000|100%| O|  |TAMS 0x00000000ff100000| PB 0x00000000ff100000| Untracked 
| 981|0x00000000ff100000, 0x00000000ff200000, 0x00000000ff200000|100%| O|  |TAMS 0x00000000ff200000| PB 0x00000000ff200000| Untracked 
| 982|0x00000000ff200000, 0x00000000ff300000, 0x00000000ff300000|100%| O|  |TAMS 0x00000000ff300000| PB 0x00000000ff300000| Untracked 
| 983|0x00000000ff300000, 0x00000000ff400000, 0x00000000ff400000|100%| O|  |TAMS 0x00000000ff400000| PB 0x00000000ff400000| Untracked 
| 984|0x00000000ff400000, 0x00000000ff500000, 0x00000000ff500000|100%| O|  |TAMS 0x00000000ff500000| PB 0x00000000ff500000| Untracked 
| 985|0x00000000ff500000, 0x00000000ff600000, 0x00000000ff600000|100%| O|  |TAMS 0x00000000ff600000| PB 0x00000000ff600000| Untracked 
| 986|0x00000000ff600000, 0x00000000ff700000, 0x00000000ff700000|100%| O|  |TAMS 0x00000000ff700000| PB 0x00000000ff700000| Untracked 
| 987|0x00000000ff700000, 0x00000000ff800000, 0x00000000ff800000|100%| O|  |TAMS 0x00000000ff800000| PB 0x00000000ff800000| Untracked 
| 988|0x00000000ff800000, 0x00000000ff900000, 0x00000000ff900000|100%| O|  |TAMS 0x00000000ff900000| PB 0x00000000ff900000| Untracked 
| 989|0x00000000ff900000, 0x00000000ffa00000, 0x00000000ffa00000|100%| O|  |TAMS 0x00000000ffa00000| PB 0x00000000ffa00000| Untracked 
| 990|0x00000000ffa00000, 0x00000000ffb00000, 0x00000000ffb00000|100%| O|  |TAMS 0x00000000ffb00000| PB 0x00000000ffb00000| Untracked 
| 991|0x00000000ffb00000, 0x00000000ffc00000, 0x00000000ffc00000|100%| O|  |TAMS 0x00000000ffc00000| PB 0x00000000ffc00000| Untracked 
| 992|0x00000000ffc00000, 0x00000000ffd00000, 0x00000000ffd00000|100%| O|  |TAMS 0x00000000ffd00000| PB 0x00000000ffd00000| Untracked 
| 993|0x00000000ffd00000, 0x00000000ffe00000, 0x00000000ffe00000|100%| O|  |TAMS 0x00000000ffe00000| PB 0x00000000ffe00000| Updating 
| 994|0x00000000ffe00000, 0x00000000fff00000, 0x00000000fff00000|100%| O|  |TAMS 0x00000000fff00000| PB 0x00000000fff00000| Updating 
| 995|0x00000000fff00000, 0x0000000100000000, 0x0000000100000000|100%| O|  |TAMS 0x0000000100000000| PB 0x0000000100000000| Untracked 

Card table byte_map: [0x000001a6f0f80000,0x000001a6f1180000] _byte_map_base: 0x000001a6f0972000

Marking Bits: (CMBitMap*) 0x000001a6d8df0760
 Bits: [0x000001a6f1180000, 0x000001a6f2110000)

Polling page: 0x000001a6d8d10000

Metaspace:

Usage:
  Non-class:     17.09 MB used.
      Class:      2.16 MB used.
       Both:     19.25 MB used.

Virtual space:
  Non-class space:       64.00 MB reserved,      17.31 MB ( 27%) committed,  1 nodes.
      Class space:        1.00 GB reserved,       2.38 MB ( <1%) committed,  1 nodes.
             Both:        1.06 GB reserved,      19.69 MB (  2%) committed. 

Chunk freelists:
   Non-Class:  13.94 MB
       Class:  13.51 MB
        Both:  27.45 MB

MaxMetaspaceSize: unlimited
CompressedClassSpaceSize: 1.00 GB
Initial GC threshold: 21.00 MB
Current GC threshold: 29.19 MB
CDS: on
 - commit_granule_bytes: 65536.
 - commit_granule_words: 8192.
 - virtual_space_node_default_size: 8388608.
 - enlarge_chunks_in_place: 1.
 - use_allocation_guard: 0.


Internal statistics:

num_allocs_failed_limit: 0.
num_arena_births: 428.
num_arena_deaths: 68.
num_vsnodes_births: 2.
num_vsnodes_deaths: 0.
num_space_committed: 314.
num_space_uncommitted: 0.
num_chunks_returned_to_freelist: 96.
num_chunks_taken_from_freelist: 1033.
num_chunk_merges: 24.
num_chunk_splits: 623.
num_chunks_enlarged: 375.
num_inconsistent_stats: 0.

CodeHeap 'non-profiled nmethods': size=120000Kb used=2653Kb max_used=3384Kb free=117346Kb
 bounds [0x000001a6e9230000, 0x000001a6e9580000, 0x000001a6f0760000]
CodeHeap 'profiled nmethods': size=120000Kb used=7147Kb max_used=9019Kb free=112852Kb
 bounds [0x000001a6e1760000, 0x000001a6e2030000, 0x000001a6e8c90000]
CodeHeap 'non-nmethods': size=5760Kb used=1557Kb max_used=1593Kb free=4202Kb
 bounds [0x000001a6e8c90000, 0x000001a6e8f00000, 0x000001a6e9230000]
 total_blobs=4254 nmethods=3636 adapters=521
 compilation: enabled
              stopped_count=0, restarted_count=0
 full_count=0

Compilation events (20 events):
Event: 50.165 Thread 0x000001a6f46b8e40 4604       2       org.languagetool.JLanguageTool$$Lambda/0x000001a68123c910::test (12 bytes)
Event: 50.165 Thread 0x000001a6f46b8e40 nmethod 4604 0x000001a6e2028410 code [0x000001a6e20285c0, 0x000001a6e2028728]
Event: 50.166 Thread 0x000001a6f46b8e40 4603       2       java.lang.invoke.LambdaProxyClassArchive::find (63 bytes)
Event: 50.166 Thread 0x000001a6f46b8e40 nmethod 4603 0x000001a6e2028810 code [0x000001a6e20289e0, 0x000001a6e2028c68]
Event: 50.166 Thread 0x000001a6f46b8e40 4602       2       java.lang.Module::isStaticallyExportedOrOpen (70 bytes)
Event: 50.166 Thread 0x000001a6f46ae2d0 4606 %     4       java.util.ArrayList$ArrayListSpliterator::forEachRemaining @ 81 (127 bytes)
Event: 50.167 Thread 0x000001a6f46b8e40 nmethod 4602 0x000001a6e2028e10 code [0x000001a6e2029000, 0x000001a6e2029318]
Event: 50.168 Thread 0x000001a6f46b8e40 4607       2       sun.invoke.util.VerifyAccess::isModuleAccessible (97 bytes)
Event: 50.169 Thread 0x000001a6f46b8e40 nmethod 4607 0x000001a6e2029490 code [0x000001a6e20296e0, 0x000001a6e2029ce8]
Event: 50.170 Thread 0x000001a6f46b8e40 4608 %     3       org.languagetool.rules.patterns.RuleSet::hinted @ 34 (241 bytes)
Event: 50.170 Thread 0x000001a6f46ae2d0 nmethod 4606% 0x000001a6e957db90 code [0x000001a6e957dd40, 0x000001a6e957df80]
Event: 50.170 Thread 0x000001a6f46ae2d0 4519       4       it.unimi.dsi.fastutil.objects.Object2ObjectOpenHashMap::rehash (175 bytes)
Event: 50.173 Thread 0x000001a6f46b8e40 nmethod 4608% 0x000001a6e202a010 code [0x000001a6e202a3e0, 0x000001a6e202c458]
Event: 50.180 Thread 0x000001a6f46b8e40 4609 %     3       java.util.regex.Matcher::match @ 46 (154 bytes)
Event: 50.180 Thread 0x000001a6f46b8e40 nmethod 4609% 0x000001a6e202cf10 code [0x000001a6e202d100, 0x000001a6e202d750]
Event: 50.181 Thread 0x000001a6f46b8e40 4610       3       java.util.regex.Matcher::match (154 bytes)
Event: 50.181 Thread 0x000001a6f46b8e40 nmethod 4610 0x000001a6e202d990 code [0x000001a6e202db80, 0x000001a6e202e108]
Event: 50.183 Thread 0x000001a6f46b8e40 4611       3       java.util.regex.Matcher::reset (128 bytes)
Event: 50.184 Thread 0x000001a6f46b8e40 nmethod 4611 0x000001a6e202e310 code [0x000001a6e202e500, 0x000001a6e202eab0]
Event: 50.184 Thread 0x000001a6f46b8e40 4612       3       org.languagetool.rules.patterns.RuleSet::hinted (241 bytes)

GC Heap History (20 events):
Event: 9.976 GC heap before
{Heap before GC invocations=9 (full 0):
 garbage-first heap   total 112640K, used 89088K [0x00000000c1c00000, 0x0000000100000000)
  region size 1024K, 37 young (37888K), 5 survivors (5120K)
 Metaspace       used 10460K, committed 10624K, reserved 1114112K
  class space    used 1188K, committed 1280K, reserved 1048576K
}
Event: 10.011 GC heap after
{Heap after GC invocations=10 (full 0):
 garbage-first heap   total 225280K, used 62976K [0x00000000c1c00000, 0x0000000100000000)
  region size 1024K, 5 young (5120K), 5 survivors (5120K)
 Metaspace       used 10460K, committed 10624K, reserved 1114112K
  class space    used 1188K, committed 1280K, reserved 1048576K
}
Event: 43.583 GC heap before
{Heap before GC invocations=11 (full 0):
 garbage-first heap   total 225280K, used 159232K [0x00000000c1c00000, 0x0000000100000000)
  region size 1024K, 101 young (103424K), 5 survivors (5120K)
 Metaspace       used 17111K, committed 17472K, reserved 1114112K
  class space    used 1901K, committed 2048K, reserved 1048576K
}
Event: 43.629 GC heap after
{Heap after GC invocations=12 (full 0):
 garbage-first heap   total 225280K, used 90624K [0x00000000c1c00000, 0x0000000100000000)
  region size 1024K, 13 young (13312K), 13 survivors (13312K)
 Metaspace       used 17111K, committed 17472K, reserved 1114112K
  class space    used 1901K, committed 2048K, reserved 1048576K
}
Event: 44.587 GC heap before
{Heap before GC invocations=12 (full 0):
 garbage-first heap   total 225280K, used 167424K [0x00000000c1c00000, 0x0000000100000000)
  region size 1024K, 84 young (86016K), 13 survivors (13312K)
 Metaspace       used 17409K, committed 17664K, reserved 1114112K
  class space    used 1934K, committed 2048K, reserved 1048576K
}
Event: 44.620 GC heap after
{Heap after GC invocations=13 (full 0):
 garbage-first heap   total 225280K, used 101376K [0x00000000c1c00000, 0x0000000100000000)
  region size 1024K, 9 young (9216K), 9 survivors (9216K)
 Metaspace       used 17409K, committed 17664K, reserved 1114112K
  class space    used 1934K, committed 2048K, reserved 1048576K
}
Event: 45.626 GC heap before
{Heap before GC invocations=13 (full 0):
 garbage-first heap   total 225280K, used 174080K [0x00000000c1c00000, 0x0000000100000000)
  region size 1024K, 80 young (81920K), 9 survivors (9216K)
 Metaspace       used 17450K, committed 17856K, reserved 1114112K
  class space    used 1937K, committed 2112K, reserved 1048576K
}
Event: 45.652 GC heap after
{Heap after GC invocations=14 (full 0):
 garbage-first heap   total 225280K, used 111477K [0x00000000c1c00000, 0x0000000100000000)
  region size 1024K, 10 young (10240K), 10 survivors (10240K)
 Metaspace       used 17450K, committed 17856K, reserved 1114112K
  class space    used 1937K, committed 2112K, reserved 1048576K
}
Event: 46.133 GC heap before
{Heap before GC invocations=14 (full 0):
 garbage-first heap   total 225280K, used 142197K [0x00000000c1c00000, 0x0000000100000000)
  region size 1024K, 42 young (43008K), 10 survivors (10240K)
 Metaspace       used 17633K, committed 17920K, reserved 1114112K
  class space    used 1962K, committed 2112K, reserved 1048576K
}
Event: 46.153 GC heap after
{Heap after GC invocations=15 (full 0):
 garbage-first heap   total 225280K, used 117754K [0x00000000c1c00000, 0x0000000100000000)
  region size 1024K, 6 young (6144K), 6 survivors (6144K)
 Metaspace       used 17633K, committed 17920K, reserved 1114112K
  class space    used 1962K, committed 2112K, reserved 1048576K
}
Event: 48.115 GC heap before
{Heap before GC invocations=16 (full 0):
 garbage-first heap   total 225280K, used 201722K [0x00000000c1c00000, 0x0000000100000000)
  region size 1024K, 76 young (77824K), 6 survivors (6144K)
 Metaspace       used 18914K, committed 19328K, reserved 1114112K
  class space    used 2103K, committed 2304K, reserved 1048576K
}
Event: 48.148 GC heap after
{Heap after GC invocations=17 (full 0):
 garbage-first heap   total 228352K, used 146378K [0x00000000c1c00000, 0x0000000100000000)
  region size 1024K, 10 young (10240K), 10 survivors (10240K)
 Metaspace       used 18914K, committed 19328K, reserved 1114112K
  class space    used 2103K, committed 2304K, reserved 1048576K
}
Event: 49.155 GC heap before
{Heap before GC invocations=17 (full 0):
 garbage-first heap   total 228352K, used 228298K [0x00000000c1c00000, 0x0000000100000000)
  region size 1024K, 59 young (60416K), 10 survivors (10240K)
 Metaspace       used 19342K, committed 19712K, reserved 1114112K
  class space    used 2160K, committed 2368K, reserved 1048576K
}
Event: 49.237 GC heap after
{Heap after GC invocations=18 (full 0):
 garbage-first heap   total 273408K, used 188928K [0x00000000c1c00000, 0x0000000100000000)
  region size 1024K, 8 young (8192K), 8 survivors (8192K)
 Metaspace       used 19342K, committed 19712K, reserved 1114112K
  class space    used 2160K, committed 2368K, reserved 1048576K
}
Event: 49.544 GC heap before
{Heap before GC invocations=18 (full 0):
 garbage-first heap   total 273408K, used 228864K [0x00000000c1c00000, 0x0000000100000000)
  region size 1024K, 47 young (48128K), 8 survivors (8192K)
 Metaspace       used 19447K, committed 19904K, reserved 1114112K
  class space    used 2171K, committed 2368K, reserved 1048576K
}
Event: 49.578 GC heap after
{Heap after GC invocations=19 (full 0):
 garbage-first heap   total 273408K, used 196608K [0x00000000c1c00000, 0x0000000100000000)
  region size 1024K, 6 young (6144K), 6 survivors (6144K)
 Metaspace       used 19447K, committed 19904K, reserved 1114112K
  class space    used 2171K, committed 2368K, reserved 1048576K
}
Event: 49.737 GC heap before
{Heap before GC invocations=19 (full 0):
 garbage-first heap   total 273408K, used 236544K [0x00000000c1c00000, 0x0000000100000000)
  region size 1024K, 45 young (46080K), 6 survivors (6144K)
 Metaspace       used 19453K, committed 19904K, reserved 1114112K
  class space    used 2171K, committed 2368K, reserved 1048576K
}
Event: 49.758 GC heap after
{Heap after GC invocations=20 (full 0):
 garbage-first heap   total 273408K, used 202354K [0x00000000c1c00000, 0x0000000100000000)
  region size 1024K, 5 young (5120K), 5 survivors (5120K)
 Metaspace       used 19453K, committed 19904K, reserved 1114112K
  class space    used 2171K, committed 2368K, reserved 1048576K
}
Event: 49.926 GC heap before
{Heap before GC invocations=20 (full 0):
 garbage-first heap   total 273408K, used 242290K [0x00000000c1c00000, 0x0000000100000000)
  region size 1024K, 43 young (44032K), 5 survivors (5120K)
 Metaspace       used 19453K, committed 19904K, reserved 1114112K
  class space    used 2171K, committed 2368K, reserved 1048576K
}
Event: 49.946 GC heap after
{Heap after GC invocations=21 (full 0):
 garbage-first heap   total 273408K, used 210060K [0x00000000c1c00000, 0x0000000100000000)
  region size 1024K, 6 young (6144K), 6 survivors (6144K)
 Metaspace       used 19453K, committed 19904K, reserved 1114112K
  class space    used 2171K, committed 2368K, reserved 1048576K
}

Dll operation events (9 events):
Event: 0.019 Loaded shared library C:\Program Files\Java\jdk-21.0.11\bin\java.dll
Event: 0.077 Loaded shared library C:\Program Files\Java\jdk-21.0.11\bin\jsvml.dll
Event: 0.132 Loaded shared library C:\Program Files\Java\jdk-21.0.11\bin\net.dll
Event: 0.142 Loaded shared library C:\Program Files\Java\jdk-21.0.11\bin\nio.dll
Event: 0.212 Loaded shared library C:\Program Files\Java\jdk-21.0.11\bin\zip.dll
Event: 0.241 Loaded shared library C:\Program Files\Java\jdk-21.0.11\bin\jimage.dll
Event: 10.542 Loaded shared library C:\Program Files\Java\jdk-21.0.11\bin\extnet.dll
Event: 11.220 Loaded shared library C:\Program Files\Java\jdk-21.0.11\bin\sunmscapi.dll
Event: 46.704 Loaded shared library C:\Program Files\Java\jdk-21.0.11\bin\awt.dll

Deoptimization events (20 events):
Event: 50.165 Thread 0x000001a6fc90cc00 DEOPT PACKING pc=0x000001a6e955b274 sp=0x0000006433bfe820
Event: 50.165 Thread 0x000001a6fc90cc00 DEOPT UNPACKING pc=0x000001a6e8ce46a2 sp=0x0000006433bfe7c0 mode 2
Event: 50.165 Thread 0x000001a6fc911430 DEOPT PACKING pc=0x000001a6e955b274 sp=0x0000006433efe660
Event: 50.165 Thread 0x000001a6fc911430 DEOPT UNPACKING pc=0x000001a6e8ce46a2 sp=0x0000006433efe600 mode 2
Event: 50.165 Thread 0x000001a6fc90cc00 Uncommon trap: trap_request=0xffffffc6 fr.pc=0x000001a6e92b2dec relative=0x000000000000054c
Event: 50.165 Thread 0x000001a6fc911430 Uncommon trap: trap_request=0xffffffc6 fr.pc=0x000001a6e92b2dec relative=0x000000000000054c
Event: 50.165 Thread 0x000001a6fc90cc00 Uncommon trap: reason=bimorphic_or_optimized_type_check action=maybe_recompile pc=0x000001a6e92b2dec method=java.util.regex.Pattern$NotBehind.match(Ljava/util/regex/Matcher;ILjava/lang/CharSequence;)Z @ 125 c2
Event: 50.165 Thread 0x000001a6fc911430 Uncommon trap: reason=bimorphic_or_optimized_type_check action=maybe_recompile pc=0x000001a6e92b2dec method=java.util.regex.Pattern$NotBehind.match(Ljava/util/regex/Matcher;ILjava/lang/CharSequence;)Z @ 125 c2
Event: 50.165 Thread 0x000001a6fc911ac0 Uncommon trap: trap_request=0xffffff45 fr.pc=0x000001a6e93e1f14 relative=0x0000000000000254
Event: 50.165 Thread 0x000001a6fc911ac0 Uncommon trap: reason=unstable_if action=reinterpret pc=0x000001a6e93e1f14 method=java.util.regex.Matcher.reset()Ljava/util/regex/Matcher; @ 71 c2
Event: 50.165 Thread 0x000001a6fc90cc00 DEOPT PACKING pc=0x000001a6e92b2dec sp=0x0000006433bfe770
Event: 50.165 Thread 0x000001a6fc90cc00 DEOPT UNPACKING pc=0x000001a6e8ce46a2 sp=0x0000006433bfe708 mode 2
Event: 50.165 Thread 0x000001a6fc911430 DEOPT PACKING pc=0x000001a6e92b2dec sp=0x0000006433efe5b0
Event: 50.165 Thread 0x000001a6fc911430 DEOPT UNPACKING pc=0x000001a6e8ce46a2 sp=0x0000006433efe548 mode 2
Event: 50.165 Thread 0x000001a6fc911ac0 DEOPT PACKING pc=0x000001a6e93e1f14 sp=0x0000006433cfe550
Event: 50.165 Thread 0x000001a6fc911ac0 DEOPT UNPACKING pc=0x000001a6e8ce46a2 sp=0x0000006433cfe4e0 mode 2
Event: 50.165 Thread 0x000001a6fc911ac0 Uncommon trap: trap_request=0xffffffc6 fr.pc=0x000001a6e92b2dec relative=0x000000000000054c
Event: 50.166 Thread 0x000001a6fc911ac0 Uncommon trap: reason=bimorphic_or_optimized_type_check action=maybe_recompile pc=0x000001a6e92b2dec method=java.util.regex.Pattern$NotBehind.match(Ljava/util/regex/Matcher;ILjava/lang/CharSequence;)Z @ 125 c2
Event: 50.166 Thread 0x000001a6fc911ac0 DEOPT PACKING pc=0x000001a6e92b2dec sp=0x0000006433cfe520
Event: 50.166 Thread 0x000001a6fc911ac0 DEOPT UNPACKING pc=0x000001a6e8ce46a2 sp=0x0000006433cfe4b8 mode 2

Classes loaded (20 events):
Event: 48.845 Loading class java/util/AbstractList$RandomAccessSubList
Event: 48.845 Loading class java/util/AbstractList$SubList
Event: 48.846 Loading class java/util/AbstractList$SubList done
Event: 48.846 Loading class java/util/AbstractList$RandomAccessSubList done
Event: 48.846 Loading class java/util/AbstractList$SubList$1
Event: 48.846 Loading class java/util/AbstractList$SubList$1 done
Event: 49.277 Loading class java/util/BitSet
Event: 49.277 Loading class java/util/BitSet done
Event: 50.154 Loading class java/util/EmptyStackException
Event: 50.154 Loading class java/util/EmptyStackException done
Event: 50.169 Loading class java/util/stream/ReduceOps$1
Event: 50.169 Loading class java/util/Collections$UnmodifiableNavigableMap
Event: 50.170 Loading class java/util/stream/ReduceOps$1 done
Event: 50.170 Loading class java/util/Collections$UnmodifiableSortedMap
Event: 50.170 Loading class java/util/Collections$UnmodifiableSortedMap done
Event: 50.170 Loading class java/util/Collections$UnmodifiableNavigableMap done
Event: 50.171 Loading class java/util/Collections$UnmodifiableNavigableMap$EmptyNavigableMap
Event: 50.174 Loading class java/util/Collections$UnmodifiableNavigableMap$EmptyNavigableMap done
Event: 50.176 Loading class java/util/stream/ReduceOps$1ReducingSink
Event: 50.177 Loading class java/util/stream/ReduceOps$1ReducingSink done

Classes unloaded (20 events):
Event: 50.186 Thread 0x000001a6f4688230 Unloading class 0x000001a681213800 'java/lang/invoke/LambdaForm$MH+0x000001a681213800'
Event: 50.186 Thread 0x000001a6f4688230 Unloading class 0x000001a681212c00 'java/lang/invoke/LambdaForm$MH+0x000001a681212c00'
Event: 50.186 Thread 0x000001a6f4688230 Unloading class 0x000001a681212800 'java/lang/invoke/LambdaForm$DMH+0x000001a681212800'
Event: 50.186 Thread 0x000001a6f4688230 Unloading class 0x000001a681212400 'java/lang/invoke/LambdaForm$DMH+0x000001a681212400'
Event: 50.186 Thread 0x000001a6f4688230 Unloading class 0x000001a681212000 'java/lang/invoke/LambdaForm$DMH+0x000001a681212000'
Event: 50.186 Thread 0x000001a6f4688230 Unloading class 0x000001a681211800 'java/lang/invoke/LambdaForm$DMH+0x000001a681211800'
Event: 50.186 Thread 0x000001a6f4688230 Unloading class 0x000001a681211400 'java/lang/invoke/LambdaForm$DMH+0x000001a681211400'
Event: 50.186 Thread 0x000001a6f4688230 Unloading class 0x000001a681210c00 'java/lang/invoke/LambdaForm$DMH+0x000001a681210c00'
Event: 50.186 Thread 0x000001a6f4688230 Unloading class 0x000001a681211000 'java/lang/invoke/LambdaForm$DMH+0x000001a681211000'
Event: 50.186 Thread 0x000001a6f4688230 Unloading class 0x000001a681210400 'java/lang/invoke/LambdaForm$DMH+0x000001a681210400'
Event: 50.186 Thread 0x000001a6f4688230 Unloading class 0x000001a681210000 'java/lang/invoke/LambdaForm$DMH+0x000001a681210000'
Event: 50.186 Thread 0x000001a6f4688230 Unloading class 0x000001a68120dc00 'java/lang/invoke/LambdaForm$DMH+0x000001a68120dc00'
Event: 50.186 Thread 0x000001a6f4688230 Unloading class 0x000001a68120d800 'java/lang/invoke/LambdaForm$DMH+0x000001a68120d800'
Event: 50.186 Thread 0x000001a6f4688230 Unloading class 0x000001a68120d400 'java/lang/invoke/LambdaForm$DMH+0x000001a68120d400'
Event: 50.186 Thread 0x000001a6f4688230 Unloading class 0x000001a68120d000 'java/lang/invoke/LambdaForm$DMH+0x000001a68120d000'
Event: 50.186 Thread 0x000001a6f4688230 Unloading class 0x000001a6811b9800 'java/lang/invoke/LambdaForm$DMH+0x000001a6811b9800'
Event: 50.186 Thread 0x000001a6f4688230 Unloading class 0x000001a6811ba000 'java/lang/invoke/LambdaForm$DMH+0x000001a6811ba000'
Event: 50.186 Thread 0x000001a6f4688230 Unloading class 0x000001a6811ba800 'java/lang/invoke/LambdaForm$DMH+0x000001a6811ba800'
Event: 50.186 Thread 0x000001a6f4688230 Unloading class 0x000001a6811bb000 'java/lang/invoke/LambdaForm$DMH+0x000001a6811bb000'
Event: 50.186 Thread 0x000001a6f4688230 Unloading class 0x000001a6811bc000 'java/lang/invoke/LambdaForm$DMH+0x000001a6811bc000'

Classes redefined (0 events):
No events

Internal exceptions (20 events):
Event: 46.778 Thread 0x000001a6f9716f00 Exception <a 'java/lang/NoSuchMethodError'{0x00000000cf409450}: 'java.lang.Object java.lang.invoke.Invokers$Holder.linkToTargetMethod(java.lang.Object, java.lang.Object, int, java.lang.Object, java.lang.Object)'> (0x00000000cf409450) 
thrown [s\open\src\hotspot\share\interpreter\linkResolver.cpp, line 773]
Event: 46.778 Thread 0x000001a6f9714e30 Exception <a 'java/lang/NoSuchMethodError'{0x00000000cf6d5fd8}: 'java.lang.Object java.lang.invoke.Invokers$Holder.linkToTargetMethod(java.lang.Object, java.lang.Object, int, java.lang.Object, java.lang.Object)'> (0x00000000cf6d5fd8) 
thrown [s\open\src\hotspot\share\interpreter\linkResolver.cpp, line 773]
Event: 46.778 Thread 0x000001a6fc911ac0 Exception <a 'java/lang/NoSuchMethodError'{0x00000000cf5f6368}: 'java.lang.Object java.lang.invoke.Invokers$Holder.linkToTargetMethod(java.lang.Object, java.lang.Object, int, java.lang.Object, java.lang.Object)'> (0x00000000cf5f6368) 
thrown [s\open\src\hotspot\share\interpreter\linkResolver.cpp, line 773]
Event: 46.778 Thread 0x000001a6fc911430 Exception <a 'java/lang/NoSuchMethodError'{0x00000000cf5e6348}: 'java.lang.Object java.lang.invoke.Invokers$Holder.linkToTargetMethod(java.lang.Object, java.lang.Object, int, java.lang.Object, java.lang.Object)'> (0x00000000cf5e6348) 
thrown [s\open\src\hotspot\share\interpreter\linkResolver.cpp, line 773]
Event: 46.778 Thread 0x000001a6fc90cc00 Exception <a 'java/lang/NoSuchMethodError'{0x00000000cf435ad8}: 'java.lang.Object java.lang.invoke.DirectMethodHandle$Holder.invokeSpecial(java.lang.Object, java.lang.Object, java.lang.Object, java.lang.Object, int, java.lang.Object)'> (0x00000000cf435ad8) 
thrown [s\open\src\hotspot\share\interpreter\linkResolver.cpp, line 773]
Event: 46.784 Thread 0x000001a6fc90cc00 Exception <a 'java/lang/NoSuchMethodError'{0x00000000cf439020}: 'java.lang.Object java.lang.invoke.Invokers$Holder.linkToTargetMethod(java.lang.Object, java.lang.Object, int, java.lang.Object, java.lang.Object)'> (0x00000000cf439020) 
thrown [s\open\src\hotspot\share\interpreter\linkResolver.cpp, line 773]
Event: 48.822 Thread 0x000001a6fc911430 Implicit null exception at 0x000001a6e934d5c4 to 0x000001a6e934dd14
Event: 48.822 Thread 0x000001a6f97154c0 Implicit null exception at 0x000001a6e934d5c4 to 0x000001a6e934dd14
Event: 48.822 Thread 0x000001a6fc911430 Implicit null exception at 0x000001a6e9348e40 to 0x000001a6e9349580
Event: 48.822 Thread 0x000001a6f97154c0 Implicit null exception at 0x000001a6e9348e40 to 0x000001a6e9349580
Event: 49.362 Thread 0x000001a6fc911430 Exception <a 'java/lang/NoSuchMethodError'{0x00000000ceaeec68}: 'java.lang.Object java.lang.invoke.DirectMethodHandle$Holder.invokeSpecial(java.lang.Object, java.lang.Object, java.lang.Object, int, java.lang.Object)'> (0x00000000ceaeec68) 
thrown [s\open\src\hotspot\share\interpreter\linkResolver.cpp, line 773]
Event: 50.008 Thread 0x000001a6fc911ac0 Exception <a 'java/lang/NoSuchMethodError'{0x00000000cf609d48}: 'void java.lang.invoke.DirectMethodHandle$Holder.invokeSpecial(java.lang.Object, java.lang.Object, java.lang.Object, java.lang.Object, java.lang.Object, java.lang.Object, java.lang.Object, int, int, int, int)'> (0x00000000cf609d48) 
thrown [s\open\src\hotspot\share\interpreter\linkResolver.cpp, line 773]
Event: 50.009 Thread 0x000001a6f97154c0 Exception <a 'java/lang/NoSuchMethodError'{0x00000000cf60dc88}: 'void java.lang.invoke.DirectMethodHandle$Holder.invokeSpecial(java.lang.Object, java.lang.Object, java.lang.Object, java.lang.Object, java.lang.Object, java.lang.Object, java.lang.Object, int, int, int, int)'> (0x00000000cf60dc88) 
thrown [s\open\src\hotspot\share\interpreter\linkResolver.cpp, line 773]
Event: 50.010 Thread 0x000001a6f9714e30 Exception <a 'java/lang/NoSuchMethodError'{0x00000000cf77ddb8}: 'void java.lang.invoke.DirectMethodHandle$Holder.invokeSpecial(java.lang.Object, java.lang.Object, java.lang.Object, java.lang.Object, java.lang.Object, java.lang.Object, java.lang.Object, int, int, int, int)'> (0x00000000cf77ddb8) 
thrown [s\open\src\hotspot\share\interpreter\linkResolver.cpp, line 773]
Event: 50.011 Thread 0x000001a6fc911430 Exception <a 'java/lang/NoSuchMethodError'{0x00000000cf78b780}: 'void java.lang.invoke.DirectMethodHandle$Holder.invokeSpecial(java.lang.Object, java.lang.Object, java.lang.Object, java.lang.Object, java.lang.Object, java.lang.Object, java.lang.Object, int, int, int, int)'> (0x00000000cf78b780) 
thrown [s\open\src\hotspot\share\interpreter\linkResolver.cpp, line 773]
Event: 50.014 Thread 0x000001a6fc911ac0 Exception <a 'java/lang/NoSuchMethodError'{0x00000000cf66aad0}: 'java.lang.Object java.lang.invoke.DirectMethodHandle$Holder.newInvokeSpecial(java.lang.Object, java.lang.Object, java.lang.Object, java.lang.Object, java.lang.Object, java.lang.Object)'> (0x00000000cf66aad0) 
thrown [s\open\src\hotspot\share\interpreter\linkResolver.cpp, line 773]
Event: 50.014 Thread 0x000001a6f9716f00 Exception <a 'java/lang/NoSuchMethodError'{0x00000000cf66cd58}: 'java.lang.Object java.lang.invoke.DirectMethodHandle$Holder.newInvokeSpecial(java.lang.Object, java.lang.Object, java.lang.Object, java.lang.Object, java.lang.Object, java.lang.Object)'> (0x00000000cf66cd58) 
thrown [s\open\src\hotspot\share\interpreter\linkResolver.cpp, line 773]
Event: 50.015 Thread 0x000001a6f97154c0 Exception <a 'java/lang/NoSuchMethodError'{0x00000000cf614590}: 'java.lang.Object java.lang.invoke.DirectMethodHandle$Holder.newInvokeSpecial(java.lang.Object, java.lang.Object, java.lang.Object, java.lang.Object, java.lang.Object, java.lang.Object)'> (0x00000000cf614590) 
thrown [s\open\src\hotspot\share\interpreter\linkResolver.cpp, line 773]
Event: 50.015 Thread 0x000001a6f9714e30 Exception <a 'java/lang/NoSuchMethodError'{0x00000000cf7845e8}: 'java.lang.Object java.lang.invoke.DirectMethodHandle$Holder.newInvokeSpecial(java.lang.Object, java.lang.Object, java.lang.Object, java.lang.Object, java.lang.Object, java.lang.Object)'> (0x00000000cf7845e8) 
thrown [s\open\src\hotspot\share\interpreter\linkResolver.cpp, line 773]
Event: 50.016 Thread 0x000001a6fc90cc00 Exception <a 'java/lang/NoSuchMethodError'{0x00000000cf6780a0}: 'java.lang.Object java.lang.invoke.DirectMethodHandle$Holder.newInvokeSpecial(java.lang.Object, java.lang.Object, java.lang.Object, java.lang.Object, java.lang.Object, java.lang.Object)'> (0x00000000cf6780a0) 
thrown [s\open\src\hotspot\share\interpreter\linkResolver.cpp, line 773]

ZGC Phase Switch (0 events):
No events

VM Operations (20 events):
Event: 47.494 Executing VM operation: HandshakeAllThreads (Deoptimize) done
Event: 48.115 Executing VM operation: G1CollectForAllocation (G1 Evacuation Pause)
Event: 48.148 Executing VM operation: G1CollectForAllocation (G1 Evacuation Pause) done
Event: 48.304 Executing VM operation: ThreadDump
Event: 48.305 Executing VM operation: ThreadDump done
Event: 48.841 Executing VM operation: HandshakeAllThreads (Deoptimize)
Event: 48.841 Executing VM operation: HandshakeAllThreads (Deoptimize) done
Event: 49.155 Executing VM operation: G1CollectForAllocation (G1 Evacuation Pause)
Event: 49.238 Executing VM operation: G1CollectForAllocation (G1 Evacuation Pause) done
Event: 49.305 Executing VM operation: ThreadDump
Event: 49.306 Executing VM operation: ThreadDump done
Event: 49.544 Executing VM operation: G1CollectForAllocation (G1 Evacuation Pause)
Event: 49.578 Executing VM operation: G1CollectForAllocation (G1 Evacuation Pause) done
Event: 49.737 Executing VM operation: G1CollectForAllocation (G1 Evacuation Pause)
Event: 49.758 Executing VM operation: G1CollectForAllocation (G1 Evacuation Pause) done
Event: 49.926 Executing VM operation: G1CollectForAllocation (G1 Evacuation Pause)
Event: 49.946 Executing VM operation: G1CollectForAllocation (G1 Evacuation Pause) done
Event: 50.153 Executing VM operation: HandshakeAllThreads (Deoptimize)
Event: 50.154 Executing VM operation: HandshakeAllThreads (Deoptimize) done
Event: 50.185 Executing VM operation: G1PauseRemark

Events (20 events):
Event: 50.195 Thread 0x000001a6f4688230 flushing nmethod 0x000001a6e1d6f990
Event: 50.195 Thread 0x000001a6f4688230 flushing nmethod 0x000001a6e1d6fd10
Event: 50.195 Thread 0x000001a6f4688230 flushing nmethod 0x000001a6e1d70410
Event: 50.195 Thread 0x000001a6f4688230 flushing nmethod 0x000001a6e1d9dd90
Event: 50.195 Thread 0x000001a6f4688230 flushing nmethod 0x000001a6e1da1610
Event: 50.195 Thread 0x000001a6f4688230 flushing nmethod 0x000001a6e1dd1390
Event: 50.195 Thread 0x000001a6f4688230 flushing nmethod 0x000001a6e1dd1990
Event: 50.195 Thread 0x000001a6f4688230 flushing nmethod 0x000001a6e1dd2b10
Event: 50.195 Thread 0x000001a6f4688230 flushing nmethod 0x000001a6e1de5d90
Event: 50.195 Thread 0x000001a6f4688230 flushing nmethod 0x000001a6e1de6710
Event: 50.195 Thread 0x000001a6f4688230 flushing nmethod 0x000001a6e1de7710
Event: 50.195 Thread 0x000001a6f4688230 flushing nmethod 0x000001a6e1deae90
Event: 50.195 Thread 0x000001a6f4688230 flushing nmethod 0x000001a6e1dec990
Event: 50.195 Thread 0x000001a6f4688230 flushing nmethod 0x000001a6e1ded410
Event: 50.195 Thread 0x000001a6f4688230 flushing nmethod 0x000001a6e1dedd10
Event: 50.195 Thread 0x000001a6f4688230 flushing nmethod 0x000001a6e1dee190
Event: 50.195 Thread 0x000001a6f4688230 flushing nmethod 0x000001a6e1deec90
Event: 50.195 Thread 0x000001a6f4688230 flushing nmethod 0x000001a6e1e0df10
Event: 50.195 Thread 0x000001a6f4688230 flushing nmethod 0x000001a6e1e11c90
Event: 50.195 Thread 0x000001a6f4688230 flushing nmethod 0x000001a6e1e87d10


Dynamic libraries:
0x00007ff644650000 - 0x00007ff644660000 	C:\Program Files\Java\jdk-21.0.11\bin\java.EXE
0x00007ffaa1390000 - 0x00007ffaa1588000 	C:\Windows\SYSTEM32\ntdll.dll
0x00007ffa8bef0000 - 0x00007ffa8bf11000 	C:\Program Files\Avast Software\Avast\aswhook.dll
0x00007ffa9f950000 - 0x00007ffa9fa12000 	C:\Windows\System32\KERNEL32.DLL
0x00007ffa9ef30000 - 0x00007ffa9f226000 	C:\Windows\System32\KERNELBASE.dll
0x00007ffa9eab0000 - 0x00007ffa9ebb0000 	C:\Windows\System32\ucrtbase.dll
0x00007ffa6afb0000 - 0x00007ffa6afc9000 	C:\Program Files\Java\jdk-21.0.11\bin\jli.dll
0x00007ffa9fff0000 - 0x00007ffaa00a1000 	C:\Windows\System32\ADVAPI32.dll
0x00007ffaa12a0000 - 0x00007ffaa133e000 	C:\Windows\System32\msvcrt.dll
0x00007ffa9fc20000 - 0x00007ffa9fcbf000 	C:\Windows\System32\sechost.dll
0x00007ffaa0330000 - 0x00007ffaa0450000 	C:\Windows\System32\RPCRT4.dll
0x00007ffa9f230000 - 0x00007ffa9f257000 	C:\Windows\System32\bcrypt.dll
0x00007ffaa00b0000 - 0x00007ffaa0251000 	C:\Windows\System32\USER32.dll
0x00007ffa9ef00000 - 0x00007ffa9ef22000 	C:\Windows\System32\win32u.dll
0x00007ffaa0f10000 - 0x00007ffaa0f3b000 	C:\Windows\System32\GDI32.dll
0x00007ffa9ede0000 - 0x00007ffa9eef9000 	C:\Windows\System32\gdi32full.dll
0x00007ffa9f310000 - 0x00007ffa9f3ad000 	C:\Windows\System32\msvcp_win.dll
0x00007ffa6af90000 - 0x00007ffa6afae000 	C:\Program Files\Java\jdk-21.0.11\bin\VCRUNTIME140.dll
0x00007ffa8ef50000 - 0x00007ffa8f1eb000 	C:\Windows\WinSxS\amd64_microsoft.windows.common-controls_6595b64144ccf1df_6.0.19041.6456_none_60b8a6cb71f64256\COMCTL32.dll
0x00007ffa9e580000 - 0x00007ffa9e58a000 	C:\Windows\SYSTEM32\VERSION.dll
0x00007ffa9f910000 - 0x00007ffa9f93f000 	C:\Windows\System32\IMM32.DLL
0x0000000060140000 - 0x000000006014d000 	C:\Program Files (x86)\360\Total Security\safemon\SafeWrapper.dll
0x00007ffa99df0000 - 0x00007ffa99ef5000 	C:\Program Files (x86)\360\Total Security\safemon\libzdtp64.dll
0x00007ffaa0690000 - 0x00007ffaa0e00000 	C:\Windows\System32\SHELL32.dll
0x00007ffa9fcc0000 - 0x00007ffa9fd1b000 	C:\Windows\System32\SHLWAPI.dll
0x00007ffa82ee0000 - 0x00007ffa82eec000 	C:\Program Files\Java\jdk-21.0.11\bin\vcruntime140_1.dll
0x00007ffa6af00000 - 0x00007ffa6af8d000 	C:\Program Files\Java\jdk-21.0.11\bin\msvcp140.dll
0x00007ff9f7400000 - 0x00007ff9f8128000 	C:\Program Files\Java\jdk-21.0.11\bin\server\jvm.dll
0x00007ffa9fe50000 - 0x00007ffa9febb000 	C:\Windows\System32\WS2_32.dll
0x00007ffa9def0000 - 0x00007ffa9df3b000 	C:\Windows\SYSTEM32\POWRPROF.dll
0x00007ffa8f6b0000 - 0x00007ffa8f6d7000 	C:\Windows\SYSTEM32\WINMM.dll
0x00007ffa9ddb0000 - 0x00007ffa9ddc2000 	C:\Windows\SYSTEM32\UMPDC.dll
0x00007ffa9c820000 - 0x00007ffa9c832000 	C:\Windows\SYSTEM32\kernel.appcore.dll
0x00007ffa81830000 - 0x00007ffa8183a000 	C:\Program Files\Java\jdk-21.0.11\bin\jimage.dll
0x00007ffa93110000 - 0x00007ffa93311000 	C:\Windows\SYSTEM32\DBGHELP.DLL
0x00007ffa930b0000 - 0x00007ffa930e4000 	C:\Windows\SYSTEM32\dbgcore.DLL
0x00007ffa9ea20000 - 0x00007ffa9eaa2000 	C:\Windows\System32\bcryptPrimitives.dll
0x00007ffa6aed0000 - 0x00007ffa6aef1000 	C:\Program Files\Java\jdk-21.0.11\bin\java.dll
0x00007ffa9ca20000 - 0x00007ffa9d1c5000 	C:\Windows\SYSTEM32\windows.storage.dll
0x00007ffaa0f40000 - 0x00007ffaa1294000 	C:\Windows\System32\combase.dll
0x00007ffa9e3e0000 - 0x00007ffa9e40b000 	C:\Windows\SYSTEM32\Wldp.dll
0x00007ffa9fec0000 - 0x00007ffa9ff8d000 	C:\Windows\System32\OLEAUT32.dll
0x00007ffaa0280000 - 0x00007ffaa032d000 	C:\Windows\System32\SHCORE.dll
0x00007ffa9e950000 - 0x00007ffa9e974000 	C:\Windows\SYSTEM32\profapi.dll
0x00007ffa6adf0000 - 0x00007ffa6aec7000 	C:\Program Files\Java\jdk-21.0.11\bin\jsvml.dll
0x00007ffa6add0000 - 0x00007ffa6ade1000 	C:\Program Files\Java\jdk-21.0.11\bin\net.dll
0x00007ffa96cc0000 - 0x00007ffa96dca000 	C:\Windows\SYSTEM32\WINHTTP.dll
0x00007ffa9e140000 - 0x00007ffa9e1aa000 	C:\Windows\system32\mswsock.dll
0x00007ffa6adb0000 - 0x00007ffa6adc6000 	C:\Program Files\Java\jdk-21.0.11\bin\nio.dll
0x00007ffa6ad90000 - 0x00007ffa6ada8000 	C:\Program Files\Java\jdk-21.0.11\bin\zip.dll
0x00007ffa9de20000 - 0x00007ffa9deea000 	C:\Windows\SYSTEM32\DNSAPI.dll
0x00007ffa9ddd0000 - 0x00007ffa9de0b000 	C:\Windows\SYSTEM32\IPHLPAPI.DLL
0x00007ffaa1340000 - 0x00007ffaa1348000 	C:\Windows\System32\NSI.dll
0x00007ffa8f980000 - 0x00007ffa8f98a000 	C:\Windows\System32\rasadhlp.dll
0x00007ffa8f790000 - 0x00007ffa8f810000 	C:\Windows\System32\fwpuclnt.dll
0x00007ffa92fb0000 - 0x00007ffa92fb9000 	C:\Program Files\Java\jdk-21.0.11\bin\extnet.dll
0x00007ffa92fa0000 - 0x00007ffa92fae000 	C:\Program Files\Java\jdk-21.0.11\bin\sunmscapi.dll
0x00007ffa9ebb0000 - 0x00007ffa9ed0d000 	C:\Windows\System32\CRYPT32.dll
0x00007ffa9e450000 - 0x00007ffa9e477000 	C:\Windows\SYSTEM32\ncrypt.dll
0x00007ffa9e410000 - 0x00007ffa9e44b000 	C:\Windows\SYSTEM32\NTASN1.dll
0x00007ffa73e30000 - 0x00007ffa73e37000 	C:\Windows\system32\wshunix.dll
0x00007ffa9e330000 - 0x00007ffa9e348000 	C:\Windows\SYSTEM32\CRYPTSP.dll
0x00007ffa9d9f0000 - 0x00007ffa9da28000 	C:\Windows\system32\rsaenh.dll
0x00007ffa9e8d0000 - 0x00007ffa9e8fe000 	C:\Windows\SYSTEM32\USERENV.dll
0x00007ffa9e350000 - 0x00007ffa9e35c000 	C:\Windows\SYSTEM32\CRYPTBASE.dll
0x00007ffa68350000 - 0x00007ffa684e4000 	C:\Program Files\Java\jdk-21.0.11\bin\awt.dll
0x00007ffa9bf80000 - 0x00007ffa9c014000 	C:\Windows\SYSTEM32\apphelp.dll

dbghelp: loaded successfully - version: 4.0.5 - missing functions: none
symbol engine: initialized successfully - sym options: 0x614 - pdb path: .;C:\Program Files\Java\jdk-21.0.11\bin;C:\Windows\SYSTEM32;C:\Program Files\Avast Software\Avast;C:\Windows\WinSxS\amd64_microsoft.windows.common-controls_6595b64144ccf1df_6.0.19041.6456_none_60b8a6cb71f64256;C:\Program Files (x86)\360\Total Security\safemon;C:\Program Files\Java\jdk-21.0.11\bin\server

VM Arguments:
java_command: org.languagetool.server.HTTPServer -p 8947
java_class_path (initial): C:\Users\Administrator\.cache\language_tool_python\LanguageTool-6.8\languagetool-server.jar
Launcher Type: SUN_STANDARD

[Global flags]
     intx CICompilerCount                          = 3                                         {product} {ergonomic}
     uint ConcGCThreads                            = 1                                         {product} {ergonomic}
     uint G1ConcRefinementThreads                  = 4                                         {product} {ergonomic}
   size_t G1HeapRegionSize                         = 1048576                                   {product} {ergonomic}
    uintx GCDrainStackTargetSize                   = 64                                        {product} {ergonomic}
   size_t InitialHeapSize                          = 67108864                                  {product} {ergonomic}
   size_t MarkStackSize                            = 4194304                                   {product} {ergonomic}
   size_t MaxHeapSize                              = 1044381696                                {product} {ergonomic}
   size_t MaxNewSize                               = 625999872                                 {product} {ergonomic}
   size_t MinHeapDeltaBytes                        = 1048576                                   {product} {ergonomic}
   size_t MinHeapSize                              = 8388608                                   {product} {ergonomic}
    uintx NonNMethodCodeHeapSize                   = 5832780                                {pd product} {ergonomic}
    uintx NonProfiledCodeHeapSize                  = 122912730                              {pd product} {ergonomic}
    uintx ProfiledCodeHeapSize                     = 122912730                              {pd product} {ergonomic}
    uintx ReservedCodeCacheSize                    = 251658240                              {pd product} {ergonomic}
     bool SegmentedCodeCache                       = true                                      {product} {ergonomic}
   size_t SoftMaxHeapSize                          = 1044381696                             {manageable} {ergonomic}
     bool UseCompressedOops                        = true                           {product lp64_product} {ergonomic}
     bool UseG1GC                                  = true                                      {product} {ergonomic}
     bool UseLargePagesIndividualAllocation        = false                                  {pd product} {ergonomic}

Logging:
Log output configuration:
 #0: stdout all=warning uptime,level,tags foldmultilines=false
 #1: stderr all=off uptime,level,tags foldmultilines=false

Environment Variables:
PATH=C:\Users\Administrator\bin;C:\Program Files\Git\mingw64\bin;C:\Program Files\Git\usr\local\bin;C:\Program Files\Git\usr\bin;C:\Program Files\Git\usr\bin;C:\Program Files\Git\mingw64\bin;C:\Program Files\Git\usr\bin;C:\Users\Administrator\bin;C:\Program Files\Common Files\Oracle\Java\javapath;C:\Windows\system32;C:\Windows;C:\Windows\System32\Wbem;C:\Windows\System32\WindowsPowerShell\v1.0;C:\Windows\System32\OpenSSH;C:\Program Files\Git\cmd;C:\Program Files\Microsoft SQL Server\150\Tools\Binn;C:\Program Files\Microsoft SQL Server\Client SDK\ODBC\170\Tools\Binn;C:\Program Files (x86)\Microsoft SQL Server\160\DTS\Binn;C:\Program Files (x86)\Microsoft SQL Server\160\Tools\Binn;C:\Program Files\Microsoft SQL Server\160\Tools\Binn;C:\Program Files\Microsoft SQL Server\160\DTS\Binn;C:\Program Files\dotnet;C:\Users\Administrator\AppData\Roaming\npm;C:\MinGW\bin;C:\Program Files\nodejs;C:\Users\Administrator\AppData\Local\Programs\Python\Python313\Scripts;C:\Users\Administrator\AppData\Local\Programs\Python\Python313;C:\Users\Administrator\AppData\Local\Microsoft\WindowsApps;C:\Users\Administrator\AppData\Local\Programs\Microsoft VS Code\bin;C:\Users\Administrator\.dotnet\tools;C:\Users\Administrator\AppData\Roaming\npm;C:\Program Files\Git\usr\bin\vendor_perl;C:\Program Files\Git\usr\bin\core_perl;C:\Users\Administrator\.local\bin;C:\Users\Administrator\bin
USERNAME=Administrator
SHELL=C:\Program Files\Git\usr\bin\bash.exe
DISPLAY=needs-to-be-defined
LANG=en_US.UTF-8
TERM=xterm-256color
TMPDIR=C:\Users\ADMINI~1\AppData\Local\Temp
OS=Windows_NT
PROCESSOR_IDENTIFIER=Intel64 Family 6 Model 69 Stepping 1, GenuineIntel
TMP=C:\Users\ADMINI~1\AppData\Local\Temp
TEMP=C:\Users\ADMINI~1\AppData\Local\Temp




Periodic native trim disabled

---------------  S Y S T E M  ---------------

OS:
 Windows 10 , 64 bit Build 19041 (10.0.19041.5915)
OS uptime: 0 days 1:00 hours

CPU: total 4 (initial active 4) (2 cores per cpu, 2 threads per core) family 6 model 69 stepping 1 microcode 0x25, cx8, cmov, fxsr, ht, mmx, sse, sse2, sse3, ssse3, sse4.1, sse4.2, popcnt, lzcnt, tsc, tscinvbit, avx, avx2, aes, erms, clmul, bmi1, bmi2, fma, vzeroupper, clflush, rdtscp, f16c
Processor Information for all 4 processors :
  Max Mhz: 2401, Current Mhz: 1700, Mhz Limit: 1680

Memory: 4k page, system-wide physical 3976M (337M free)
TotalPageFile size 9974M (AvailPageFile size 1M)
current process WorkingSet (physical memory assigned to process): 396M, peak: 396M
current process commit charge ("private bytes"): 428M, peak: 533M

vm_info: Java HotSpot(TM) 64-Bit Server VM (21.0.11+9-LTS-211) for windows-amd64 JRE (21.0.11+9-LTS-211), built on 2026-03-11T00:23:15Z by "mach5run" with MS VC++ 17.13 (VS2022)

END.
