#
# There is insufficient memory for the Java Runtime Environment to continue.
# Native memory allocation (mmap) failed to map 158334976 bytes for G1 virtual space
# Possible reasons:
#   The system is out of physical RAM or swap space
#   The process is running with CompressedOops enabled, and the Java Heap may be blocking the growth of the native heap
# Possible solutions:
#   Reduce memory load on the system
#   Increase physical memory or swap space
#   Check if swap backing store is full
#   Decrease Java heap size (-Xmx/-Xms)
#   Decrease number of Java threads
#   Decrease Java thread stack sizes (-Xss)
#   Set larger code cache with -XX:ReservedCodeCacheSize=
#   JVM is running with Unscaled Compressed Oops mode in which the Java heap is
#     placed in the first 4GB address space. The Java Heap base address is the
#     maximum limit for the native heap growth. Please use -XX:HeapBaseMinAddress
#     to set the Java Heap base and to place the Java Heap above 4GB virtual address.
# This output file may be truncated or incomplete.
#
#  Out of Memory Error (os_windows.cpp:3604), pid=13356, tid=10936
#
# JRE version: Java(TM) SE Runtime Environment (21.0.11+9) (build 21.0.11+9-LTS-211)
# Java VM: Java HotSpot(TM) 64-Bit Server VM (21.0.11+9-LTS-211, mixed mode, sharing, tiered, compressed oops, compressed class ptrs, g1 gc, windows-amd64)
# No core dump will be written. Minidumps are not enabled by default on client versions of Windows
#

---------------  S U M M A R Y ------------

Command Line: org.languagetool.server.HTTPServer -p 8947

Host: Intel(R) Core(TM) i5-4210U CPU @ 1.70GHz, 4 cores, 3G,  Windows 10 , 64 bit Build 19041 (10.0.19041.5915)
Time: Fri Jun  5 16:22:50 2026 Pakistan Standard Time elapsed time: 6.588254 seconds (0d 0h 0m 6s)

---------------  T H R E A D  ---------------

Current thread (0x00000217f4135670):  VMThread "VM Thread"          [id=10936, stack(0x000000eedc800000,0x000000eedc900000) (1024K)]

Stack: [0x000000eedc800000,0x000000eedc900000]
Native frames: (J=compiled Java code, j=interpreted, Vv=VM code, C=native code)
V  [jvm.dll+0x6d0ef9]
V  [jvm.dll+0x860126]
V  [jvm.dll+0x86261e]
V  [jvm.dll+0x862cf3]
V  [jvm.dll+0x282bc6]
V  [jvm.dll+0x6cd7a5]
V  [jvm.dll+0x6c232a]
V  [jvm.dll+0x35bfb8]
V  [jvm.dll+0x363c76]
V  [jvm.dll+0x3b4d8e]
V  [jvm.dll+0x3b5038]
V  [jvm.dll+0x32fa6c]
V  [jvm.dll+0x32fafa]
V  [jvm.dll+0x373fc2]
V  [jvm.dll+0x37274d]
V  [jvm.dll+0x32f1b1]
V  [jvm.dll+0x371daa]
V  [jvm.dll+0x8689ef]
V  [jvm.dll+0x869d7c]
V  [jvm.dll+0x86a2b1]
V  [jvm.dll+0x86a553]
V  [jvm.dll+0x80ac0d]
V  [jvm.dll+0x6cf79d]
C  [ucrtbase.dll+0x21bb2]
C  [KERNEL32.DLL+0x17374]
C  [ntdll.dll+0x4cc91]

VM_Operation (0x000000eedc1fea50): G1CollectForAllocation, mode: safepoint, requested by thread 0x00000217976bd640


---------------  P R O C E S S  ---------------

Threads class SMR info:
_java_thread_list=0x00000217f928e7e0, length=13, elements={
0x00000217976bd640, 0x00000217f414b800, 0x00000217f414d470, 0x00000217f414fee0,
0x00000217f4151950, 0x00000217f41523b0, 0x00000217f4152e10, 0x00000217f4155fb0,
0x00000217f41863d0, 0x00000217f42e9620, 0x00000217f42ebca0, 0x00000217f9179f40,
0x00000217f917a5b0
}

Java Threads: ( => current thread )
  0x00000217976bd640 JavaThread "main"                              [_thread_blocked, id=15976, stack(0x000000eedc100000,0x000000eedc200000) (1024K)]
  0x00000217f414b800 JavaThread "Reference Handler"          daemon [_thread_blocked, id=14640, stack(0x000000eedc900000,0x000000eedca00000) (1024K)]
  0x00000217f414d470 JavaThread "Finalizer"                  daemon [_thread_blocked, id=16180, stack(0x000000eedca00000,0x000000eedcb00000) (1024K)]
  0x00000217f414fee0 JavaThread "Signal Dispatcher"          daemon [_thread_blocked, id=9544, stack(0x000000eedcb00000,0x000000eedcc00000) (1024K)]
  0x00000217f4151950 JavaThread "Attach Listener"            daemon [_thread_blocked, id=17932, stack(0x000000eedcc00000,0x000000eedcd00000) (1024K)]
  0x00000217f41523b0 JavaThread "Service Thread"             daemon [_thread_blocked, id=2328, stack(0x000000eedcd00000,0x000000eedce00000) (1024K)]
  0x00000217f4152e10 JavaThread "Monitor Deflation Thread"   daemon [_thread_blocked, id=1152, stack(0x000000eedce00000,0x000000eedcf00000) (1024K)]
  0x00000217f4155fb0 JavaThread "C2 CompilerThread0"         daemon [_thread_blocked, id=18128, stack(0x000000eedcf00000,0x000000eedd000000) (1024K)]
  0x00000217f41863d0 JavaThread "C1 CompilerThread0"         daemon [_thread_blocked, id=18200, stack(0x000000eedd000000,0x000000eedd100000) (1024K)]
  0x00000217f42e9620 JavaThread "Notification Thread"        daemon [_thread_blocked, id=12360, stack(0x000000eedd100000,0x000000eedd200000) (1024K)]
  0x00000217f42ebca0 JavaThread "Common-Cleaner"             daemon [_thread_blocked, id=13700, stack(0x000000eedd200000,0x000000eedd300000) (1024K)]
  0x00000217f9179f40 JavaThread "LtThreadPoolMonitor"        daemon [_thread_blocked, id=13116, stack(0x000000eedd600000,0x000000eedd700000) (1024K)]
  0x00000217f917a5b0 JavaThread "LtThreadPoolExecutorMonitor" daemon [_thread_blocked, id=19240, stack(0x000000eedd700000,0x000000eedd800000) (1024K)]
Total: 13

Other Threads:
=>0x00000217f4135670 VMThread "VM Thread"                           [id=10936, stack(0x000000eedc800000,0x000000eedc900000) (1024K)]
  0x00000217f411fa30 WatcherThread "VM Periodic Task Thread"        [id=1940, stack(0x000000eedc700000,0x000000eedc800000) (1024K)]
  0x00000217976ed9c0 WorkerThread "GC Thread#0"                     [id=8228, stack(0x000000eedc200000,0x000000eedc300000) (1024K)]
  0x00000217f4c01ff0 WorkerThread "GC Thread#1"                     [id=9148, stack(0x000000eedd300000,0x000000eedd400000) (1024K)]
  0x00000217f905b820 WorkerThread "GC Thread#2"                     [id=10980, stack(0x000000eedd400000,0x000000eedd500000) (1024K)]
  0x00000217f905bbd0 WorkerThread "GC Thread#3"                     [id=15816, stack(0x000000eedd500000,0x000000eedd600000) (1024K)]
  0x00000217976f6ce0 ConcurrentGCThread "G1 Main Marker"            [id=6732, stack(0x000000eedc300000,0x000000eedc400000) (1024K)]
  0x00000217976f7690 WorkerThread "G1 Conc#0"                       [id=6896, stack(0x000000eedc400000,0x000000eedc500000) (1024K)]
  0x000002179774ed90 ConcurrentGCThread "G1 Refine#0"               [id=15004, stack(0x000000eedc500000,0x000000eedc600000) (1024K)]
  0x000002179774f7b0 ConcurrentGCThread "G1 Service"                [id=14140, stack(0x000000eedc600000,0x000000eedc700000) (1024K)]
Total: 10

Threads with active compile tasks:
C2 CompilerThread0     6684 2012       4       java.lang.Integer::equals (29 bytes)
Total: 1

VM state: at safepoint (normal execution)

VM Mutex/Monitor currently owned by a thread:  ([mutex/lock_event])
[0x00007ff9f804af50] Threads_lock - owner thread: 0x00000217f4135670
[0x00007ff9f804b050] Heap_lock - owner thread: 0x00000217976bd640

Heap address: 0x00000000c1c00000, size: 996 MB, Compressed Oops mode: 32-bit

CDS archive(s) mapped at: [0x00000217b3000000-0x00000217b3c90000-0x00000217b3c90000), size 13172736, SharedBaseAddress: 0x00000217b3000000, ArchiveRelocationMode: 1.
Compressed class space mapped at: 0x00000217b4000000-0x00000217f4000000, reserved size: 1073741824
Narrow klass base: 0x00000217b3000000, Narrow klass shift: 0, Narrow klass range: 0x100000000

GC Precious Log:
 CardTable entry size: 512
 Card Set container configuration: InlinePtr #cards 5 size 8 Array Of Cards #cards 12 size 40 Howl #buckets 4 coarsen threshold 1843 Howl Bitmap #cards 512 size 80 coarsen threshold 460 Card regions per heap region 1 cards per card region 2048
 CPUs: 4 total, 4 available
 Memory: 3976M
 Large Page Support: Disabled
 NUMA Support: Disabled
 Compressed Oops: Enabled (32-bit)
 Heap Region Size: 1M
 Heap Min Capacity: 8M
 Heap Initial Capacity: 64M
 Heap Max Capacity: 996M
 Pre-touch: Disabled
 Parallel Workers: 4
 Concurrent Workers: 1
 Concurrent Refinement Workers: 4
 Periodic GC: Disabled

Heap:
 garbage-first heap   total 123904K, used 67571K [0x00000000c1c00000, 0x0000000100000000)
  region size 1024K, 6 young (6144K), 6 survivors (6144K)
 Metaspace       used 10732K, committed 10880K, reserved 1114112K
  class space    used 1226K, committed 1280K, reserved 1048576K

Heap Regions: E=young(eden), S=young(survivor), O=old, HS=humongous(starts), HC=humongous(continues), CS=collection set, F=free, TAMS=top-at-mark-start, PB=parsable bottom
|   0|0x00000000c1c00000, 0x00000000c1d00000, 0x00000000c1d00000|100%| O|  |TAMS 0x00000000c1c00000| PB 0x00000000c1c00000| Untracked 
|   1|0x00000000c1d00000, 0x00000000c1e00000, 0x00000000c1e00000|100%| O|  |TAMS 0x00000000c1d00000| PB 0x00000000c1d00000| Untracked 
|   2|0x00000000c1e00000, 0x00000000c1f00000, 0x00000000c1f00000|100%| O|  |TAMS 0x00000000c1e00000| PB 0x00000000c1e00000| Untracked 
|   3|0x00000000c1f00000, 0x00000000c2000000, 0x00000000c2000000|100%| O|  |TAMS 0x00000000c1f00000| PB 0x00000000c1f00000| Untracked 
|   4|0x00000000c2000000, 0x00000000c2100000, 0x00000000c2100000|100%| O|  |TAMS 0x00000000c2000000| PB 0x00000000c2000000| Untracked 
|   5|0x00000000c2100000, 0x00000000c2200000, 0x00000000c2200000|100%| O|  |TAMS 0x00000000c2100000| PB 0x00000000c2100000| Untracked 
|   6|0x00000000c2200000, 0x00000000c2300000, 0x00000000c2300000|100%| O|  |TAMS 0x00000000c2200000| PB 0x00000000c2200000| Untracked 
|   7|0x00000000c2300000, 0x00000000c2400000, 0x00000000c2400000|100%| O|  |TAMS 0x00000000c2300000| PB 0x00000000c2300000| Untracked 
|   8|0x00000000c2400000, 0x00000000c2500000, 0x00000000c2500000|100%| O|  |TAMS 0x00000000c2400000| PB 0x00000000c2400000| Untracked 
|   9|0x00000000c2500000, 0x00000000c2600000, 0x00000000c2600000|100%| O|  |TAMS 0x00000000c2500000| PB 0x00000000c2500000| Untracked 
|  10|0x00000000c2600000, 0x00000000c2700000, 0x00000000c2700000|100%|HS|  |TAMS 0x00000000c2600000| PB 0x00000000c2600000| Complete 
|  11|0x00000000c2700000, 0x00000000c2800000, 0x00000000c2800000|100%| O|  |TAMS 0x00000000c2700000| PB 0x00000000c2700000| Untracked 
|  12|0x00000000c2800000, 0x00000000c2900000, 0x00000000c2900000|100%| O|  |TAMS 0x00000000c2800000| PB 0x00000000c2800000| Untracked 
|  13|0x00000000c2900000, 0x00000000c2a00000, 0x00000000c2a00000|100%| O|  |TAMS 0x00000000c2900000| PB 0x00000000c2900000| Untracked 
|  14|0x00000000c2a00000, 0x00000000c2b00000, 0x00000000c2b00000|100%| O|  |TAMS 0x00000000c2a00000| PB 0x00000000c2a00000| Untracked 
|  15|0x00000000c2b00000, 0x00000000c2c00000, 0x00000000c2c00000|100%| O|  |TAMS 0x00000000c2b00000| PB 0x00000000c2b00000| Untracked 
|  16|0x00000000c2c00000, 0x00000000c2d00000, 0x00000000c2d00000|100%| O|  |TAMS 0x00000000c2c00000| PB 0x00000000c2c00000| Untracked 
|  17|0x00000000c2d00000, 0x00000000c2e00000, 0x00000000c2e00000|100%| O|  |TAMS 0x00000000c2d00000| PB 0x00000000c2d00000| Untracked 
|  18|0x00000000c2e00000, 0x00000000c2f00000, 0x00000000c2f00000|100%| O|  |TAMS 0x00000000c2e00000| PB 0x00000000c2e00000| Untracked 
|  19|0x00000000c2f00000, 0x00000000c3000000, 0x00000000c3000000|100%| O|  |TAMS 0x00000000c2f00000| PB 0x00000000c2f00000| Untracked 
|  20|0x00000000c3000000, 0x00000000c3100000, 0x00000000c3100000|100%| O|  |TAMS 0x00000000c3000000| PB 0x00000000c3000000| Untracked 
|  21|0x00000000c3100000, 0x00000000c3200000, 0x00000000c3200000|100%| O|  |TAMS 0x00000000c3100000| PB 0x00000000c3100000| Untracked 
|  22|0x00000000c3200000, 0x00000000c3300000, 0x00000000c3300000|100%|HS|  |TAMS 0x00000000c3200000| PB 0x00000000c3200000| Complete 
|  23|0x00000000c3300000, 0x00000000c3400000, 0x00000000c3400000|100%|HC|  |TAMS 0x00000000c3300000| PB 0x00000000c3300000| Complete 
|  24|0x00000000c3400000, 0x00000000c3500000, 0x00000000c3500000|100%| O|  |TAMS 0x00000000c3400000| PB 0x00000000c3400000| Untracked 
|  25|0x00000000c3500000, 0x00000000c3600000, 0x00000000c3600000|100%| O|  |TAMS 0x00000000c3500000| PB 0x00000000c3500000| Untracked 
|  26|0x00000000c3600000, 0x00000000c3700000, 0x00000000c3700000|100%| O|  |TAMS 0x00000000c3600000| PB 0x00000000c3600000| Untracked 
|  27|0x00000000c3700000, 0x00000000c3800000, 0x00000000c3800000|100%| O|  |TAMS 0x00000000c3700000| PB 0x00000000c3700000| Untracked 
|  28|0x00000000c3800000, 0x00000000c3900000, 0x00000000c3900000|100%| O|  |TAMS 0x00000000c3800000| PB 0x00000000c3800000| Untracked 
|  29|0x00000000c3900000, 0x00000000c3a00000, 0x00000000c3a00000|100%| O|  |TAMS 0x00000000c3900000| PB 0x00000000c3900000| Untracked 
|  30|0x00000000c3a00000, 0x00000000c3b00000, 0x00000000c3b00000|100%| O|  |TAMS 0x00000000c3a00000| PB 0x00000000c3a00000| Untracked 
|  31|0x00000000c3b00000, 0x00000000c3c00000, 0x00000000c3c00000|100%| O|  |TAMS 0x00000000c3b00000| PB 0x00000000c3b00000| Untracked 
|  32|0x00000000c3c00000, 0x00000000c3d00000, 0x00000000c3d00000|100%| O|  |TAMS 0x00000000c3c00000| PB 0x00000000c3c00000| Untracked 
|  33|0x00000000c3d00000, 0x00000000c3e00000, 0x00000000c3e00000|100%| O|  |TAMS 0x00000000c3d00000| PB 0x00000000c3d00000| Untracked 
|  34|0x00000000c3e00000, 0x00000000c3f00000, 0x00000000c3f00000|100%| O|  |TAMS 0x00000000c3e00000| PB 0x00000000c3e00000| Untracked 
|  35|0x00000000c3f00000, 0x00000000c4000000, 0x00000000c4000000|100%| O|  |TAMS 0x00000000c3f00000| PB 0x00000000c3f00000| Untracked 
|  36|0x00000000c4000000, 0x00000000c4100000, 0x00000000c4100000|100%| O|  |TAMS 0x00000000c4000000| PB 0x00000000c4000000| Untracked 
|  37|0x00000000c4100000, 0x00000000c4200000, 0x00000000c4200000|100%| O|  |TAMS 0x00000000c4100000| PB 0x00000000c4100000| Untracked 
|  38|0x00000000c4200000, 0x00000000c4300000, 0x00000000c4300000|100%| O|  |TAMS 0x00000000c4200000| PB 0x00000000c4200000| Untracked 
|  39|0x00000000c4300000, 0x00000000c4400000, 0x00000000c4400000|100%|HS|  |TAMS 0x00000000c4300000| PB 0x00000000c4300000| Complete 
|  40|0x00000000c4400000, 0x00000000c4500000, 0x00000000c4500000|100%|HC|  |TAMS 0x00000000c4400000| PB 0x00000000c4400000| Complete 
|  41|0x00000000c4500000, 0x00000000c4600000, 0x00000000c4600000|100%|HC|  |TAMS 0x00000000c4500000| PB 0x00000000c4500000| Complete 
|  42|0x00000000c4600000, 0x00000000c4700000, 0x00000000c4700000|100%| O|  |TAMS 0x00000000c4600000| PB 0x00000000c4600000| Untracked 
|  43|0x00000000c4700000, 0x00000000c4800000, 0x00000000c4800000|100%| O|  |TAMS 0x00000000c4700000| PB 0x00000000c4700000| Untracked 
|  44|0x00000000c4800000, 0x00000000c4900000, 0x00000000c4900000|100%| O|  |TAMS 0x00000000c4800000| PB 0x00000000c4800000| Untracked 
|  45|0x00000000c4900000, 0x00000000c4a00000, 0x00000000c4a00000|100%| O|  |TAMS 0x00000000c4900000| PB 0x00000000c4900000| Untracked 
|  46|0x00000000c4a00000, 0x00000000c4b00000, 0x00000000c4b00000|100%| O|  |TAMS 0x00000000c4a00000| PB 0x00000000c4a00000| Untracked 
|  47|0x00000000c4b00000, 0x00000000c4c00000, 0x00000000c4c00000|100%| O|  |TAMS 0x00000000c4b00000| PB 0x00000000c4b00000| Untracked 
|  48|0x00000000c4c00000, 0x00000000c4d00000, 0x00000000c4d00000|100%| O|  |TAMS 0x00000000c4c00000| PB 0x00000000c4c00000| Untracked 
|  49|0x00000000c4d00000, 0x00000000c4e00000, 0x00000000c4e00000|100%| O|  |TAMS 0x00000000c4d00000| PB 0x00000000c4d00000| Untracked 
|  50|0x00000000c4e00000, 0x00000000c4f00000, 0x00000000c4f00000|100%| O|  |TAMS 0x00000000c4e00000| PB 0x00000000c4e00000| Untracked 
|  51|0x00000000c4f00000, 0x00000000c5000000, 0x00000000c5000000|100%| O|  |TAMS 0x00000000c4f00000| PB 0x00000000c4f00000| Untracked 
|  52|0x00000000c5000000, 0x00000000c5100000, 0x00000000c5100000|100%| O|  |TAMS 0x00000000c5000000| PB 0x00000000c5000000| Untracked 
|  53|0x00000000c5100000, 0x00000000c5200000, 0x00000000c5200000|100%| O|  |TAMS 0x00000000c5100000| PB 0x00000000c5100000| Untracked 
|  54|0x00000000c5200000, 0x00000000c5300000, 0x00000000c5300000|100%| O|  |TAMS 0x00000000c5200000| PB 0x00000000c5200000| Untracked 
|  55|0x00000000c5300000, 0x00000000c5400000, 0x00000000c5400000|100%| O|  |TAMS 0x00000000c5300000| PB 0x00000000c5300000| Untracked 
|  56|0x00000000c5400000, 0x00000000c5500000, 0x00000000c5500000|100%| O|  |TAMS 0x00000000c5400000| PB 0x00000000c5400000| Untracked 
|  57|0x00000000c5500000, 0x00000000c5600000, 0x00000000c5600000|100%| O|  |TAMS 0x00000000c5500000| PB 0x00000000c5500000| Untracked 
|  58|0x00000000c5600000, 0x00000000c5700000, 0x00000000c5700000|100%| O|  |TAMS 0x00000000c5600000| PB 0x00000000c5600000| Untracked 
|  59|0x00000000c5700000, 0x00000000c57fcc60, 0x00000000c5800000| 98%| O|  |TAMS 0x00000000c5700000| PB 0x00000000c5700000| Untracked 
|  60|0x00000000c5800000, 0x00000000c5800000, 0x00000000c5900000|  0%| F|  |TAMS 0x00000000c5800000| PB 0x00000000c5800000| Untracked 
|  61|0x00000000c5900000, 0x00000000c5900000, 0x00000000c5a00000|  0%| F|  |TAMS 0x00000000c5900000| PB 0x00000000c5900000| Untracked 
|  62|0x00000000c5a00000, 0x00000000c5a00000, 0x00000000c5b00000|  0%| F|  |TAMS 0x00000000c5a00000| PB 0x00000000c5a00000| Untracked 
|  63|0x00000000c5b00000, 0x00000000c5b00000, 0x00000000c5c00000|  0%| F|  |TAMS 0x00000000c5b00000| PB 0x00000000c5b00000| Untracked 
|  64|0x00000000c5c00000, 0x00000000c5c00000, 0x00000000c5d00000|  0%| F|  |TAMS 0x00000000c5c00000| PB 0x00000000c5c00000| Untracked 
|  65|0x00000000c5d00000, 0x00000000c5d00000, 0x00000000c5e00000|  0%| F|  |TAMS 0x00000000c5d00000| PB 0x00000000c5d00000| Untracked 
|  66|0x00000000c5e00000, 0x00000000c5e00000, 0x00000000c5f00000|  0%| F|  |TAMS 0x00000000c5e00000| PB 0x00000000c5e00000| Untracked 
|  67|0x00000000c5f00000, 0x00000000c5f00000, 0x00000000c6000000|  0%| F|  |TAMS 0x00000000c5f00000| PB 0x00000000c5f00000| Untracked 
|  68|0x00000000c6000000, 0x00000000c6000000, 0x00000000c6100000|  0%| F|  |TAMS 0x00000000c6000000| PB 0x00000000c6000000| Untracked 
|  69|0x00000000c6100000, 0x00000000c6100000, 0x00000000c6200000|  0%| F|  |TAMS 0x00000000c6100000| PB 0x00000000c6100000| Untracked 
|  70|0x00000000c6200000, 0x00000000c6200000, 0x00000000c6300000|  0%| F|  |TAMS 0x00000000c6200000| PB 0x00000000c6200000| Untracked 
|  71|0x00000000c6300000, 0x00000000c6300000, 0x00000000c6400000|  0%| F|  |TAMS 0x00000000c6300000| PB 0x00000000c6300000| Untracked 
|  72|0x00000000c6400000, 0x00000000c6500000, 0x00000000c6500000|100%| S|CS|TAMS 0x00000000c6400000| PB 0x00000000c6400000| Complete 
|  73|0x00000000c6500000, 0x00000000c6500000, 0x00000000c6600000|  0%| F|  |TAMS 0x00000000c6500000| PB 0x00000000c6500000| Untracked 
|  74|0x00000000c6600000, 0x00000000c6600000, 0x00000000c6700000|  0%| F|  |TAMS 0x00000000c6600000| PB 0x00000000c6600000| Untracked 
|  75|0x00000000c6700000, 0x00000000c6700000, 0x00000000c6800000|  0%| F|  |TAMS 0x00000000c6700000| PB 0x00000000c6700000| Untracked 
|  76|0x00000000c6800000, 0x00000000c6800000, 0x00000000c6900000|  0%| F|  |TAMS 0x00000000c6800000| PB 0x00000000c6800000| Untracked 
|  77|0x00000000c6900000, 0x00000000c6900000, 0x00000000c6a00000|  0%| F|  |TAMS 0x00000000c6900000| PB 0x00000000c6900000| Untracked 
|  78|0x00000000c6a00000, 0x00000000c6a00000, 0x00000000c6b00000|  0%| F|  |TAMS 0x00000000c6a00000| PB 0x00000000c6a00000| Untracked 
|  79|0x00000000c6b00000, 0x00000000c6c00000, 0x00000000c6c00000|100%| S|CS|TAMS 0x00000000c6b00000| PB 0x00000000c6b00000| Complete 
|  80|0x00000000c6c00000, 0x00000000c6d00000, 0x00000000c6d00000|100%| S|CS|TAMS 0x00000000c6c00000| PB 0x00000000c6c00000| Complete 
|  81|0x00000000c6d00000, 0x00000000c6e00000, 0x00000000c6e00000|100%| S|CS|TAMS 0x00000000c6d00000| PB 0x00000000c6d00000| Complete 
|  82|0x00000000c6e00000, 0x00000000c6f00000, 0x00000000c6f00000|100%| S|CS|TAMS 0x00000000c6e00000| PB 0x00000000c6e00000| Complete 
|  83|0x00000000c6f00000, 0x00000000c7000000, 0x00000000c7000000|100%| S|CS|TAMS 0x00000000c6f00000| PB 0x00000000c6f00000| Complete 
|  84|0x00000000c7000000, 0x00000000c7000000, 0x00000000c7100000|  0%| F|  |TAMS 0x00000000c7000000| PB 0x00000000c7000000| Untracked 
|  85|0x00000000c7100000, 0x00000000c7100000, 0x00000000c7200000|  0%| F|  |TAMS 0x00000000c7100000| PB 0x00000000c7100000| Untracked 
|  86|0x00000000c7200000, 0x00000000c7200000, 0x00000000c7300000|  0%| F|  |TAMS 0x00000000c7200000| PB 0x00000000c7200000| Untracked 
|  87|0x00000000c7300000, 0x00000000c7300000, 0x00000000c7400000|  0%| F|  |TAMS 0x00000000c7300000| PB 0x00000000c7300000| Untracked 
|  88|0x00000000c7400000, 0x00000000c7400000, 0x00000000c7500000|  0%| F|  |TAMS 0x00000000c7400000| PB 0x00000000c7400000| Untracked 
|  89|0x00000000c7500000, 0x00000000c7500000, 0x00000000c7600000|  0%| F|  |TAMS 0x00000000c7500000| PB 0x00000000c7500000| Untracked 
|  90|0x00000000c7600000, 0x00000000c7600000, 0x00000000c7700000|  0%| F|  |TAMS 0x00000000c7600000| PB 0x00000000c7600000| Untracked 
|  91|0x00000000c7700000, 0x00000000c7700000, 0x00000000c7800000|  0%| F|  |TAMS 0x00000000c7700000| PB 0x00000000c7700000| Untracked 
|  92|0x00000000c7800000, 0x00000000c7800000, 0x00000000c7900000|  0%| F|  |TAMS 0x00000000c7800000| PB 0x00000000c7800000| Untracked 
|  93|0x00000000c7900000, 0x00000000c7900000, 0x00000000c7a00000|  0%| F|  |TAMS 0x00000000c7900000| PB 0x00000000c7900000| Untracked 
|  94|0x00000000c7a00000, 0x00000000c7a00000, 0x00000000c7b00000|  0%| F|  |TAMS 0x00000000c7a00000| PB 0x00000000c7a00000| Untracked 
|  95|0x00000000c7b00000, 0x00000000c7b00000, 0x00000000c7c00000|  0%| F|  |TAMS 0x00000000c7b00000| PB 0x00000000c7b00000| Untracked 
|  96|0x00000000c7c00000, 0x00000000c7c00000, 0x00000000c7d00000|  0%| F|  |TAMS 0x00000000c7c00000| PB 0x00000000c7c00000| Untracked 
|  97|0x00000000c7d00000, 0x00000000c7d00000, 0x00000000c7e00000|  0%| F|  |TAMS 0x00000000c7d00000| PB 0x00000000c7d00000| Untracked 
|  98|0x00000000c7e00000, 0x00000000c7e00000, 0x00000000c7f00000|  0%| F|  |TAMS 0x00000000c7e00000| PB 0x00000000c7e00000| Untracked 
|  99|0x00000000c7f00000, 0x00000000c7f00000, 0x00000000c8000000|  0%| F|  |TAMS 0x00000000c7f00000| PB 0x00000000c7f00000| Untracked 
| 100|0x00000000c8000000, 0x00000000c8000000, 0x00000000c8100000|  0%| F|  |TAMS 0x00000000c8000000| PB 0x00000000c8000000| Untracked 
| 101|0x00000000c8100000, 0x00000000c8100000, 0x00000000c8200000|  0%| F|  |TAMS 0x00000000c8100000| PB 0x00000000c8100000| Untracked 
| 102|0x00000000c8200000, 0x00000000c8200000, 0x00000000c8300000|  0%| F|  |TAMS 0x00000000c8200000| PB 0x00000000c8200000| Untracked 
| 103|0x00000000c8300000, 0x00000000c8300000, 0x00000000c8400000|  0%| F|  |TAMS 0x00000000c8300000| PB 0x00000000c8300000| Untracked 
| 104|0x00000000c8400000, 0x00000000c8400000, 0x00000000c8500000|  0%| F|  |TAMS 0x00000000c8400000| PB 0x00000000c8400000| Untracked 
| 105|0x00000000c8500000, 0x00000000c8500000, 0x00000000c8600000|  0%| F|  |TAMS 0x00000000c8500000| PB 0x00000000c8500000| Untracked 
| 106|0x00000000c8600000, 0x00000000c8600000, 0x00000000c8700000|  0%| F|  |TAMS 0x00000000c8600000| PB 0x00000000c8600000| Untracked 
| 107|0x00000000c8700000, 0x00000000c8700000, 0x00000000c8800000|  0%| F|  |TAMS 0x00000000c8700000| PB 0x00000000c8700000| Untracked 
| 108|0x00000000c8800000, 0x00000000c8800000, 0x00000000c8900000|  0%| F|  |TAMS 0x00000000c8800000| PB 0x00000000c8800000| Untracked 
| 109|0x00000000c8900000, 0x00000000c8900000, 0x00000000c8a00000|  0%| F|  |TAMS 0x00000000c8900000| PB 0x00000000c8900000| Untracked 
| 110|0x00000000c8a00000, 0x00000000c8a00000, 0x00000000c8b00000|  0%| F|  |TAMS 0x00000000c8a00000| PB 0x00000000c8a00000| Untracked 
| 111|0x00000000c8b00000, 0x00000000c8b00000, 0x00000000c8c00000|  0%| F|  |TAMS 0x00000000c8b00000| PB 0x00000000c8b00000| Untracked 
| 112|0x00000000c8c00000, 0x00000000c8c00000, 0x00000000c8d00000|  0%| F|  |TAMS 0x00000000c8c00000| PB 0x00000000c8c00000| Untracked 
| 113|0x00000000c8d00000, 0x00000000c8d00000, 0x00000000c8e00000|  0%| F|  |TAMS 0x00000000c8d00000| PB 0x00000000c8d00000| Untracked 
| 114|0x00000000c8e00000, 0x00000000c8e00000, 0x00000000c8f00000|  0%| F|  |TAMS 0x00000000c8e00000| PB 0x00000000c8e00000| Untracked 
| 115|0x00000000c8f00000, 0x00000000c8f00000, 0x00000000c9000000|  0%| F|  |TAMS 0x00000000c8f00000| PB 0x00000000c8f00000| Untracked 
| 116|0x00000000c9000000, 0x00000000c9000000, 0x00000000c9100000|  0%| F|  |TAMS 0x00000000c9000000| PB 0x00000000c9000000| Untracked 
| 117|0x00000000c9100000, 0x00000000c9100000, 0x00000000c9200000|  0%| F|  |TAMS 0x00000000c9100000| PB 0x00000000c9100000| Untracked 
| 118|0x00000000c9200000, 0x00000000c9200000, 0x00000000c9300000|  0%| F|  |TAMS 0x00000000c9200000| PB 0x00000000c9200000| Untracked 
| 119|0x00000000c9300000, 0x00000000c9300000, 0x00000000c9400000|  0%| F|  |TAMS 0x00000000c9300000| PB 0x00000000c9300000| Untracked 
| 120|0x00000000c9400000, 0x00000000c9400000, 0x00000000c9500000|  0%| F|  |TAMS 0x00000000c9400000| PB 0x00000000c9400000| Untracked 

Card table byte_map: [0x00000217af840000,0x00000217afa40000] _byte_map_base: 0x00000217af232000

Marking Bits: (CMBitMap*) 0x00000217976ee780
 Bits: [0x00000217afa40000, 0x00000217b09d0000)

Polling page: 0x0000021795db0000

Metaspace:

Usage:
  Non-class:      9.28 MB used.
      Class:      1.20 MB used.
       Both:     10.48 MB used.

Virtual space:
  Non-class space:       64.00 MB reserved,       9.38 MB ( 15%) committed,  1 nodes.
      Class space:        1.00 GB reserved,       1.25 MB ( <1%) committed,  1 nodes.
             Both:        1.06 GB reserved,      10.62 MB ( <1%) committed. 

Chunk freelists:
   Non-Class:  5.81 MB
       Class:  14.75 MB
        Both:  20.56 MB

MaxMetaspaceSize: unlimited
CompressedClassSpaceSize: 1.00 GB
Initial GC threshold: 21.00 MB
Current GC threshold: 21.00 MB
CDS: on
 - commit_granule_bytes: 65536.
 - commit_granule_words: 8192.
 - virtual_space_node_default_size: 8388608.
 - enlarge_chunks_in_place: 1.
 - use_allocation_guard: 0.


Internal statistics:

num_allocs_failed_limit: 0.
num_arena_births: 140.
num_arena_deaths: 0.
num_vsnodes_births: 2.
num_vsnodes_deaths: 0.
num_space_committed: 169.
num_space_uncommitted: 0.
num_chunks_returned_to_freelist: 0.
num_chunks_taken_from_freelist: 361.
num_chunk_merges: 0.
num_chunk_splits: 242.
num_chunks_enlarged: 185.
num_inconsistent_stats: 0.

CodeHeap 'non-profiled nmethods': size=120000Kb used=1160Kb max_used=1160Kb free=118839Kb
 bounds [0x00000217a7be0000, 0x00000217a7e50000, 0x00000217af110000]
CodeHeap 'profiled nmethods': size=120000Kb used=3806Kb max_used=3806Kb free=116193Kb
 bounds [0x00000217a0110000, 0x00000217a04d0000, 0x00000217a7640000]
CodeHeap 'non-nmethods': size=5760Kb used=1447Kb max_used=1490Kb free=4312Kb
 bounds [0x00000217a7640000, 0x00000217a78b0000, 0x00000217a7be0000]
 total_blobs=2542 nmethods=2010 adapters=437
 compilation: enabled
              stopped_count=0, restarted_count=0
 full_count=0

Compilation events (20 events):
Event: 6.531 Thread 0x00000217f41863d0 nmethod 2002 0x00000217a04c5590 code [0x00000217a04c5760, 0x00000217a04c59f8]
Event: 6.531 Thread 0x00000217f41863d0 2003       1       java.util.AbstractMap$SimpleImmutableEntry::getValue (5 bytes)
Event: 6.532 Thread 0x00000217f41863d0 nmethod 2003 0x00000217a7d01090 code [0x00000217a7d01220, 0x00000217a7d012e8]
Event: 6.533 Thread 0x00000217f41863d0 2004       1       com.optimaize.langdetect.profiles.LanguageProfileImpl$Stats::access$000 (5 bytes)
Event: 6.533 Thread 0x00000217f41863d0 nmethod 2004 0x00000217a7d01390 code [0x00000217a7d01520, 0x00000217a7d015d0]
Event: 6.534 Thread 0x00000217f41863d0 2005       3       com.google.common.collect.RegularImmutableMap::get (13 bytes)
Event: 6.534 Thread 0x00000217f41863d0 nmethod 2005 0x00000217a04c5b10 code [0x00000217a04c5cc0, 0x00000217a04c5e08]
Event: 6.534 Thread 0x00000217f41863d0 2006       3       com.google.common.collect.ImmutableMapEntry::getValue (5 bytes)
Event: 6.534 Thread 0x00000217f41863d0 nmethod 2006 0x00000217a04c5e90 code [0x00000217a04c6020, 0x00000217a04c6140]
Event: 6.534 Thread 0x00000217f41863d0 2007       3       java.lang.Integer::doubleValue (6 bytes)
Event: 6.535 Thread 0x00000217f41863d0 nmethod 2007 0x00000217a04c6210 code [0x00000217a04c63a0, 0x00000217a04c64b0]
Event: 6.536 Thread 0x00000217f41863d0 2008       3       com.optimaize.langdetect.profiles.LanguageProfileImpl::getNumGramOccurrences (31 bytes)
Event: 6.536 Thread 0x00000217f41863d0 nmethod 2008 0x00000217a04c6510 code [0x00000217a04c6700, 0x00000217a04c6cd8]
Event: 6.536 Thread 0x00000217f41863d0 2009       3       com.google.common.collect.RegularImmutableMap::get (64 bytes)
Event: 6.537 Thread 0x00000217f41863d0 nmethod 2009 0x00000217a04c6f10 code [0x00000217a04c7120, 0x00000217a04c77b0]
Event: 6.538 Thread 0x00000217f4155fb0 2010       4       java.lang.Integer::doubleValue (6 bytes)
Event: 6.538 Thread 0x00000217f4155fb0 nmethod 2010 0x00000217a7d01690 code [0x00000217a7d01820, 0x00000217a7d018b0]
Event: 6.544 Thread 0x00000217f4155fb0 2011       4       java.util.HashMap::containsKey (14 bytes)
Event: 6.550 Thread 0x00000217f4155fb0 nmethod 2011 0x00000217a7d01990 code [0x00000217a7d01b60, 0x00000217a7d01ec8]
Event: 6.550 Thread 0x00000217f4155fb0 2012       4       java.lang.Integer::equals (29 bytes)

GC Heap History (19 events):
Event: 1.016 GC heap before
{Heap before GC invocations=0 (full 0):
 garbage-first heap   total 65536K, used 12288K [0x00000000c1c00000, 0x0000000100000000)
  region size 1024K, 13 young (13312K), 0 survivors (0K)
 Metaspace       used 3181K, committed 3328K, reserved 1114112K
  class space    used 368K, committed 448K, reserved 1048576K
}
Event: 1.027 GC heap after
{Heap after GC invocations=1 (full 0):
 garbage-first heap   total 65536K, used 6688K [0x00000000c1c00000, 0x0000000100000000)
  region size 1024K, 2 young (2048K), 2 survivors (2048K)
 Metaspace       used 3181K, committed 3328K, reserved 1114112K
  class space    used 368K, committed 448K, reserved 1048576K
}
Event: 1.987 GC heap before
{Heap before GC invocations=1 (full 0):
 garbage-first heap   total 65536K, used 17952K [0x00000000c1c00000, 0x0000000100000000)
  region size 1024K, 13 young (13312K), 2 survivors (2048K)
 Metaspace       used 6780K, committed 6976K, reserved 1114112K
  class space    used 835K, committed 896K, reserved 1048576K
}
Event: 1.996 GC heap after
{Heap after GC invocations=2 (full 0):
 garbage-first heap   total 65536K, used 8679K [0x00000000c1c00000, 0x0000000100000000)
  region size 1024K, 2 young (2048K), 2 survivors (2048K)
 Metaspace       used 6780K, committed 6976K, reserved 1114112K
  class space    used 835K, committed 896K, reserved 1048576K
}
Event: 3.337 GC heap before
{Heap before GC invocations=2 (full 0):
 garbage-first heap   total 65536K, used 28135K [0x00000000c1c00000, 0x0000000100000000)
  region size 1024K, 22 young (22528K), 2 survivors (2048K)
 Metaspace       used 9895K, committed 10048K, reserved 1114112K
  class space    used 1130K, committed 1216K, reserved 1048576K
}
Event: 3.356 GC heap after
{Heap after GC invocations=3 (full 0):
 garbage-first heap   total 65536K, used 12477K [0x00000000c1c00000, 0x0000000100000000)
  region size 1024K, 3 young (3072K), 3 survivors (3072K)
 Metaspace       used 9895K, committed 10048K, reserved 1114112K
  class space    used 1130K, committed 1216K, reserved 1048576K
}
Event: 3.870 GC heap before
{Heap before GC invocations=3 (full 0):
 garbage-first heap   total 65536K, used 41149K [0x00000000c1c00000, 0x0000000100000000)
  region size 1024K, 30 young (30720K), 3 survivors (3072K)
 Metaspace       used 10027K, committed 10176K, reserved 1114112K
  class space    used 1140K, committed 1216K, reserved 1048576K
}
Event: 3.907 GC heap after
{Heap after GC invocations=4 (full 0):
 garbage-first heap   total 65536K, used 20296K [0x00000000c1c00000, 0x0000000100000000)
  region size 1024K, 4 young (4096K), 4 survivors (4096K)
 Metaspace       used 10027K, committed 10176K, reserved 1114112K
  class space    used 1140K, committed 1216K, reserved 1048576K
}
Event: 4.039 GC heap before
{Heap before GC invocations=4 (full 0):
 garbage-first heap   total 65536K, used 43848K [0x00000000c1c00000, 0x0000000100000000)
  region size 1024K, 27 young (27648K), 4 survivors (4096K)
 Metaspace       used 10048K, committed 10240K, reserved 1114112K
  class space    used 1140K, committed 1216K, reserved 1048576K
}
Event: 4.077 GC heap after
{Heap after GC invocations=5 (full 0):
 garbage-first heap   total 65536K, used 26624K [0x00000000c1c00000, 0x0000000100000000)
  region size 1024K, 4 young (4096K), 4 survivors (4096K)
 Metaspace       used 10048K, committed 10240K, reserved 1114112K
  class space    used 1140K, committed 1216K, reserved 1048576K
}
Event: 4.245 GC heap before
{Heap before GC invocations=5 (full 0):
 garbage-first heap   total 65536K, used 50176K [0x00000000c1c00000, 0x0000000100000000)
  region size 1024K, 25 young (25600K), 4 survivors (4096K)
 Metaspace       used 10050K, committed 10240K, reserved 1114112K
  class space    used 1141K, committed 1216K, reserved 1048576K
}
Event: 4.289 GC heap after
{Heap after GC invocations=6 (full 0):
 garbage-first heap   total 123904K, used 34304K [0x00000000c1c00000, 0x0000000100000000)
  region size 1024K, 4 young (4096K), 4 survivors (4096K)
 Metaspace       used 10050K, committed 10240K, reserved 1114112K
  class space    used 1141K, committed 1216K, reserved 1048576K
}
Event: 4.481 GC heap before
{Heap before GC invocations=6 (full 0):
 garbage-first heap   total 123904K, used 67072K [0x00000000c1c00000, 0x0000000100000000)
  region size 1024K, 36 young (36864K), 4 survivors (4096K)
 Metaspace       used 10058K, committed 10240K, reserved 1114112K
  class space    used 1141K, committed 1216K, reserved 1048576K
}
Event: 4.535 GC heap after
{Heap after GC invocations=7 (full 0):
 garbage-first heap   total 123904K, used 43008K [0x00000000c1c00000, 0x0000000100000000)
  region size 1024K, 5 young (5120K), 5 survivors (5120K)
 Metaspace       used 10058K, committed 10240K, reserved 1114112K
  class space    used 1141K, committed 1216K, reserved 1048576K
}
Event: 4.731 GC heap before
{Heap before GC invocations=7 (full 0):
 garbage-first heap   total 123904K, used 73728K [0x00000000c1c00000, 0x0000000100000000)
  region size 1024K, 32 young (32768K), 5 survivors (5120K)
 Metaspace       used 10064K, committed 10240K, reserved 1114112K
  class space    used 1141K, committed 1216K, reserved 1048576K
}
Event: 4.788 GC heap after
{Heap after GC invocations=8 (full 0):
 garbage-first heap   total 123904K, used 53760K [0x00000000c1c00000, 0x0000000100000000)
  region size 1024K, 4 young (4096K), 4 survivors (4096K)
 Metaspace       used 10064K, committed 10240K, reserved 1114112K
  class space    used 1141K, committed 1216K, reserved 1048576K
}
Event: 5.888 GC heap before
{Heap before GC invocations=8 (full 0):
 garbage-first heap   total 123904K, used 91648K [0x00000000c1c00000, 0x0000000100000000)
  region size 1024K, 42 young (43008K), 4 survivors (4096K)
 Metaspace       used 10456K, committed 10688K, reserved 1114112K
  class space    used 1190K, committed 1280K, reserved 1048576K
}
Event: 5.929 GC heap after
{Heap after GC invocations=9 (full 0):
 garbage-first heap   total 123904K, used 60332K [0x00000000c1c00000, 0x0000000100000000)
  region size 1024K, 6 young (6144K), 6 survivors (6144K)
 Metaspace       used 10456K, committed 10688K, reserved 1114112K
  class space    used 1190K, committed 1280K, reserved 1048576K
}
Event: 6.550 GC heap before
{Heap before GC invocations=9 (full 0):
 garbage-first heap   total 123904K, used 97196K [0x00000000c1c00000, 0x0000000100000000)
  region size 1024K, 43 young (44032K), 6 survivors (6144K)
 Metaspace       used 10732K, committed 10880K, reserved 1114112K
  class space    used 1226K, committed 1280K, reserved 1048576K
}

Dll operation events (6 events):
Event: 0.019 Loaded shared library C:\Program Files\Java\jdk-21.0.11\bin\java.dll
Event: 0.103 Loaded shared library C:\Program Files\Java\jdk-21.0.11\bin\jsvml.dll
Event: 0.164 Loaded shared library C:\Program Files\Java\jdk-21.0.11\bin\net.dll
Event: 0.172 Loaded shared library C:\Program Files\Java\jdk-21.0.11\bin\nio.dll
Event: 0.181 Loaded shared library C:\Program Files\Java\jdk-21.0.11\bin\zip.dll
Event: 0.222 Loaded shared library C:\Program Files\Java\jdk-21.0.11\bin\jimage.dll

Deoptimization events (20 events):
Event: 5.661 Thread 0x00000217976bd640 Uncommon trap: trap_request=0xffffffde fr.pc=0x00000217a7cf3a4c relative=0x000000000000012c
Event: 5.661 Thread 0x00000217976bd640 Uncommon trap: reason=class_check action=maybe_recompile pc=0x00000217a7cf3a4c method=jdk.internal.misc.Unsafe.allocateUninitializedArray(Ljava/lang/Class;I)Ljava/lang/Object; @ 51 c2
Event: 5.661 Thread 0x00000217976bd640 DEOPT PACKING pc=0x00000217a7cf3a4c sp=0x000000eedc1fe3b0
Event: 5.661 Thread 0x00000217976bd640 DEOPT UNPACKING pc=0x00000217a76946a2 sp=0x000000eedc1fe328 mode 2
Event: 5.662 Thread 0x00000217976bd640 DEOPT PACKING pc=0x00000217a0492283 sp=0x000000eedc1fe9f0
Event: 5.662 Thread 0x00000217976bd640 DEOPT UNPACKING pc=0x00000217a7694e42 sp=0x000000eedc1fdf10 mode 0
Event: 5.666 Thread 0x00000217976bd640 DEOPT PACKING pc=0x00000217a0494084 sp=0x000000eedc1fe750
Event: 5.666 Thread 0x00000217976bd640 DEOPT UNPACKING pc=0x00000217a7694e42 sp=0x000000eedc1fdc18 mode 0
Event: 5.673 Thread 0x00000217976bd640 Uncommon trap: trap_request=0xffffffde fr.pc=0x00000217a7cf3a4c relative=0x000000000000012c
Event: 5.673 Thread 0x00000217976bd640 Uncommon trap: reason=class_check action=maybe_recompile pc=0x00000217a7cf3a4c method=jdk.internal.misc.Unsafe.allocateUninitializedArray(Ljava/lang/Class;I)Ljava/lang/Object; @ 51 c2
Event: 5.673 Thread 0x00000217976bd640 DEOPT PACKING pc=0x00000217a7cf3a4c sp=0x000000eedc1fe3b0
Event: 5.673 Thread 0x00000217976bd640 DEOPT UNPACKING pc=0x00000217a76946a2 sp=0x000000eedc1fe328 mode 2
Event: 5.702 Thread 0x00000217976bd640 DEOPT PACKING pc=0x00000217a0492283 sp=0x000000eedc1fe9f0
Event: 5.702 Thread 0x00000217976bd640 DEOPT UNPACKING pc=0x00000217a7694e42 sp=0x000000eedc1fdf10 mode 0
Event: 5.708 Thread 0x00000217976bd640 DEOPT PACKING pc=0x00000217a0494084 sp=0x000000eedc1fe750
Event: 5.708 Thread 0x00000217976bd640 DEOPT UNPACKING pc=0x00000217a7694e42 sp=0x000000eedc1fdc18 mode 0
Event: 6.527 Thread 0x00000217976bd640 Uncommon trap: trap_request=0xffffff45 fr.pc=0x00000217a7c85d08 relative=0x0000000000000068
Event: 6.527 Thread 0x00000217976bd640 Uncommon trap: reason=unstable_if action=reinterpret pc=0x00000217a7c85d08 method=java.util.HashMap.isEmpty()Z @ 4 c2
Event: 6.527 Thread 0x00000217976bd640 DEOPT PACKING pc=0x00000217a7c85d08 sp=0x000000eedc1fee00
Event: 6.527 Thread 0x00000217976bd640 DEOPT UNPACKING pc=0x00000217a76946a2 sp=0x000000eedc1fed90 mode 2

Classes loaded (20 events):
Event: 3.784 Loading class sun/text/resources/BreakIteratorResources_en_US
Event: 3.784 Loading class sun/text/resources/BreakIteratorResources_en_US done
Event: 3.786 Loading class sun/text/RuleBasedBreakIterator
Event: 3.786 Loading class sun/text/RuleBasedBreakIterator done
Event: 3.787 Loading class sun/text/CompactByteArray
Event: 3.787 Loading class sun/text/CompactByteArray done
Event: 3.791 Loading class sun/text/SupplementaryCharacterData
Event: 3.791 Loading class sun/text/SupplementaryCharacterData done
Event: 3.791 Loading class java/text/BreakIterator$BreakIteratorCache
Event: 3.791 Loading class java/text/BreakIterator$BreakIteratorCache done
Event: 3.791 Loading class java/text/StringCharacterIterator
Event: 3.792 Loading class java/text/CharacterIterator
Event: 3.793 Loading class java/text/CharacterIterator done
Event: 3.793 Loading class java/text/StringCharacterIterator done
Event: 4.813 Loading class java/io/FileFilter
Event: 4.813 Loading class java/io/FileFilter done
Event: 5.066 Loading class java/util/NoSuchElementException
Event: 5.067 Loading class java/util/NoSuchElementException done
Event: 6.311 Loading class java/util/ComparableTimSort
Event: 6.312 Loading class java/util/ComparableTimSort done

Classes unloaded (0 events):
No events

Classes redefined (0 events):
No events

Internal exceptions (10 events):
Event: 0.698 Thread 0x00000217976bd640 Exception <a 'java/lang/NoSuchMethodError'{0x00000000c514d7a8}: 'void java.lang.invoke.DirectMethodHandle$Holder.invokeStatic(java.lang.Object, java.lang.Object, java.lang.Object)'> (0x00000000c514d7a8) 
thrown [s\open\src\hotspot\share\interpreter\linkResolver.cpp, line 773]
Event: 0.888 Thread 0x00000217976bd640 Exception <a 'java/lang/NoSuchMethodError'{0x00000000c509e950}: 'void java.lang.invoke.DirectMethodHandle$Holder.invokeSpecialIFC(java.lang.Object, java.lang.Object, java.lang.Object, java.lang.Object, java.lang.Object)'> (0x00000000c509e950) 
thrown [s\open\src\hotspot\share\interpreter\linkResolver.cpp, line 773]
Event: 0.891 Thread 0x00000217976bd640 Exception <a 'java/lang/NoSuchMethodError'{0x00000000c50a6980}: 'void java.lang.invoke.DirectMethodHandle$Holder.invokeStatic(java.lang.Object, java.lang.Object, java.lang.Object, java.lang.Object)'> (0x00000000c50a6980) 
thrown [s\open\src\hotspot\share\interpreter\linkResolver.cpp, line 773]
Event: 0.894 Thread 0x00000217976bd640 Exception <a 'java/lang/NoSuchMethodError'{0x00000000c50aee08}: 'int java.lang.invoke.DirectMethodHandle$Holder.invokeSpecial(java.lang.Object, java.lang.Object, java.lang.Object)'> (0x00000000c50aee08) 
thrown [s\open\src\hotspot\share\interpreter\linkResolver.cpp, line 773]
Event: 0.953 Thread 0x00000217976bd640 Exception <a 'java/lang/NoSuchMethodError'{0x00000000c4f5d670}: 'java.lang.Object java.lang.invoke.DirectMethodHandle$Holder.invokeStaticInit(java.lang.Object, java.lang.Object, java.lang.Object)'> (0x00000000c4f5d670) 
thrown [s\open\src\hotspot\share\interpreter\linkResolver.cpp, line 773]
Event: 1.501 Thread 0x00000217976bd640 Exception <a 'java/lang/NoSuchMethodError'{0x00000000c58e7690}: 'java.lang.Object java.lang.invoke.DirectMethodHandle$Holder.invokeSpecial(java.lang.Object, java.lang.Object, java.lang.Object, long, java.lang.Object)'> (0x00000000c58e7690) 
thrown [s\open\src\hotspot\share\interpreter\linkResolver.cpp, line 773]
Event: 1.504 Thread 0x00000217976bd640 Exception <a 'java/lang/NoSuchMethodError'{0x00000000c58eaff0}: 'java.lang.Object java.lang.invoke.Invokers$Holder.linkToTargetMethod(java.lang.Object, long, java.lang.Object, java.lang.Object)'> (0x00000000c58eaff0) 
thrown [s\open\src\hotspot\share\interpreter\linkResolver.cpp, line 773]
Event: 2.026 Thread 0x00000217976bd640 Exception <a 'java/lang/ClassNotFoundException'{0x00000000c5b15800}: com/sun/org/apache/xerces/internal/impl/xpath/regex/spi/messageProvider> (0x00000000c5b15800) 
thrown [s\open\src\hotspot\share\classfile\systemDictionary.cpp, line 313]
Event: 2.948 Thread 0x00000217976bd640 Exception <a 'java/lang/NoSuchMethodError'{0x00000000c563ce98}: 'java.lang.Object java.lang.invoke.DirectMethodHandle$Holder.invokeInterface(java.lang.Object, java.lang.Object)'> (0x00000000c563ce98) 
thrown [s\open\src\hotspot\share\interpreter\linkResolver.cpp, line 773]
Event: 2.949 Thread 0x00000217976bd640 Exception <a 'java/lang/IncompatibleClassChangeError'{0x00000000c5640110}: Found class java.lang.Object, but interface was expected> (0x00000000c5640110) 
thrown [s\open\src\hotspot\share\interpreter\linkResolver.cpp, line 840]

ZGC Phase Switch (0 events):
No events

VM Operations (20 events):
Event: 3.356 Executing VM operation: G1CollectForAllocation (G1 Evacuation Pause) done
Event: 3.870 Executing VM operation: G1CollectForAllocation (G1 Evacuation Pause)
Event: 3.907 Executing VM operation: G1CollectForAllocation (G1 Evacuation Pause) done
Event: 3.907 Executing VM operation: ThreadDump
Event: 3.908 Executing VM operation: ThreadDump done
Event: 4.039 Executing VM operation: G1CollectForAllocation (G1 Evacuation Pause)
Event: 4.077 Executing VM operation: G1CollectForAllocation (G1 Evacuation Pause) done
Event: 4.244 Executing VM operation: G1CollectForAllocation (G1 Evacuation Pause)
Event: 4.289 Executing VM operation: G1CollectForAllocation (G1 Evacuation Pause) done
Event: 4.481 Executing VM operation: G1CollectForAllocation (G1 Evacuation Pause)
Event: 4.535 Executing VM operation: G1CollectForAllocation (G1 Evacuation Pause) done
Event: 4.731 Executing VM operation: G1CollectForAllocation (G1 Evacuation Pause)
Event: 4.788 Executing VM operation: G1CollectForAllocation (G1 Evacuation Pause) done
Event: 4.985 Executing VM operation: ThreadDump
Event: 4.985 Executing VM operation: ThreadDump done
Event: 5.872 Executing VM operation: ThreadDump
Event: 5.873 Executing VM operation: ThreadDump done
Event: 5.888 Executing VM operation: G1CollectForAllocation (G1 Evacuation Pause)
Event: 5.929 Executing VM operation: G1CollectForAllocation (G1 Evacuation Pause) done
Event: 6.550 Executing VM operation: G1CollectForAllocation (G1 Evacuation Pause)

Events (17 events):
Event: 0.050 Thread 0x00000217976bd640 Thread added: 0x00000217976bd640
Event: 0.093 Thread 0x00000217f414b800 Thread added: 0x00000217f414b800
Event: 0.094 Thread 0x00000217f414d470 Thread added: 0x00000217f414d470
Event: 0.095 Thread 0x00000217f414fee0 Thread added: 0x00000217f414fee0
Event: 0.095 Thread 0x00000217f4151950 Thread added: 0x00000217f4151950
Event: 0.095 Thread 0x00000217f41523b0 Thread added: 0x00000217f41523b0
Event: 0.095 Thread 0x00000217f4152e10 Thread added: 0x00000217f4152e10
Event: 0.095 Thread 0x00000217f4155fb0 Thread added: 0x00000217f4155fb0
Event: 0.099 Thread 0x00000217f41863d0 Thread added: 0x00000217f41863d0
Event: 0.148 Thread 0x00000217f42e9620 Thread added: 0x00000217f42e9620
Event: 0.154 Thread 0x00000217f42ebca0 Thread added: 0x00000217f42ebca0
Event: 1.855 Thread 0x00000217f9179f40 Thread added: 0x00000217f9179f40
Event: 1.866 Thread 0x00000217f917a5b0 Thread added: 0x00000217f917a5b0
Event: 3.040 Thread 0x00000217f9288d70 Thread added: 0x00000217f9288d70
Event: 4.788 Thread 0x00000217f9288d70 Thread exited: 0x00000217f9288d70
Event: 5.394 Thread 0x00000217f979e050 Thread added: 0x00000217f979e050
Event: 5.866 Thread 0x00000217f979e050 Thread exited: 0x00000217f979e050


Dynamic libraries:
0x00007ff644650000 - 0x00007ff644660000 	C:\Program Files\Java\jdk-21.0.11\bin\java.EXE
0x00007ffaa1390000 - 0x00007ffaa1588000 	C:\Windows\SYSTEM32\ntdll.dll
0x00007ffa8bef0000 - 0x00007ffa8bf11000 	C:\Program Files\Avast Software\Avast\aswhook.dll
0x00007ffa9f950000 - 0x00007ffa9fa12000 	C:\Windows\System32\KERNEL32.DLL
0x00007ffa9ef30000 - 0x00007ffa9f226000 	C:\Windows\System32\KERNELBASE.dll
0x00007ffa9eab0000 - 0x00007ffa9ebb0000 	C:\Windows\System32\ucrtbase.dll
0x00007ffa92fa0000 - 0x00007ffa92fb9000 	C:\Program Files\Java\jdk-21.0.11\bin\jli.dll
0x00007ffa9fff0000 - 0x00007ffaa00a1000 	C:\Windows\System32\ADVAPI32.dll
0x00007ffaa12a0000 - 0x00007ffaa133e000 	C:\Windows\System32\msvcrt.dll
0x00007ffa9fc20000 - 0x00007ffa9fcbf000 	C:\Windows\System32\sechost.dll
0x00007ffaa0330000 - 0x00007ffaa0450000 	C:\Windows\System32\RPCRT4.dll
0x00007ffa9f230000 - 0x00007ffa9f257000 	C:\Windows\System32\bcrypt.dll
0x00007ffaa00b0000 - 0x00007ffaa0251000 	C:\Windows\System32\USER32.dll
0x00007ffa9ef00000 - 0x00007ffa9ef22000 	C:\Windows\System32\win32u.dll
0x00007ffaa0f10000 - 0x00007ffaa0f3b000 	C:\Windows\System32\GDI32.dll
0x00007ffa9ede0000 - 0x00007ffa9eef9000 	C:\Windows\System32\gdi32full.dll
0x00007ffa9f310000 - 0x00007ffa9f3ad000 	C:\Windows\System32\msvcp_win.dll
0x00007ffa6af50000 - 0x00007ffa6af6e000 	C:\Program Files\Java\jdk-21.0.11\bin\VCRUNTIME140.dll
0x00007ffa8ef50000 - 0x00007ffa8f1eb000 	C:\Windows\WinSxS\amd64_microsoft.windows.common-controls_6595b64144ccf1df_6.0.19041.6456_none_60b8a6cb71f64256\COMCTL32.dll
0x00007ffa9e580000 - 0x00007ffa9e58a000 	C:\Windows\SYSTEM32\VERSION.dll
0x00007ffa9f910000 - 0x00007ffa9f93f000 	C:\Windows\System32\IMM32.DLL
0x0000000060140000 - 0x000000006014d000 	C:\Program Files (x86)\360\Total Security\safemon\SafeWrapper.dll
0x00007ffa99df0000 - 0x00007ffa99ef5000 	C:\Program Files (x86)\360\Total Security\safemon\libzdtp64.dll
0x00007ffaa0690000 - 0x00007ffaa0e00000 	C:\Windows\System32\SHELL32.dll
0x00007ffa9fcc0000 - 0x00007ffa9fd1b000 	C:\Windows\System32\SHLWAPI.dll
0x00007ffa92f60000 - 0x00007ffa92f6c000 	C:\Program Files\Java\jdk-21.0.11\bin\vcruntime140_1.dll
0x00007ffa6aea0000 - 0x00007ffa6af2d000 	C:\Program Files\Java\jdk-21.0.11\bin\msvcp140.dll
0x00007ff9f7400000 - 0x00007ff9f8128000 	C:\Program Files\Java\jdk-21.0.11\bin\server\jvm.dll
0x00007ffa9fe50000 - 0x00007ffa9febb000 	C:\Windows\System32\WS2_32.dll
0x00007ffa9def0000 - 0x00007ffa9df3b000 	C:\Windows\SYSTEM32\POWRPROF.dll
0x00007ffa8f6b0000 - 0x00007ffa8f6d7000 	C:\Windows\SYSTEM32\WINMM.dll
0x00007ffa9ddb0000 - 0x00007ffa9ddc2000 	C:\Windows\SYSTEM32\UMPDC.dll
0x00007ffa9c820000 - 0x00007ffa9c832000 	C:\Windows\SYSTEM32\kernel.appcore.dll
0x00007ffa82ee0000 - 0x00007ffa82eea000 	C:\Program Files\Java\jdk-21.0.11\bin\jimage.dll
0x00007ffa93110000 - 0x00007ffa93311000 	C:\Windows\SYSTEM32\DBGHELP.DLL
0x00007ffa930b0000 - 0x00007ffa930e4000 	C:\Windows\SYSTEM32\dbgcore.DLL
0x00007ffa9ea20000 - 0x00007ffa9eaa2000 	C:\Windows\System32\bcryptPrimitives.dll
0x00007ffa6ae70000 - 0x00007ffa6ae91000 	C:\Program Files\Java\jdk-21.0.11\bin\java.dll
0x00007ffa9ca20000 - 0x00007ffa9d1c5000 	C:\Windows\SYSTEM32\windows.storage.dll
0x00007ffaa0f40000 - 0x00007ffaa1294000 	C:\Windows\System32\combase.dll
0x00007ffa9e3e0000 - 0x00007ffa9e40b000 	C:\Windows\SYSTEM32\Wldp.dll
0x00007ffa9fec0000 - 0x00007ffa9ff8d000 	C:\Windows\System32\OLEAUT32.dll
0x00007ffaa0280000 - 0x00007ffaa032d000 	C:\Windows\System32\SHCORE.dll
0x00007ffa9e950000 - 0x00007ffa9e974000 	C:\Windows\SYSTEM32\profapi.dll
0x00007ffa65d60000 - 0x00007ffa65e37000 	C:\Program Files\Java\jdk-21.0.11\bin\jsvml.dll
0x00007ffa6af30000 - 0x00007ffa6af41000 	C:\Program Files\Java\jdk-21.0.11\bin\net.dll
0x00007ffa96cc0000 - 0x00007ffa96dca000 	C:\Windows\SYSTEM32\WINHTTP.dll
0x00007ffa9e140000 - 0x00007ffa9e1aa000 	C:\Windows\system32\mswsock.dll
0x00007ffa6ae50000 - 0x00007ffa6ae66000 	C:\Program Files\Java\jdk-21.0.11\bin\nio.dll
0x00007ffa6ae30000 - 0x00007ffa6ae48000 	C:\Program Files\Java\jdk-21.0.11\bin\zip.dll

dbghelp: loaded successfully - version: 4.0.5 - missing functions: none
symbol engine: initialized successfully - sym options: 0x614 - pdb path: .;C:\Program Files\Java\jdk-21.0.11\bin;C:\Windows\SYSTEM32;C:\Program Files\Avast Software\Avast;C:\Windows\WinSxS\amd64_microsoft.windows.common-controls_6595b64144ccf1df_6.0.19041.6456_none_60b8a6cb71f64256;C:\Program Files (x86)\360\Total Security\safemon;C:\Program Files\Java\jdk-21.0.11\bin\server

VM Arguments:
java_command: org.languagetool.server.HTTPServer -p 8947
java_class_path (initial): C:\Users\Administrator\.cache\language_tool_python\LanguageTool-6.8\languagetool-server.jar
Launcher Type: SUN_STANDARD

[Global flags]
     intx CICompilerCount                          = 3                                         {product} {ergonomic}
     uint ConcGCThreads                            = 1                                         {product} {ergonomic}
     uint G1ConcRefinementThreads                  = 4                                         {product} {ergonomic}
   size_t G1HeapRegionSize                         = 1048576                                   {product} {ergonomic}
    uintx GCDrainStackTargetSize                   = 64                                        {product} {ergonomic}
   size_t InitialHeapSize                          = 67108864                                  {product} {ergonomic}
   size_t MarkStackSize                            = 4194304                                   {product} {ergonomic}
   size_t MaxHeapSize                              = 1044381696                                {product} {ergonomic}
   size_t MaxNewSize                               = 625999872                                 {product} {ergonomic}
   size_t MinHeapDeltaBytes                        = 1048576                                   {product} {ergonomic}
   size_t MinHeapSize                              = 8388608                                   {product} {ergonomic}
    uintx NonNMethodCodeHeapSize                   = 5832780                                {pd product} {ergonomic}
    uintx NonProfiledCodeHeapSize                  = 122912730                              {pd product} {ergonomic}
    uintx ProfiledCodeHeapSize                     = 122912730                              {pd product} {ergonomic}
    uintx ReservedCodeCacheSize                    = 251658240                              {pd product} {ergonomic}
     bool SegmentedCodeCache                       = true                                      {product} {ergonomic}
   size_t SoftMaxHeapSize                          = 1044381696                             {manageable} {ergonomic}
     bool UseCompressedOops                        = true                           {product lp64_product} {ergonomic}
     bool UseG1GC                                  = true                                      {product} {ergonomic}
     bool UseLargePagesIndividualAllocation        = false                                  {pd product} {ergonomic}

Logging:
Log output configuration:
 #0: stdout all=warning uptime,level,tags foldmultilines=false
 #1: stderr all=off uptime,level,tags foldmultilines=false

Environment Variables:
PATH=C:\Users\Administrator\bin;C:\Program Files\Git\mingw64\bin;C:\Program Files\Git\usr\local\bin;C:\Program Files\Git\usr\bin;C:\Program Files\Git\usr\bin;C:\Program Files\Git\mingw64\bin;C:\Program Files\Git\usr\bin;C:\Users\Administrator\bin;C:\Program Files\Common Files\Oracle\Java\javapath;C:\Windows\system32;C:\Windows;C:\Windows\System32\Wbem;C:\Windows\System32\WindowsPowerShell\v1.0;C:\Windows\System32\OpenSSH;C:\Program Files\Git\cmd;C:\Program Files\Microsoft SQL Server\150\Tools\Binn;C:\Program Files\Microsoft SQL Server\Client SDK\ODBC\170\Tools\Binn;C:\Program Files (x86)\Microsoft SQL Server\160\DTS\Binn;C:\Program Files (x86)\Microsoft SQL Server\160\Tools\Binn;C:\Program Files\Microsoft SQL Server\160\Tools\Binn;C:\Program Files\Microsoft SQL Server\160\DTS\Binn;C:\Program Files\dotnet;C:\Users\Administrator\AppData\Roaming\npm;C:\MinGW\bin;C:\Program Files\nodejs;C:\Users\Administrator\AppData\Local\Programs\Python\Python313\Scripts;C:\Users\Administrator\AppData\Local\Programs\Python\Python313;C:\Users\Administrator\AppData\Local\Microsoft\WindowsApps;C:\Users\Administrator\AppData\Local\Programs\Microsoft VS Code\bin;C:\Users\Administrator\.dotnet\tools;C:\Users\Administrator\AppData\Roaming\npm;C:\Program Files\Git\usr\bin\vendor_perl;C:\Program Files\Git\usr\bin\core_perl;C:\Users\Administrator\.local\bin;C:\Users\Administrator\bin
USERNAME=Administrator
SHELL=C:\Program Files\Git\usr\bin\bash.exe
DISPLAY=needs-to-be-defined
LANG=en_US.UTF-8
TERM=xterm-256color
TMPDIR=C:\Users\ADMINI~1\AppData\Local\Temp
OS=Windows_NT
PROCESSOR_IDENTIFIER=Intel64 Family 6 Model 69 Stepping 1, GenuineIntel
TMP=C:\Users\ADMINI~1\AppData\Local\Temp
TEMP=C:\Users\ADMINI~1\AppData\Local\Temp




Periodic native trim disabled

---------------  S Y S T E M  ---------------

OS:
 Windows 10 , 64 bit Build 19041 (10.0.19041.5915)
OS uptime: 0 days 1:00 hours

CPU: total 4 (initial active 4) (2 cores per cpu, 2 threads per core) family 6 model 69 stepping 1 microcode 0x25, cx8, cmov, fxsr, ht, mmx, sse, sse2, sse3, ssse3, sse4.1, sse4.2, popcnt, lzcnt, tsc, tscinvbit, avx, avx2, aes, erms, clmul, bmi1, bmi2, fma, vzeroupper, clflush, rdtscp, f16c
Processor Information for all 4 processors :
  Max Mhz: 2401, Current Mhz: 1700, Mhz Limit: 1680

Memory: 4k page, system-wide physical 3976M (392M free)
TotalPageFile size 9974M (AvailPageFile size 54M)
current process WorkingSet (physical memory assigned to process): 177M, peak: 177M
current process commit charge ("private bytes"): 221M, peak: 372M

vm_info: Java HotSpot(TM) 64-Bit Server VM (21.0.11+9-LTS-211) for windows-amd64 JRE (21.0.11+9-LTS-211), built on 2026-03-11T00:23:15Z by "mach5run" with MS VC++ 17.13 (VS2022)

END.
