#
# There is insufficient memory for the Java Runtime Environment to continue.
# Native memory allocation (mmap) failed to map 28311552 bytes for G1 virtual space
# Possible reasons:
#   The system is out of physical RAM or swap space
#   The process is running with CompressedOops enabled, and the Java Heap may be blocking the growth of the native heap
# Possible solutions:
#   Reduce memory load on the system
#   Increase physical memory or swap space
#   Check if swap backing store is full
#   Decrease Java heap size (-Xmx/-Xms)
#   Decrease number of Java threads
#   Decrease Java thread stack sizes (-Xss)
#   Set larger code cache with -XX:ReservedCodeCacheSize=
#   JVM is running with Unscaled Compressed Oops mode in which the Java heap is
#     placed in the first 4GB address space. The Java Heap base address is the
#     maximum limit for the native heap growth. Please use -XX:HeapBaseMinAddress
#     to set the Java Heap base and to place the Java Heap above 4GB virtual address.
# This output file may be truncated or incomplete.
#
#  Out of Memory Error (os_windows.cpp:3604), pid=16380, tid=11116
#
# JRE version: Java(TM) SE Runtime Environment (21.0.11+9) (build 21.0.11+9-LTS-211)
# Java VM: Java HotSpot(TM) 64-Bit Server VM (21.0.11+9-LTS-211, mixed mode, sharing, tiered, compressed oops, compressed class ptrs, g1 gc, windows-amd64)
# No core dump will be written. Minidumps are not enabled by default on client versions of Windows
#

---------------  S U M M A R Y ------------

Command Line: org.languagetool.server.HTTPServer -p 8186

Host: Intel(R) Core(TM) i5-4210U CPU @ 1.70GHz, 4 cores, 3G,  Windows 10 , 64 bit Build 19041 (10.0.19041.5915)
Time: Fri Jun  5 16:24:40 2026 Pakistan Standard Time elapsed time: 2.728873 seconds (0d 0h 0m 2s)

---------------  T H R E A D  ---------------

Current thread (0x00000243be7410d0):  VMThread "VM Thread"          [id=11116, stack(0x000000a35fa00000,0x000000a35fb00000) (1024K)]

Stack: [0x000000a35fa00000,0x000000a35fb00000]
Native frames: (J=compiled Java code, j=interpreted, Vv=VM code, C=native code)
V  [jvm.dll+0x6d0ef9]
V  [jvm.dll+0x860126]
V  [jvm.dll+0x86261e]
V  [jvm.dll+0x862cf3]
V  [jvm.dll+0x282bc6]
V  [jvm.dll+0x6cd7a5]
V  [jvm.dll+0x6c232a]
V  [jvm.dll+0x35bfb8]
V  [jvm.dll+0x363c76]
V  [jvm.dll+0x3b4d8e]
V  [jvm.dll+0x3b5038]
V  [jvm.dll+0x32fa6c]
V  [jvm.dll+0x32fafa]
V  [jvm.dll+0x373fc2]
V  [jvm.dll+0x37274d]
V  [jvm.dll+0x32f1b1]
V  [jvm.dll+0x371daa]
V  [jvm.dll+0x8689ef]
V  [jvm.dll+0x869d7c]
V  [jvm.dll+0x86a2b1]
V  [jvm.dll+0x86a553]
V  [jvm.dll+0x80ac0d]
V  [jvm.dll+0x6cf79d]
C  [ucrtbase.dll+0x21bb2]
C  [KERNEL32.DLL+0x17374]
C  [ntdll.dll+0x4cc91]

VM_Operation (0x000000a35f3fe250): G1CollectForAllocation, mode: safepoint, requested by thread 0x00000243a14a4d30


---------------  P R O C E S S  ---------------

Threads class SMR info:
_java_thread_list=0x00000244049c7ff0, length=14, elements={
0x00000243a14a4d30, 0x00000243be755d00, 0x00000243be75b890, 0x00000243be75de70,
0x00000243be75e8d0, 0x00000243be75f330, 0x00000243be75fd90, 0x00000243be762f30,
0x00000243be790da0, 0x00000243be9b0890, 0x00000243be9b7b00, 0x0000024404950d70,
0x00000244049513e0, 0x00000244049918f0
}

Java Threads: ( => current thread )
  0x00000243a14a4d30 JavaThread "main"                              [_thread_blocked, id=4984, stack(0x000000a35f300000,0x000000a35f400000) (1024K)]
  0x00000243be755d00 JavaThread "Reference Handler"          daemon [_thread_blocked, id=14192, stack(0x000000a35fb00000,0x000000a35fc00000) (1024K)]
  0x00000243be75b890 JavaThread "Finalizer"                  daemon [_thread_blocked, id=18316, stack(0x000000a35fc00000,0x000000a35fd00000) (1024K)]
  0x00000243be75de70 JavaThread "Signal Dispatcher"          daemon [_thread_blocked, id=18612, stack(0x000000a35fd00000,0x000000a35fe00000) (1024K)]
  0x00000243be75e8d0 JavaThread "Attach Listener"            daemon [_thread_blocked, id=7408, stack(0x000000a35fe00000,0x000000a35ff00000) (1024K)]
  0x00000243be75f330 JavaThread "Service Thread"             daemon [_thread_blocked, id=4100, stack(0x000000a35ff00000,0x000000a360000000) (1024K)]
  0x00000243be75fd90 JavaThread "Monitor Deflation Thread"   daemon [_thread_blocked, id=14620, stack(0x000000a360000000,0x000000a360100000) (1024K)]
  0x00000243be762f30 JavaThread "C2 CompilerThread0"         daemon [_thread_in_native, id=10820, stack(0x000000a360100000,0x000000a360200000) (1024K)]
  0x00000243be790da0 JavaThread "C1 CompilerThread0"         daemon [_thread_blocked, id=12744, stack(0x000000a360200000,0x000000a360300000) (1024K)]
  0x00000243be9b0890 JavaThread "Notification Thread"        daemon [_thread_blocked, id=16532, stack(0x000000a360300000,0x000000a360400000) (1024K)]
  0x00000243be9b7b00 JavaThread "Common-Cleaner"             daemon [_thread_blocked, id=5800, stack(0x000000a360400000,0x000000a360500000) (1024K)]
  0x0000024404950d70 JavaThread "LtThreadPoolMonitor"        daemon [_thread_blocked, id=15084, stack(0x000000a360800000,0x000000a360900000) (1024K)]
  0x00000244049513e0 JavaThread "LtThreadPoolExecutorMonitor" daemon [_thread_blocked, id=18148, stack(0x000000a360900000,0x000000a360a00000) (1024K)]
  0x00000244049918f0 JavaThread "C2 CompilerThread1"         daemon [_thread_blocked, id=17784, stack(0x000000a360a00000,0x000000a360b00000) (1024K)]
Total: 14

Other Threads:
=>0x00000243be7410d0 VMThread "VM Thread"                           [id=11116, stack(0x000000a35fa00000,0x000000a35fb00000) (1024K)]
  0x00000243a2f3ebe0 WatcherThread "VM Periodic Task Thread"        [id=2476, stack(0x000000a35f900000,0x000000a35fa00000) (1024K)]
  0x00000243a2ec4e00 WorkerThread "GC Thread#0"                     [id=1976, stack(0x000000a35f400000,0x000000a35f500000) (1024K)]
  0x00000244045330b0 WorkerThread "GC Thread#1"                     [id=13688, stack(0x000000a360500000,0x000000a360600000) (1024K)]
  0x00000244048b9c50 WorkerThread "GC Thread#2"                     [id=6944, stack(0x000000a360600000,0x000000a360700000) (1024K)]
  0x00000244048ba000 WorkerThread "GC Thread#3"                     [id=10800, stack(0x000000a360700000,0x000000a360800000) (1024K)]
  0x00000243a2ece280 ConcurrentGCThread "G1 Main Marker"            [id=18376, stack(0x000000a35f500000,0x000000a35f600000) (1024K)]
  0x00000243a2eced90 WorkerThread "G1 Conc#0"                       [id=9616, stack(0x000000a35f600000,0x000000a35f700000) (1024K)]
  0x00000243a2f31de0 ConcurrentGCThread "G1 Refine#0"               [id=19396, stack(0x000000a35f700000,0x000000a35f800000) (1024K)]
  0x00000243a2f32960 ConcurrentGCThread "G1 Service"                [id=15864, stack(0x000000a35f800000,0x000000a35f900000) (1024K)]
Total: 10

Threads with active compile tasks:
C2 CompilerThread0     2826 1646       4       java.util.Scanner::findWithinHorizon (83 bytes)
C1 CompilerThread0     2827 1737       3       sun.nio.cs.UTF_8$Decoder::decodeArrayLoop (688 bytes)
C2 CompilerThread1     2827 1634       4       java.util.Scanner::findPatternInBuffer (169 bytes)
Total: 3

VM state: at safepoint (normal execution)

VM Mutex/Monitor currently owned by a thread:  ([mutex/lock_event])
[0x00007ff9f5bdaf50] Threads_lock - owner thread: 0x00000243be7410d0
[0x00007ff9f5bdb050] Heap_lock - owner thread: 0x00000243a14a4d30

Heap address: 0x00000000c1c00000, size: 996 MB, Compressed Oops mode: 32-bit

CDS archive(s) mapped at: [0x00000243bf000000-0x00000243bfc90000-0x00000243bfc90000), size 13172736, SharedBaseAddress: 0x00000243bf000000, ArchiveRelocationMode: 1.
Compressed class space mapped at: 0x00000243c0000000-0x0000024400000000, reserved size: 1073741824
Narrow klass base: 0x00000243bf000000, Narrow klass shift: 0, Narrow klass range: 0x100000000

GC Precious Log:
 CardTable entry size: 512
 Card Set container configuration: InlinePtr #cards 5 size 8 Array Of Cards #cards 12 size 40 Howl #buckets 4 coarsen threshold 1843 Howl Bitmap #cards 512 size 80 coarsen threshold 460 Card regions per heap region 1 cards per card region 2048
 CPUs: 4 total, 4 available
 Memory: 3976M
 Large Page Support: Disabled
 NUMA Support: Disabled
 Compressed Oops: Enabled (32-bit)
 Heap Region Size: 1M
 Heap Min Capacity: 8M
 Heap Initial Capacity: 64M
 Heap Max Capacity: 996M
 Pre-touch: Disabled
 Parallel Workers: 4
 Concurrent Workers: 1
 Concurrent Refinement Workers: 4
 Periodic GC: Disabled

Heap:
 garbage-first heap   total 65536K, used 25600K [0x00000000c1c00000, 0x0000000100000000)
  region size 1024K, 4 young (4096K), 4 survivors (4096K)
 Metaspace       used 10057K, committed 10240K, reserved 1114112K
  class space    used 1139K, committed 1216K, reserved 1048576K

Heap Regions: E=young(eden), S=young(survivor), O=old, HS=humongous(starts), HC=humongous(continues), CS=collection set, F=free, TAMS=top-at-mark-start, PB=parsable bottom
|   0|0x00000000c1c00000, 0x00000000c1d00000, 0x00000000c1d00000|100%| O|  |TAMS 0x00000000c1c00000| PB 0x00000000c1c00000| Untracked 
|   1|0x00000000c1d00000, 0x00000000c1e00000, 0x00000000c1e00000|100%| O|  |TAMS 0x00000000c1d00000| PB 0x00000000c1d00000| Untracked 
|   2|0x00000000c1e00000, 0x00000000c1f00000, 0x00000000c1f00000|100%| O|  |TAMS 0x00000000c1e00000| PB 0x00000000c1e00000| Untracked 
|   3|0x00000000c1f00000, 0x00000000c2000000, 0x00000000c2000000|100%| O|  |TAMS 0x00000000c1f00000| PB 0x00000000c1f00000| Untracked 
|   4|0x00000000c2000000, 0x00000000c2100000, 0x00000000c2100000|100%| O|  |TAMS 0x00000000c2000000| PB 0x00000000c2000000| Untracked 
|   5|0x00000000c2100000, 0x00000000c2200000, 0x00000000c2200000|100%| O|  |TAMS 0x00000000c2100000| PB 0x00000000c2100000| Untracked 
|   6|0x00000000c2200000, 0x00000000c2300000, 0x00000000c2300000|100%| O|  |TAMS 0x00000000c2200000| PB 0x00000000c2200000| Untracked 
|   7|0x00000000c2300000, 0x00000000c2400000, 0x00000000c2400000|100%| O|  |TAMS 0x00000000c2300000| PB 0x00000000c2300000| Untracked 
|   8|0x00000000c2400000, 0x00000000c2500000, 0x00000000c2500000|100%| O|  |TAMS 0x00000000c2400000| PB 0x00000000c2400000| Untracked 
|   9|0x00000000c2500000, 0x00000000c2600000, 0x00000000c2600000|100%|HS|  |TAMS 0x00000000c2500000| PB 0x00000000c2500000| Complete 
|  10|0x00000000c2600000, 0x00000000c2700000, 0x00000000c2700000|100%| O|  |TAMS 0x00000000c2600000| PB 0x00000000c2600000| Untracked 
|  11|0x00000000c2700000, 0x00000000c2800000, 0x00000000c2800000|100%| O|  |TAMS 0x00000000c2700000| PB 0x00000000c2700000| Untracked 
|  12|0x00000000c2800000, 0x00000000c2900000, 0x00000000c2900000|100%| O|  |TAMS 0x00000000c2800000| PB 0x00000000c2800000| Untracked 
|  13|0x00000000c2900000, 0x00000000c2a00000, 0x00000000c2a00000|100%| O|  |TAMS 0x00000000c2900000| PB 0x00000000c2900000| Untracked 
|  14|0x00000000c2a00000, 0x00000000c2b00000, 0x00000000c2b00000|100%| O|  |TAMS 0x00000000c2a00000| PB 0x00000000c2a00000| Untracked 
|  15|0x00000000c2b00000, 0x00000000c2c00000, 0x00000000c2c00000|100%| O|  |TAMS 0x00000000c2b00000| PB 0x00000000c2b00000| Untracked 
|  16|0x00000000c2c00000, 0x00000000c2d00000, 0x00000000c2d00000|100%| O|  |TAMS 0x00000000c2c00000| PB 0x00000000c2c00000| Untracked 
|  17|0x00000000c2d00000, 0x00000000c2e00000, 0x00000000c2e00000|100%| O|  |TAMS 0x00000000c2d00000| PB 0x00000000c2d00000| Untracked 
|  18|0x00000000c2e00000, 0x00000000c2f00000, 0x00000000c2f00000|100%| O|  |TAMS 0x00000000c2e00000| PB 0x00000000c2e00000| Untracked 
|  19|0x00000000c2f00000, 0x00000000c3000000, 0x00000000c3000000|100%| O|  |TAMS 0x00000000c2f00000| PB 0x00000000c2f00000| Untracked 
|  20|0x00000000c3000000, 0x00000000c3100000, 0x00000000c3100000|100%| O|  |TAMS 0x00000000c3000000| PB 0x00000000c3000000| Untracked 
|  21|0x00000000c3100000, 0x00000000c3100000, 0x00000000c3200000|  0%| F|  |TAMS 0x00000000c3100000| PB 0x00000000c3100000| Untracked 
|  22|0x00000000c3200000, 0x00000000c3200000, 0x00000000c3300000|  0%| F|  |TAMS 0x00000000c3200000| PB 0x00000000c3200000| Untracked 
|  23|0x00000000c3300000, 0x00000000c3300000, 0x00000000c3400000|  0%| F|  |TAMS 0x00000000c3300000| PB 0x00000000c3300000| Untracked 
|  24|0x00000000c3400000, 0x00000000c3400000, 0x00000000c3500000|  0%| F|  |TAMS 0x00000000c3400000| PB 0x00000000c3400000| Untracked 
|  25|0x00000000c3500000, 0x00000000c3500000, 0x00000000c3600000|  0%| F|  |TAMS 0x00000000c3500000| PB 0x00000000c3500000| Untracked 
|  26|0x00000000c3600000, 0x00000000c3600000, 0x00000000c3700000|  0%| F|  |TAMS 0x00000000c3600000| PB 0x00000000c3600000| Untracked 
|  27|0x00000000c3700000, 0x00000000c3700000, 0x00000000c3800000|  0%| F|  |TAMS 0x00000000c3700000| PB 0x00000000c3700000| Untracked 
|  28|0x00000000c3800000, 0x00000000c3800000, 0x00000000c3900000|  0%| F|  |TAMS 0x00000000c3800000| PB 0x00000000c3800000| Untracked 
|  29|0x00000000c3900000, 0x00000000c3900000, 0x00000000c3a00000|  0%| F|  |TAMS 0x00000000c3900000| PB 0x00000000c3900000| Untracked 
|  30|0x00000000c3a00000, 0x00000000c3a00000, 0x00000000c3b00000|  0%| F|  |TAMS 0x00000000c3a00000| PB 0x00000000c3a00000| Untracked 
|  31|0x00000000c3b00000, 0x00000000c3b00000, 0x00000000c3c00000|  0%| F|  |TAMS 0x00000000c3b00000| PB 0x00000000c3b00000| Untracked 
|  32|0x00000000c3c00000, 0x00000000c3c00000, 0x00000000c3d00000|  0%| F|  |TAMS 0x00000000c3c00000| PB 0x00000000c3c00000| Untracked 
|  33|0x00000000c3d00000, 0x00000000c3d00000, 0x00000000c3e00000|  0%| F|  |TAMS 0x00000000c3d00000| PB 0x00000000c3d00000| Untracked 
|  34|0x00000000c3e00000, 0x00000000c3e00000, 0x00000000c3f00000|  0%| F|  |TAMS 0x00000000c3e00000| PB 0x00000000c3e00000| Untracked 
|  35|0x00000000c3f00000, 0x00000000c3f00000, 0x00000000c4000000|  0%| F|  |TAMS 0x00000000c3f00000| PB 0x00000000c3f00000| Untracked 
|  36|0x00000000c4000000, 0x00000000c4100000, 0x00000000c4100000|100%| S|CS|TAMS 0x00000000c4000000| PB 0x00000000c4000000| Complete 
|  37|0x00000000c4100000, 0x00000000c4200000, 0x00000000c4200000|100%| S|CS|TAMS 0x00000000c4100000| PB 0x00000000c4100000| Complete 
|  38|0x00000000c4200000, 0x00000000c4300000, 0x00000000c4300000|100%| S|CS|TAMS 0x00000000c4200000| PB 0x00000000c4200000| Complete 
|  39|0x00000000c4300000, 0x00000000c4400000, 0x00000000c4400000|100%| S|CS|TAMS 0x00000000c4300000| PB 0x00000000c4300000| Complete 
|  40|0x00000000c4400000, 0x00000000c4400000, 0x00000000c4500000|  0%| F|  |TAMS 0x00000000c4400000| PB 0x00000000c4400000| Untracked 
|  41|0x00000000c4500000, 0x00000000c4500000, 0x00000000c4600000|  0%| F|  |TAMS 0x00000000c4500000| PB 0x00000000c4500000| Untracked 
|  42|0x00000000c4600000, 0x00000000c4600000, 0x00000000c4700000|  0%| F|  |TAMS 0x00000000c4600000| PB 0x00000000c4600000| Untracked 
|  43|0x00000000c4700000, 0x00000000c4700000, 0x00000000c4800000|  0%| F|  |TAMS 0x00000000c4700000| PB 0x00000000c4700000| Untracked 
|  44|0x00000000c4800000, 0x00000000c4800000, 0x00000000c4900000|  0%| F|  |TAMS 0x00000000c4800000| PB 0x00000000c4800000| Untracked 
|  45|0x00000000c4900000, 0x00000000c4900000, 0x00000000c4a00000|  0%| F|  |TAMS 0x00000000c4900000| PB 0x00000000c4900000| Untracked 
|  46|0x00000000c4a00000, 0x00000000c4a00000, 0x00000000c4b00000|  0%| F|  |TAMS 0x00000000c4a00000| PB 0x00000000c4a00000| Untracked 
|  47|0x00000000c4b00000, 0x00000000c4b00000, 0x00000000c4c00000|  0%| F|  |TAMS 0x00000000c4b00000| PB 0x00000000c4b00000| Untracked 
|  48|0x00000000c4c00000, 0x00000000c4c00000, 0x00000000c4d00000|  0%| F|  |TAMS 0x00000000c4c00000| PB 0x00000000c4c00000| Untracked 
|  49|0x00000000c4d00000, 0x00000000c4d00000, 0x00000000c4e00000|  0%| F|  |TAMS 0x00000000c4d00000| PB 0x00000000c4d00000| Untracked 
|  50|0x00000000c4e00000, 0x00000000c4e00000, 0x00000000c4f00000|  0%| F|  |TAMS 0x00000000c4e00000| PB 0x00000000c4e00000| Untracked 
|  51|0x00000000c4f00000, 0x00000000c4f00000, 0x00000000c5000000|  0%| F|  |TAMS 0x00000000c4f00000| PB 0x00000000c4f00000| Untracked 
|  52|0x00000000c5000000, 0x00000000c5000000, 0x00000000c5100000|  0%| F|  |TAMS 0x00000000c5000000| PB 0x00000000c5000000| Untracked 
|  53|0x00000000c5100000, 0x00000000c5100000, 0x00000000c5200000|  0%| F|  |TAMS 0x00000000c5100000| PB 0x00000000c5100000| Untracked 
|  54|0x00000000c5200000, 0x00000000c5200000, 0x00000000c5300000|  0%| F|  |TAMS 0x00000000c5200000| PB 0x00000000c5200000| Untracked 
|  55|0x00000000c5300000, 0x00000000c5300000, 0x00000000c5400000|  0%| F|  |TAMS 0x00000000c5300000| PB 0x00000000c5300000| Untracked 
|  56|0x00000000c5400000, 0x00000000c5400000, 0x00000000c5500000|  0%| F|  |TAMS 0x00000000c5400000| PB 0x00000000c5400000| Untracked 
|  57|0x00000000c5500000, 0x00000000c5500000, 0x00000000c5600000|  0%| F|  |TAMS 0x00000000c5500000| PB 0x00000000c5500000| Untracked 
|  58|0x00000000c5600000, 0x00000000c5600000, 0x00000000c5700000|  0%| F|  |TAMS 0x00000000c5600000| PB 0x00000000c5600000| Untracked 
|  59|0x00000000c5700000, 0x00000000c5700000, 0x00000000c5800000|  0%| F|  |TAMS 0x00000000c5700000| PB 0x00000000c5700000| Untracked 
|  60|0x00000000c5800000, 0x00000000c5800000, 0x00000000c5900000|  0%| F|  |TAMS 0x00000000c5800000| PB 0x00000000c5800000| Untracked 
|  61|0x00000000c5900000, 0x00000000c5900000, 0x00000000c5a00000|  0%| F|  |TAMS 0x00000000c5900000| PB 0x00000000c5900000| Untracked 
|  62|0x00000000c5a00000, 0x00000000c5a00000, 0x00000000c5b00000|  0%| F|  |TAMS 0x00000000c5a00000| PB 0x00000000c5a00000| Untracked 
|  63|0x00000000c5b00000, 0x00000000c5b00000, 0x00000000c5c00000|  0%| F|  |TAMS 0x00000000c5b00000| PB 0x00000000c5b00000| Untracked 

Card table byte_map: [0x00000243bb040000,0x00000243bb240000] _byte_map_base: 0x00000243baa32000

Marking Bits: (CMBitMap*) 0x00000243a2ec5d20
 Bits: [0x00000243bb240000, 0x00000243bc1d0000)

Polling page: 0x00000243a2f40000

Metaspace:

Usage:
  Non-class:      8.71 MB used.
      Class:      1.11 MB used.
       Both:      9.82 MB used.

Virtual space:
  Non-class space:       64.00 MB reserved,       8.81 MB ( 14%) committed,  1 nodes.
      Class space:        1.00 GB reserved,       1.19 MB ( <1%) committed,  1 nodes.
             Both:        1.06 GB reserved,      10.00 MB ( <1%) committed. 

Chunk freelists:
   Non-Class:  6.31 MB
       Class:  14.84 MB
        Both:  21.16 MB

MaxMetaspaceSize: unlimited
CompressedClassSpaceSize: 1.00 GB
Initial GC threshold: 21.00 MB
Current GC threshold: 21.00 MB
CDS: on
 - commit_granule_bytes: 65536.
 - commit_granule_words: 8192.
 - virtual_space_node_default_size: 8388608.
 - enlarge_chunks_in_place: 1.
 - use_allocation_guard: 0.


Internal statistics:

num_allocs_failed_limit: 0.
num_arena_births: 140.
num_arena_deaths: 0.
num_vsnodes_births: 2.
num_vsnodes_deaths: 0.
num_space_committed: 159.
num_space_uncommitted: 0.
num_chunks_returned_to_freelist: 0.
num_chunks_taken_from_freelist: 337.
num_chunk_merges: 0.
num_chunk_splits: 224.
num_chunks_enlarged: 167.
num_inconsistent_stats: 0.

CodeHeap 'non-profiled nmethods': size=120000Kb used=734Kb max_used=734Kb free=119265Kb
 bounds [0x00000243b33e0000, 0x00000243b3650000, 0x00000243ba910000]
CodeHeap 'profiled nmethods': size=120000Kb used=3290Kb max_used=3290Kb free=116709Kb
 bounds [0x00000243ab910000, 0x00000243abc50000, 0x00000243b2e40000]
CodeHeap 'non-nmethods': size=5760Kb used=1438Kb max_used=1478Kb free=4321Kb
 bounds [0x00000243b2e40000, 0x00000243b30b0000, 0x00000243b33e0000]
 total_blobs=2233 nmethods=1707 adapters=431
 compilation: enabled
              stopped_count=0, restarted_count=0
 full_count=0

Compilation events (20 events):
Event: 2.588 Thread 0x00000243be790da0 nmethod 1733 0x00000243abc45e10 code [0x00000243abc45fa0, 0x00000243abc460b8]
Event: 2.588 Thread 0x00000243be790da0 1732       2       java.util.stream.PipelineHelper::<init> (5 bytes)
Event: 2.588 Thread 0x00000243be790da0 nmethod 1732 0x00000243abc46190 code [0x00000243abc46320, 0x00000243abc46428]
Event: 2.622 Thread 0x00000243be790da0 1734       1       org.languagetool.language.Catalan::getShortCode (3 bytes)
Event: 2.622 Thread 0x00000243be790da0 nmethod 1734 0x00000243b3490a10 code [0x00000243b3490ba0, 0x00000243b3490c70]
Event: 2.640 Thread 0x00000244049918f0 nmethod 1602 0x00000243b3490d10 code [0x00000243b3491100, 0x00000243b3493430]
Event: 2.641 Thread 0x00000244049918f0 1727       4       java.lang.StringLatin1::toLowerCase (186 bytes)
Event: 2.659 Thread 0x00000243be790da0 1735       2       java.lang.String::substring (10 bytes)
Event: 2.660 Thread 0x00000243be790da0 nmethod 1735 0x00000243abc46490 code [0x00000243abc46640, 0x00000243abc46778]
Event: 2.660 Thread 0x00000244049918f0 nmethod 1727 0x00000243b3494c90 code [0x00000243b3494e60, 0x00000243b34957a0]
Event: 2.660 Thread 0x00000244049918f0 1542       4       java.util.HashMap::get (19 bytes)
Event: 2.667 Thread 0x00000244049918f0 nmethod 1542 0x00000243b3495c10 code [0x00000243b3495de0, 0x00000243b3496130]
Event: 2.667 Thread 0x00000244049918f0 1736       4       java.lang.StringUTF16::toLowerCase (304 bytes)
Event: 2.683 Thread 0x00000244049918f0 nmethod 1736 0x00000243b3496410 code [0x00000243b3496640, 0x00000243b3496f58]
Event: 2.683 Thread 0x00000244049918f0 1609       4       java.util.regex.Matcher::find (69 bytes)
Event: 2.684 Thread 0x00000244049918f0 nmethod 1609 0x00000243b3497510 code [0x00000243b34976a0, 0x00000243b34977b8]
Event: 2.684 Thread 0x00000244049918f0 1615       4       java.util.regex.Pattern$BitClass::is (22 bytes)
Event: 2.685 Thread 0x00000244049918f0 nmethod 1615 0x00000243b3497890 code [0x00000243b3497a20, 0x00000243b3497b00]
Event: 2.685 Thread 0x00000244049918f0 1634       4       java.util.Scanner::findPatternInBuffer (169 bytes)
Event: 2.688 Thread 0x00000243be790da0 1737       3       sun.nio.cs.UTF_8$Decoder::decodeArrayLoop (688 bytes)

GC Heap History (9 events):
Event: 0.927 GC heap before
{Heap before GC invocations=0 (full 0):
 garbage-first heap   total 65536K, used 12288K [0x00000000c1c00000, 0x0000000100000000)
  region size 1024K, 13 young (13312K), 0 survivors (0K)
 Metaspace       used 3199K, committed 3328K, reserved 1114112K
  class space    used 371K, committed 448K, reserved 1048576K
}
Event: 0.941 GC heap after
{Heap after GC invocations=1 (full 0):
 garbage-first heap   total 65536K, used 6692K [0x00000000c1c00000, 0x0000000100000000)
  region size 1024K, 2 young (2048K), 2 survivors (2048K)
 Metaspace       used 3199K, committed 3328K, reserved 1114112K
  class space    used 371K, committed 448K, reserved 1048576K
}
Event: 1.487 GC heap before
{Heap before GC invocations=1 (full 0):
 garbage-first heap   total 65536K, used 15908K [0x00000000c1c00000, 0x0000000100000000)
  region size 1024K, 12 young (12288K), 2 survivors (2048K)
 Metaspace       used 6125K, committed 6336K, reserved 1114112K
  class space    used 770K, committed 896K, reserved 1048576K
}
Event: 1.497 GC heap after
{Heap after GC invocations=2 (full 0):
 garbage-first heap   total 65536K, used 8587K [0x00000000c1c00000, 0x0000000100000000)
  region size 1024K, 2 young (2048K), 2 survivors (2048K)
 Metaspace       used 6125K, committed 6336K, reserved 1114112K
  class space    used 770K, committed 896K, reserved 1048576K
}
Event: 2.207 GC heap before
{Heap before GC invocations=2 (full 0):
 garbage-first heap   total 65536K, used 32139K [0x00000000c1c00000, 0x0000000100000000)
  region size 1024K, 26 young (26624K), 2 survivors (2048K)
 Metaspace       used 9901K, committed 10112K, reserved 1114112K
  class space    used 1129K, committed 1216K, reserved 1048576K
}
Event: 2.228 GC heap after
{Heap after GC invocations=3 (full 0):
 garbage-first heap   total 65536K, used 13023K [0x00000000c1c00000, 0x0000000100000000)
  region size 1024K, 4 young (4096K), 4 survivors (4096K)
 Metaspace       used 9901K, committed 10112K, reserved 1114112K
  class space    used 1129K, committed 1216K, reserved 1048576K
}
Event: 2.523 GC heap before
{Heap before GC invocations=3 (full 0):
 garbage-first heap   total 65536K, used 42719K [0x00000000c1c00000, 0x0000000100000000)
  region size 1024K, 32 young (32768K), 4 survivors (4096K)
 Metaspace       used 10057K, committed 10240K, reserved 1114112K
  class space    used 1139K, committed 1216K, reserved 1048576K
}
Event: 2.558 GC heap after
{Heap after GC invocations=4 (full 0):
 garbage-first heap   total 65536K, used 20350K [0x00000000c1c00000, 0x0000000100000000)
  region size 1024K, 4 young (4096K), 4 survivors (4096K)
 Metaspace       used 10057K, committed 10240K, reserved 1114112K
  class space    used 1139K, committed 1216K, reserved 1048576K
}
Event: 2.688 GC heap before
{Heap before GC invocations=4 (full 0):
 garbage-first heap   total 65536K, used 44926K [0x00000000c1c00000, 0x0000000100000000)
  region size 1024K, 28 young (28672K), 4 survivors (4096K)
 Metaspace       used 10057K, committed 10240K, reserved 1114112K
  class space    used 1139K, committed 1216K, reserved 1048576K
}

Dll operation events (6 events):
Event: 0.022 Loaded shared library C:\Program Files\Java\jdk-21.0.11\bin\java.dll
Event: 0.089 Loaded shared library C:\Program Files\Java\jdk-21.0.11\bin\jsvml.dll
Event: 0.135 Loaded shared library C:\Program Files\Java\jdk-21.0.11\bin\net.dll
Event: 0.141 Loaded shared library C:\Program Files\Java\jdk-21.0.11\bin\nio.dll
Event: 0.148 Loaded shared library C:\Program Files\Java\jdk-21.0.11\bin\zip.dll
Event: 0.172 Loaded shared library C:\Program Files\Java\jdk-21.0.11\bin\jimage.dll

Deoptimization events (20 events):
Event: 2.521 Thread 0x00000243a14a4d30 DEOPT PACKING pc=0x00000243abb77cd5 sp=0x000000a35f3fdfb0
Event: 2.521 Thread 0x00000243a14a4d30 DEOPT UNPACKING pc=0x00000243b2e94e42 sp=0x000000a35f3fd420 mode 0
Event: 2.563 Thread 0x00000243a14a4d30 DEOPT PACKING pc=0x00000243abb77cd5 sp=0x000000a35f3fdfb0
Event: 2.563 Thread 0x00000243a14a4d30 DEOPT UNPACKING pc=0x00000243b2e94e42 sp=0x000000a35f3fd420 mode 0
Event: 2.567 Thread 0x00000243a14a4d30 DEOPT PACKING pc=0x00000243abb77cd5 sp=0x000000a35f3fdfb0
Event: 2.567 Thread 0x00000243a14a4d30 DEOPT UNPACKING pc=0x00000243b2e94e42 sp=0x000000a35f3fd420 mode 0
Event: 2.569 Thread 0x00000243a14a4d30 DEOPT PACKING pc=0x00000243abb77cd5 sp=0x000000a35f3fdfb0
Event: 2.569 Thread 0x00000243a14a4d30 DEOPT UNPACKING pc=0x00000243b2e94e42 sp=0x000000a35f3fd420 mode 0
Event: 2.571 Thread 0x00000243a14a4d30 DEOPT PACKING pc=0x00000243abb77cd5 sp=0x000000a35f3fdfb0
Event: 2.571 Thread 0x00000243a14a4d30 DEOPT UNPACKING pc=0x00000243b2e94e42 sp=0x000000a35f3fd420 mode 0
Event: 2.575 Thread 0x00000243a14a4d30 DEOPT PACKING pc=0x00000243abb77cd5 sp=0x000000a35f3fdfb0
Event: 2.575 Thread 0x00000243a14a4d30 DEOPT UNPACKING pc=0x00000243b2e94e42 sp=0x000000a35f3fd420 mode 0
Event: 2.579 Thread 0x00000243a14a4d30 DEOPT PACKING pc=0x00000243abb77cd5 sp=0x000000a35f3fdfb0
Event: 2.579 Thread 0x00000243a14a4d30 DEOPT UNPACKING pc=0x00000243b2e94e42 sp=0x000000a35f3fd420 mode 0
Event: 2.583 Thread 0x00000243a14a4d30 DEOPT PACKING pc=0x00000243abb77cd5 sp=0x000000a35f3fdfb0
Event: 2.583 Thread 0x00000243a14a4d30 DEOPT UNPACKING pc=0x00000243b2e94e42 sp=0x000000a35f3fd420 mode 0
Event: 2.687 Thread 0x00000243a14a4d30 Uncommon trap: trap_request=0xffffff45 fr.pc=0x00000243b348aeec relative=0x000000000000084c
Event: 2.687 Thread 0x00000243a14a4d30 Uncommon trap: reason=unstable_if action=reinterpret pc=0x00000243b348aeec method=sun.nio.cs.UTF_8$Decoder.decodeArrayLoop(Ljava/nio/ByteBuffer;Ljava/nio/CharBuffer;)Ljava/nio/charset/CoderResult; @ 284 c2
Event: 2.687 Thread 0x00000243a14a4d30 DEOPT PACKING pc=0x00000243b348aeec sp=0x000000a35f3fe050
Event: 2.687 Thread 0x00000243a14a4d30 DEOPT UNPACKING pc=0x00000243b2e946a2 sp=0x000000a35f3fdf98 mode 2

Classes loaded (20 events):
Event: 2.432 Loading class sun/text/resources/BreakIteratorResources
Event: 2.432 Loading class sun/util/resources/BreakIteratorResourceBundle
Event: 2.432 Loading class sun/util/resources/BreakIteratorResourceBundle done
Event: 2.432 Loading class sun/text/resources/BreakIteratorResources done
Event: 2.433 Loading class sun/text/resources/BreakIteratorResources_en
Event: 2.433 Loading class sun/text/resources/BreakIteratorResources_en done
Event: 2.433 Loading class sun/text/resources/BreakIteratorResources_en_US
Event: 2.433 Loading class sun/text/resources/BreakIteratorResources_en_US done
Event: 2.434 Loading class sun/text/RuleBasedBreakIterator
Event: 2.435 Loading class sun/text/RuleBasedBreakIterator done
Event: 2.436 Loading class sun/text/CompactByteArray
Event: 2.436 Loading class sun/text/CompactByteArray done
Event: 2.437 Loading class sun/text/SupplementaryCharacterData
Event: 2.437 Loading class sun/text/SupplementaryCharacterData done
Event: 2.438 Loading class java/text/BreakIterator$BreakIteratorCache
Event: 2.438 Loading class java/text/BreakIterator$BreakIteratorCache done
Event: 2.438 Loading class java/text/StringCharacterIterator
Event: 2.438 Loading class java/text/CharacterIterator
Event: 2.438 Loading class java/text/CharacterIterator done
Event: 2.438 Loading class java/text/StringCharacterIterator done

Classes unloaded (0 events):
No events

Classes redefined (0 events):
No events

Internal exceptions (10 events):
Event: 0.653 Thread 0x00000243a14a4d30 Exception <a 'java/lang/NoSuchMethodError'{0x00000000c51412f8}: 'void java.lang.invoke.DirectMethodHandle$Holder.invokeStatic(java.lang.Object, java.lang.Object, java.lang.Object)'> (0x00000000c51412f8) 
thrown [s\open\src\hotspot\share\interpreter\linkResolver.cpp, line 773]
Event: 0.818 Thread 0x00000243a14a4d30 Exception <a 'java/lang/NoSuchMethodError'{0x00000000c50922f8}: 'void java.lang.invoke.DirectMethodHandle$Holder.invokeSpecialIFC(java.lang.Object, java.lang.Object, java.lang.Object, java.lang.Object, java.lang.Object)'> (0x00000000c50922f8) 
thrown [s\open\src\hotspot\share\interpreter\linkResolver.cpp, line 773]
Event: 0.821 Thread 0x00000243a14a4d30 Exception <a 'java/lang/NoSuchMethodError'{0x00000000c509a360}: 'void java.lang.invoke.DirectMethodHandle$Holder.invokeStatic(java.lang.Object, java.lang.Object, java.lang.Object, java.lang.Object)'> (0x00000000c509a360) 
thrown [s\open\src\hotspot\share\interpreter\linkResolver.cpp, line 773]
Event: 0.823 Thread 0x00000243a14a4d30 Exception <a 'java/lang/NoSuchMethodError'{0x00000000c50a27e8}: 'int java.lang.invoke.DirectMethodHandle$Holder.invokeSpecial(java.lang.Object, java.lang.Object, java.lang.Object)'> (0x00000000c50a27e8) 
thrown [s\open\src\hotspot\share\interpreter\linkResolver.cpp, line 773]
Event: 0.868 Thread 0x00000243a14a4d30 Exception <a 'java/lang/NoSuchMethodError'{0x00000000c4f4fb80}: 'java.lang.Object java.lang.invoke.DirectMethodHandle$Holder.invokeStaticInit(java.lang.Object, java.lang.Object, java.lang.Object)'> (0x00000000c4f4fb80) 
thrown [s\open\src\hotspot\share\interpreter\linkResolver.cpp, line 773]
Event: 1.220 Thread 0x00000243a14a4d30 Exception <a 'java/lang/NoSuchMethodError'{0x00000000c58d9a50}: 'java.lang.Object java.lang.invoke.DirectMethodHandle$Holder.invokeSpecial(java.lang.Object, java.lang.Object, java.lang.Object, long, java.lang.Object)'> (0x00000000c58d9a50) 
thrown [s\open\src\hotspot\share\interpreter\linkResolver.cpp, line 773]
Event: 1.221 Thread 0x00000243a14a4d30 Exception <a 'java/lang/NoSuchMethodError'{0x00000000c58dd3b0}: 'java.lang.Object java.lang.invoke.Invokers$Holder.linkToTargetMethod(java.lang.Object, long, java.lang.Object, java.lang.Object)'> (0x00000000c58dd3b0) 
thrown [s\open\src\hotspot\share\interpreter\linkResolver.cpp, line 773]
Event: 1.578 Thread 0x00000243a14a4d30 Exception <a 'java/lang/ClassNotFoundException'{0x00000000c5a274c0}: com/sun/org/apache/xerces/internal/impl/xpath/regex/spi/messageProvider> (0x00000000c5a274c0) 
thrown [s\open\src\hotspot\share\classfile\systemDictionary.cpp, line 313]
Event: 1.918 Thread 0x00000243a14a4d30 Exception <a 'java/lang/NoSuchMethodError'{0x00000000c551da78}: 'java.lang.Object java.lang.invoke.DirectMethodHandle$Holder.invokeInterface(java.lang.Object, java.lang.Object)'> (0x00000000c551da78) 
thrown [s\open\src\hotspot\share\interpreter\linkResolver.cpp, line 773]
Event: 1.919 Thread 0x00000243a14a4d30 Exception <a 'java/lang/IncompatibleClassChangeError'{0x00000000c5520cf0}: Found class java.lang.Object, but interface was expected> (0x00000000c5520cf0) 
thrown [s\open\src\hotspot\share\interpreter\linkResolver.cpp, line 840]

ZGC Phase Switch (0 events):
No events

VM Operations (20 events):
Event: 1.440 Executing VM operation: ThreadDump done
Event: 1.462 Executing VM operation: HandshakeAllThreads (Deoptimize)
Event: 1.462 Executing VM operation: HandshakeAllThreads (Deoptimize) done
Event: 1.487 Executing VM operation: G1CollectForAllocation (G1 Evacuation Pause)
Event: 1.497 Executing VM operation: G1CollectForAllocation (G1 Evacuation Pause) done
Event: 1.617 Executing VM operation: HandshakeAllThreads (Deoptimize)
Event: 1.617 Executing VM operation: HandshakeAllThreads (Deoptimize) done
Event: 1.662 Executing VM operation: HandshakeAllThreads (Deoptimize)
Event: 1.662 Executing VM operation: HandshakeAllThreads (Deoptimize) done
Event: 1.662 Executing VM operation: HandshakeAllThreads (Deoptimize)
Event: 1.662 Executing VM operation: HandshakeAllThreads (Deoptimize) done
Event: 1.925 Executing VM operation: HandshakeAllThreads (Deoptimize)
Event: 1.925 Executing VM operation: HandshakeAllThreads (Deoptimize) done
Event: 2.207 Executing VM operation: G1CollectForAllocation (G1 Evacuation Pause)
Event: 2.228 Executing VM operation: G1CollectForAllocation (G1 Evacuation Pause) done
Event: 2.449 Executing VM operation: ThreadDump
Event: 2.450 Executing VM operation: ThreadDump done
Event: 2.523 Executing VM operation: G1CollectForAllocation (G1 Evacuation Pause)
Event: 2.558 Executing VM operation: G1CollectForAllocation (G1 Evacuation Pause) done
Event: 2.688 Executing VM operation: G1CollectForAllocation (G1 Evacuation Pause)

Events (16 events):
Event: 0.051 Thread 0x00000243a14a4d30 Thread added: 0x00000243a14a4d30
Event: 0.084 Thread 0x00000243be755d00 Thread added: 0x00000243be755d00
Event: 0.084 Thread 0x00000243be75b890 Thread added: 0x00000243be75b890
Event: 0.085 Thread 0x00000243be75de70 Thread added: 0x00000243be75de70
Event: 0.085 Thread 0x00000243be75e8d0 Thread added: 0x00000243be75e8d0
Event: 0.085 Thread 0x00000243be75f330 Thread added: 0x00000243be75f330
Event: 0.085 Thread 0x00000243be75fd90 Thread added: 0x00000243be75fd90
Event: 0.085 Thread 0x00000243be762f30 Thread added: 0x00000243be762f30
Event: 0.088 Thread 0x00000243be790da0 Thread added: 0x00000243be790da0
Event: 0.122 Thread 0x00000243be9b0890 Thread added: 0x00000243be9b0890
Event: 0.128 Thread 0x00000243be9b7b00 Thread added: 0x00000243be9b7b00
Event: 0.285 Thread 0x00000243bebb0790 Thread added: 0x00000243bebb0790
Event: 0.455 Thread 0x00000243bebb0790 Thread exited: 0x00000243bebb0790
Event: 1.434 Thread 0x0000024404950d70 Thread added: 0x0000024404950d70
Event: 1.446 Thread 0x00000244049513e0 Thread added: 0x00000244049513e0
Event: 1.516 Thread 0x00000244049918f0 Thread added: 0x00000244049918f0


Dynamic libraries:
0x00007ff7c6800000 - 0x00007ff7c6810000 	C:\Program Files\Java\jdk-21.0.11\bin\java.EXE
0x00007ffaa1390000 - 0x00007ffaa1588000 	C:\Windows\SYSTEM32\ntdll.dll
0x00007ffa8bef0000 - 0x00007ffa8bf11000 	C:\Program Files\Avast Software\Avast\aswhook.dll
0x00007ffa9f950000 - 0x00007ffa9fa12000 	C:\Windows\System32\KERNEL32.DLL
0x00007ffa9ef30000 - 0x00007ffa9f226000 	C:\Windows\System32\KERNELBASE.dll
0x00007ffa9eab0000 - 0x00007ffa9ebb0000 	C:\Windows\System32\ucrtbase.dll
0x00007ffa65a20000 - 0x00007ffa65a39000 	C:\Program Files\Java\jdk-21.0.11\bin\jli.dll
0x00007ffa9fff0000 - 0x00007ffaa00a1000 	C:\Windows\System32\ADVAPI32.dll
0x00007ffaa12a0000 - 0x00007ffaa133e000 	C:\Windows\System32\msvcrt.dll
0x00007ffa9fc20000 - 0x00007ffa9fcbf000 	C:\Windows\System32\sechost.dll
0x00007ffaa0330000 - 0x00007ffaa0450000 	C:\Windows\System32\RPCRT4.dll
0x00007ffa9f230000 - 0x00007ffa9f257000 	C:\Windows\System32\bcrypt.dll
0x00007ffaa00b0000 - 0x00007ffaa0251000 	C:\Windows\System32\USER32.dll
0x00007ffa9ef00000 - 0x00007ffa9ef22000 	C:\Windows\System32\win32u.dll
0x00007ffaa0f10000 - 0x00007ffaa0f3b000 	C:\Windows\System32\GDI32.dll
0x00007ffa65870000 - 0x00007ffa6588e000 	C:\Program Files\Java\jdk-21.0.11\bin\VCRUNTIME140.dll
0x00007ffa9ede0000 - 0x00007ffa9eef9000 	C:\Windows\System32\gdi32full.dll
0x00007ffa9f310000 - 0x00007ffa9f3ad000 	C:\Windows\System32\msvcp_win.dll
0x00007ffa8ef50000 - 0x00007ffa8f1eb000 	C:\Windows\WinSxS\amd64_microsoft.windows.common-controls_6595b64144ccf1df_6.0.19041.6456_none_60b8a6cb71f64256\COMCTL32.dll
0x00007ffa9e580000 - 0x00007ffa9e58a000 	C:\Windows\SYSTEM32\VERSION.dll
0x00007ffa9f910000 - 0x00007ffa9f93f000 	C:\Windows\System32\IMM32.DLL
0x0000000060140000 - 0x000000006014d000 	C:\Program Files (x86)\360\Total Security\safemon\SafeWrapper.dll
0x00007ffa99df0000 - 0x00007ffa99ef5000 	C:\Program Files (x86)\360\Total Security\safemon\libzdtp64.dll
0x00007ffaa0690000 - 0x00007ffaa0e00000 	C:\Windows\System32\SHELL32.dll
0x00007ffa9fcc0000 - 0x00007ffa9fd1b000 	C:\Windows\System32\SHLWAPI.dll
0x00007ffa7a250000 - 0x00007ffa7a25c000 	C:\Program Files\Java\jdk-21.0.11\bin\vcruntime140_1.dll
0x00007ffa5dc60000 - 0x00007ffa5dced000 	C:\Program Files\Java\jdk-21.0.11\bin\msvcp140.dll
0x00007ff9f4f90000 - 0x00007ff9f5cb8000 	C:\Program Files\Java\jdk-21.0.11\bin\server\jvm.dll
0x00007ffa9fe50000 - 0x00007ffa9febb000 	C:\Windows\System32\WS2_32.dll
0x00007ffa8f6b0000 - 0x00007ffa8f6d7000 	C:\Windows\SYSTEM32\WINMM.dll
0x00007ffa9def0000 - 0x00007ffa9df3b000 	C:\Windows\SYSTEM32\POWRPROF.dll
0x00007ffa9ddb0000 - 0x00007ffa9ddc2000 	C:\Windows\SYSTEM32\UMPDC.dll
0x00007ffa9c820000 - 0x00007ffa9c832000 	C:\Windows\SYSTEM32\kernel.appcore.dll
0x00007ffa75720000 - 0x00007ffa7572a000 	C:\Program Files\Java\jdk-21.0.11\bin\jimage.dll
0x00007ffa93110000 - 0x00007ffa93311000 	C:\Windows\SYSTEM32\DBGHELP.DLL
0x00007ffa930b0000 - 0x00007ffa930e4000 	C:\Windows\SYSTEM32\dbgcore.DLL
0x00007ffa9ea20000 - 0x00007ffa9eaa2000 	C:\Windows\System32\bcryptPrimitives.dll
0x00007ffa65840000 - 0x00007ffa65861000 	C:\Program Files\Java\jdk-21.0.11\bin\java.dll
0x00007ffa9ca20000 - 0x00007ffa9d1c5000 	C:\Windows\SYSTEM32\windows.storage.dll
0x00007ffaa0f40000 - 0x00007ffaa1294000 	C:\Windows\System32\combase.dll
0x00007ffa9e3e0000 - 0x00007ffa9e40b000 	C:\Windows\SYSTEM32\Wldp.dll
0x00007ffa9fec0000 - 0x00007ffa9ff8d000 	C:\Windows\System32\OLEAUT32.dll
0x00007ffaa0280000 - 0x00007ffaa032d000 	C:\Windows\System32\SHCORE.dll
0x00007ffa9e950000 - 0x00007ffa9e974000 	C:\Windows\SYSTEM32\profapi.dll
0x00007ffa5b410000 - 0x00007ffa5b4e7000 	C:\Program Files\Java\jdk-21.0.11\bin\jsvml.dll
0x00007ffa65590000 - 0x00007ffa655a1000 	C:\Program Files\Java\jdk-21.0.11\bin\net.dll
0x00007ffa96cc0000 - 0x00007ffa96dca000 	C:\Windows\SYSTEM32\WINHTTP.dll
0x00007ffa9e140000 - 0x00007ffa9e1aa000 	C:\Windows\system32\mswsock.dll
0x00007ffa65570000 - 0x00007ffa65586000 	C:\Program Files\Java\jdk-21.0.11\bin\nio.dll
0x00007ffa65550000 - 0x00007ffa65568000 	C:\Program Files\Java\jdk-21.0.11\bin\zip.dll

dbghelp: loaded successfully - version: 4.0.5 - missing functions: none
symbol engine: initialized successfully - sym options: 0x614 - pdb path: .;C:\Program Files\Java\jdk-21.0.11\bin;C:\Windows\SYSTEM32;C:\Program Files\Avast Software\Avast;C:\Windows\WinSxS\amd64_microsoft.windows.common-controls_6595b64144ccf1df_6.0.19041.6456_none_60b8a6cb71f64256;C:\Program Files (x86)\360\Total Security\safemon;C:\Program Files\Java\jdk-21.0.11\bin\server

VM Arguments:
java_command: org.languagetool.server.HTTPServer -p 8186
java_class_path (initial): C:\Users\Administrator\.cache\language_tool_python\LanguageTool-6.8\languagetool-server.jar
Launcher Type: SUN_STANDARD

[Global flags]
     intx CICompilerCount                          = 3                                         {product} {ergonomic}
     uint ConcGCThreads                            = 1                                         {product} {ergonomic}
     uint G1ConcRefinementThreads                  = 4                                         {product} {ergonomic}
   size_t G1HeapRegionSize                         = 1048576                                   {product} {ergonomic}
    uintx GCDrainStackTargetSize                   = 64                                        {product} {ergonomic}
   size_t InitialHeapSize                          = 67108864                                  {product} {ergonomic}
   size_t MarkStackSize                            = 4194304                                   {product} {ergonomic}
   size_t MaxHeapSize                              = 1044381696                                {product} {ergonomic}
   size_t MaxNewSize                               = 625999872                                 {product} {ergonomic}
   size_t MinHeapDeltaBytes                        = 1048576                                   {product} {ergonomic}
   size_t MinHeapSize                              = 8388608                                   {product} {ergonomic}
    uintx NonNMethodCodeHeapSize                   = 5832780                                {pd product} {ergonomic}
    uintx NonProfiledCodeHeapSize                  = 122912730                              {pd product} {ergonomic}
    uintx ProfiledCodeHeapSize                     = 122912730                              {pd product} {ergonomic}
    uintx ReservedCodeCacheSize                    = 251658240                              {pd product} {ergonomic}
     bool SegmentedCodeCache                       = true                                      {product} {ergonomic}
   size_t SoftMaxHeapSize                          = 1044381696                             {manageable} {ergonomic}
     bool UseCompressedOops                        = true                           {product lp64_product} {ergonomic}
     bool UseG1GC                                  = true                                      {product} {ergonomic}
     bool UseLargePagesIndividualAllocation        = false                                  {pd product} {ergonomic}

Logging:
Log output configuration:
 #0: stdout all=warning uptime,level,tags foldmultilines=false
 #1: stderr all=off uptime,level,tags foldmultilines=false

Environment Variables:
PATH=C:\Program Files\Common Files\Oracle\Java\javapath;C:\Windows\system32;C:\Windows;C:\Windows\System32\Wbem;C:\Windows\System32\WindowsPowerShell\v1.0\;C:\Windows\System32\OpenSSH\;C:\Program Files\Git\cmd;C:\Program Files\Microsoft SQL Server\150\Tools\Binn\;C:\Program Files\Microsoft SQL Server\Client SDK\ODBC\170\Tools\Binn\;C:\Program Files (x86)\Microsoft SQL Server\160\DTS\Binn\;C:\Program Files (x86)\Microsoft SQL Server\160\Tools\Binn\;C:\Program Files\Microsoft SQL Server\160\Tools\Binn\;C:\Program Files\Microsoft SQL Server\160\DTS\Binn\;C:\Program Files\dotnet\;C:\Users\Administrator\AppData\Roaming\npm;C:\MinGW\bin;C:\Program Files\nodejs\;C:\Users\Administrator\AppData\Local\Programs\Python\Python313\Scripts\;C:\Users\Administrator\AppData\Local\Programs\Python\Python313\;C:\Users\Administrator\AppData\Local\Microsoft\WindowsApps;C:\Users\Administrator\AppData\Local\Programs\Microsoft VS Code\bin;C:\Users\Administrator\.dotnet\tools;C:\Users\Administrator\AppData\Roaming\npm
USERNAME=Administrator
OS=Windows_NT
PROCESSOR_IDENTIFIER=Intel64 Family 6 Model 69 Stepping 1, GenuineIntel
TMP=C:\Users\ADMINI~1\AppData\Local\Temp
TEMP=C:\Users\ADMINI~1\AppData\Local\Temp




Periodic native trim disabled

---------------  S Y S T E M  ---------------

OS:
 Windows 10 , 64 bit Build 19041 (10.0.19041.5915)
OS uptime: 0 days 1:02 hours

CPU: total 4 (initial active 4) (2 cores per cpu, 2 threads per core) family 6 model 69 stepping 1 microcode 0x25, cx8, cmov, fxsr, ht, mmx, sse, sse2, sse3, ssse3, sse4.1, sse4.2, popcnt, lzcnt, tsc, tscinvbit, avx, avx2, aes, erms, clmul, bmi1, bmi2, fma, vzeroupper, clflush, rdtscp, f16c
Processor Information for all 4 processors :
  Max Mhz: 2401, Current Mhz: 1700, Mhz Limit: 1680

Memory: 4k page, system-wide physical 3976M (475M free)
TotalPageFile size 9974M (AvailPageFile size 30M)
current process WorkingSet (physical memory assigned to process): 136M, peak: 136M
current process commit charge ("private bytes"): 179M, peak: 202M

vm_info: Java HotSpot(TM) 64-Bit Server VM (21.0.11+9-LTS-211) for windows-amd64 JRE (21.0.11+9-LTS-211), built on 2026-03-11T00:23:15Z by "mach5run" with MS VC++ 17.13 (VS2022)

END.
