#
# There is insufficient memory for the Java Runtime Environment to continue.
# Native memory allocation (mmap) failed to map 51380224 bytes for G1 virtual space
# Possible reasons:
#   The system is out of physical RAM or swap space
#   The process is running with CompressedOops enabled, and the Java Heap may be blocking the growth of the native heap
# Possible solutions:
#   Reduce memory load on the system
#   Increase physical memory or swap space
#   Check if swap backing store is full
#   Decrease Java heap size (-Xmx/-Xms)
#   Decrease number of Java threads
#   Decrease Java thread stack sizes (-Xss)
#   Set larger code cache with -XX:ReservedCodeCacheSize=
#   JVM is running with Unscaled Compressed Oops mode in which the Java heap is
#     placed in the first 4GB address space. The Java Heap base address is the
#     maximum limit for the native heap growth. Please use -XX:HeapBaseMinAddress
#     to set the Java Heap base and to place the Java Heap above 4GB virtual address.
# This output file may be truncated or incomplete.
#
#  Out of Memory Error (os_windows.cpp:3604), pid=18108, tid=15016
#
# JRE version: Java(TM) SE Runtime Environment (21.0.11+9) (build 21.0.11+9-LTS-211)
# Java VM: Java HotSpot(TM) 64-Bit Server VM (21.0.11+9-LTS-211, mixed mode, sharing, tiered, compressed oops, compressed class ptrs, g1 gc, windows-amd64)
# No core dump will be written. Minidumps are not enabled by default on client versions of Windows
#

---------------  S U M M A R Y ------------

Command Line: org.languagetool.server.HTTPServer -p 8454

Host: Intel(R) Core(TM) i5-4210U CPU @ 1.70GHz, 4 cores, 3G,  Windows 10 , 64 bit Build 19041 (10.0.19041.5915)
Time: Fri Jun  5 16:24:48 2026 Pakistan Standard Time elapsed time: 4.478503 seconds (0d 0h 0m 4s)

---------------  T H R E A D  ---------------

Current thread (0x000002a753126640):  VMThread "VM Thread"          [id=15016, stack(0x000000f658e00000,0x000000f658f00000) (1024K)]

Stack: [0x000000f658e00000,0x000000f658f00000]
Native frames: (J=compiled Java code, j=interpreted, Vv=VM code, C=native code)
V  [jvm.dll+0x6d0ef9]
V  [jvm.dll+0x860126]
V  [jvm.dll+0x86261e]
V  [jvm.dll+0x862cf3]
V  [jvm.dll+0x282bc6]
V  [jvm.dll+0x6cd7a5]
V  [jvm.dll+0x6c232a]
V  [jvm.dll+0x35bfb8]
V  [jvm.dll+0x363c76]
V  [jvm.dll+0x3b4d8e]
V  [jvm.dll+0x3b5038]
V  [jvm.dll+0x32fa6c]
V  [jvm.dll+0x32fafa]
V  [jvm.dll+0x373fc2]
V  [jvm.dll+0x37274d]
V  [jvm.dll+0x32f1b1]
V  [jvm.dll+0x371daa]
V  [jvm.dll+0x8689ef]
V  [jvm.dll+0x869d7c]
V  [jvm.dll+0x86a2b1]
V  [jvm.dll+0x86a553]
V  [jvm.dll+0x80ac0d]
V  [jvm.dll+0x6cf79d]
C  [ucrtbase.dll+0x21bb2]
C  [KERNEL32.DLL+0x17374]
C  [ntdll.dll+0x4cc91]

VM_Operation (0x000000f6587fe5d0): G1CollectForAllocation, mode: safepoint, requested by thread 0x000002a7744b5f20


---------------  P R O C E S S  ---------------

Threads class SMR info:
_java_thread_list=0x000002a75814e3e0, length=13, elements={
0x000002a7744b5f20, 0x000002a75313aff0, 0x000002a75313c190, 0x000002a75314aeb0,
0x000002a75314b910, 0x000002a75314c6d0, 0x000002a75314d130, 0x000002a75314dec0,
0x000002a7531b54e0, 0x000002a7533db490, 0x000002a7533e5cf0, 0x000002a7580d35e0,
0x000002a7580d22b0
}

Java Threads: ( => current thread )
  0x000002a7744b5f20 JavaThread "main"                              [_thread_blocked, id=1740, stack(0x000000f658700000,0x000000f658800000) (1024K)]
  0x000002a75313aff0 JavaThread "Reference Handler"          daemon [_thread_blocked, id=1692, stack(0x000000f658f00000,0x000000f659000000) (1024K)]
  0x000002a75313c190 JavaThread "Finalizer"                  daemon [_thread_blocked, id=15836, stack(0x000000f659000000,0x000000f659100000) (1024K)]
  0x000002a75314aeb0 JavaThread "Signal Dispatcher"          daemon [_thread_blocked, id=19076, stack(0x000000f659100000,0x000000f659200000) (1024K)]
  0x000002a75314b910 JavaThread "Attach Listener"            daemon [_thread_blocked, id=3168, stack(0x000000f659200000,0x000000f659300000) (1024K)]
  0x000002a75314c6d0 JavaThread "Service Thread"             daemon [_thread_blocked, id=7828, stack(0x000000f659300000,0x000000f659400000) (1024K)]
  0x000002a75314d130 JavaThread "Monitor Deflation Thread"   daemon [_thread_blocked, id=15276, stack(0x000000f659400000,0x000000f659500000) (1024K)]
  0x000002a75314dec0 JavaThread "C2 CompilerThread0"         daemon [_thread_blocked, id=10028, stack(0x000000f659500000,0x000000f659600000) (1024K)]
  0x000002a7531b54e0 JavaThread "C1 CompilerThread0"         daemon [_thread_blocked, id=15068, stack(0x000000f659600000,0x000000f659700000) (1024K)]
  0x000002a7533db490 JavaThread "Notification Thread"        daemon [_thread_blocked, id=14168, stack(0x000000f659700000,0x000000f659800000) (1024K)]
  0x000002a7533e5cf0 JavaThread "Common-Cleaner"             daemon [_thread_blocked, id=10272, stack(0x000000f659800000,0x000000f659900000) (1024K)]
  0x000002a7580d35e0 JavaThread "LtThreadPoolMonitor"        daemon [_thread_blocked, id=5208, stack(0x000000f659c00000,0x000000f659d00000) (1024K)]
  0x000002a7580d22b0 JavaThread "LtThreadPoolExecutorMonitor" daemon [_thread_blocked, id=8636, stack(0x000000f659d00000,0x000000f659e00000) (1024K)]
Total: 13

Other Threads:
=>0x000002a753126640 VMThread "VM Thread"                           [id=15016, stack(0x000000f658e00000,0x000000f658f00000) (1024K)]
  0x000002a75311aa00 WatcherThread "VM Periodic Task Thread"        [id=1924, stack(0x000000f658d00000,0x000000f658e00000) (1024K)]
  0x000002a775dc7190 WorkerThread "GC Thread#0"                     [id=15316, stack(0x000000f658800000,0x000000f658900000) (1024K)]
  0x000002a753d38360 WorkerThread "GC Thread#1"                     [id=16412, stack(0x000000f659900000,0x000000f659a00000) (1024K)]
  0x000002a753bb4a30 WorkerThread "GC Thread#2"                     [id=17376, stack(0x000000f659a00000,0x000000f659b00000) (1024K)]
  0x000002a753ccb900 WorkerThread "GC Thread#3"                     [id=5572, stack(0x000000f659b00000,0x000000f659c00000) (1024K)]
  0x000002a775dd1120 ConcurrentGCThread "G1 Main Marker"            [id=9792, stack(0x000000f658900000,0x000000f658a00000) (1024K)]
  0x000002a775dd1b40 WorkerThread "G1 Conc#0"                       [id=10064, stack(0x000000f658a00000,0x000000f658b00000) (1024K)]
  0x000002a775e21440 ConcurrentGCThread "G1 Refine#0"               [id=10896, stack(0x000000f658b00000,0x000000f658c00000) (1024K)]
  0x000002a775e21ed0 ConcurrentGCThread "G1 Service"                [id=4060, stack(0x000000f658c00000,0x000000f658d00000) (1024K)]
Total: 10

Threads with active compile tasks:
C2 CompilerThread0     4580 1641       4       java.util.regex.Pattern$BmpCharProperty::match (55 bytes)
Total: 1

VM state: at safepoint (normal execution)

VM Mutex/Monitor currently owned by a thread:  ([mutex/lock_event])
[0x00007ff9f804af50] Threads_lock - owner thread: 0x000002a753126640
[0x00007ff9f804b050] Heap_lock - owner thread: 0x000002a7744b5f20

Heap address: 0x00000000c1c00000, size: 996 MB, Compressed Oops mode: 32-bit

CDS archive(s) mapped at: [0x000002a712000000-0x000002a712c90000-0x000002a712c90000), size 13172736, SharedBaseAddress: 0x000002a712000000, ArchiveRelocationMode: 1.
Compressed class space mapped at: 0x000002a713000000-0x000002a753000000, reserved size: 1073741824
Narrow klass base: 0x000002a712000000, Narrow klass shift: 0, Narrow klass range: 0x100000000

GC Precious Log:
 CardTable entry size: 512
 Card Set container configuration: InlinePtr #cards 5 size 8 Array Of Cards #cards 12 size 40 Howl #buckets 4 coarsen threshold 1843 Howl Bitmap #cards 512 size 80 coarsen threshold 460 Card regions per heap region 1 cards per card region 2048
 CPUs: 4 total, 4 available
 Memory: 3976M
 Large Page Support: Disabled
 NUMA Support: Disabled
 Compressed Oops: Enabled (32-bit)
 Heap Region Size: 1M
 Heap Min Capacity: 8M
 Heap Initial Capacity: 64M
 Heap Max Capacity: 996M
 Pre-touch: Disabled
 Parallel Workers: 4
 Concurrent Workers: 1
 Concurrent Refinement Workers: 4
 Periodic GC: Disabled

Heap:
 garbage-first heap   total 65536K, used 30660K [0x00000000c1c00000, 0x0000000100000000)
  region size 1024K, 3 young (3072K), 3 survivors (3072K)
 Metaspace       used 10056K, committed 10240K, reserved 1114112K
  class space    used 1139K, committed 1216K, reserved 1048576K

Heap Regions: E=young(eden), S=young(survivor), O=old, HS=humongous(starts), HC=humongous(continues), CS=collection set, F=free, TAMS=top-at-mark-start, PB=parsable bottom
|   0|0x00000000c1c00000, 0x00000000c1d00000, 0x00000000c1d00000|100%| O|  |TAMS 0x00000000c1c00000| PB 0x00000000c1c00000| Untracked 
|   1|0x00000000c1d00000, 0x00000000c1e00000, 0x00000000c1e00000|100%| O|  |TAMS 0x00000000c1d00000| PB 0x00000000c1d00000| Untracked 
|   2|0x00000000c1e00000, 0x00000000c1f00000, 0x00000000c1f00000|100%| O|  |TAMS 0x00000000c1e00000| PB 0x00000000c1e00000| Untracked 
|   3|0x00000000c1f00000, 0x00000000c2000000, 0x00000000c2000000|100%| O|  |TAMS 0x00000000c1f00000| PB 0x00000000c1f00000| Untracked 
|   4|0x00000000c2000000, 0x00000000c2100000, 0x00000000c2100000|100%| O|  |TAMS 0x00000000c2000000| PB 0x00000000c2000000| Untracked 
|   5|0x00000000c2100000, 0x00000000c2200000, 0x00000000c2200000|100%| O|  |TAMS 0x00000000c2100000| PB 0x00000000c2100000| Untracked 
|   6|0x00000000c2200000, 0x00000000c2300000, 0x00000000c2300000|100%| O|  |TAMS 0x00000000c2200000| PB 0x00000000c2200000| Untracked 
|   7|0x00000000c2300000, 0x00000000c2400000, 0x00000000c2400000|100%| O|  |TAMS 0x00000000c2300000| PB 0x00000000c2300000| Untracked 
|   8|0x00000000c2400000, 0x00000000c2500000, 0x00000000c2500000|100%| O|  |TAMS 0x00000000c2400000| PB 0x00000000c2400000| Untracked 
|   9|0x00000000c2500000, 0x00000000c2600000, 0x00000000c2600000|100%|HS|  |TAMS 0x00000000c2500000| PB 0x00000000c2500000| Complete 
|  10|0x00000000c2600000, 0x00000000c2700000, 0x00000000c2700000|100%| O|  |TAMS 0x00000000c2600000| PB 0x00000000c2600000| Untracked 
|  11|0x00000000c2700000, 0x00000000c2800000, 0x00000000c2800000|100%| O|  |TAMS 0x00000000c2700000| PB 0x00000000c2700000| Untracked 
|  12|0x00000000c2800000, 0x00000000c2900000, 0x00000000c2900000|100%| O|  |TAMS 0x00000000c2800000| PB 0x00000000c2800000| Untracked 
|  13|0x00000000c2900000, 0x00000000c2a00000, 0x00000000c2a00000|100%| O|  |TAMS 0x00000000c2900000| PB 0x00000000c2900000| Untracked 
|  14|0x00000000c2a00000, 0x00000000c2b00000, 0x00000000c2b00000|100%| O|  |TAMS 0x00000000c2a00000| PB 0x00000000c2a00000| Untracked 
|  15|0x00000000c2b00000, 0x00000000c2c00000, 0x00000000c2c00000|100%| O|  |TAMS 0x00000000c2b00000| PB 0x00000000c2b00000| Untracked 
|  16|0x00000000c2c00000, 0x00000000c2d00000, 0x00000000c2d00000|100%| O|  |TAMS 0x00000000c2c00000| PB 0x00000000c2c00000| Untracked 
|  17|0x00000000c2d00000, 0x00000000c2e00000, 0x00000000c2e00000|100%| O|  |TAMS 0x00000000c2d00000| PB 0x00000000c2d00000| Untracked 
|  18|0x00000000c2e00000, 0x00000000c2f00000, 0x00000000c2f00000|100%| O|  |TAMS 0x00000000c2e00000| PB 0x00000000c2e00000| Untracked 
|  19|0x00000000c2f00000, 0x00000000c3000000, 0x00000000c3000000|100%| O|  |TAMS 0x00000000c2f00000| PB 0x00000000c2f00000| Untracked 
|  20|0x00000000c3000000, 0x00000000c3100000, 0x00000000c3100000|100%|HS|  |TAMS 0x00000000c3000000| PB 0x00000000c3000000| Complete 
|  21|0x00000000c3100000, 0x00000000c3200000, 0x00000000c3200000|100%|HC|  |TAMS 0x00000000c3100000| PB 0x00000000c3100000| Complete 
|  22|0x00000000c3200000, 0x00000000c3300000, 0x00000000c3300000|100%| O|  |TAMS 0x00000000c3200000| PB 0x00000000c3200000| Untracked 
|  23|0x00000000c3300000, 0x00000000c3400000, 0x00000000c3400000|100%| O|  |TAMS 0x00000000c3300000| PB 0x00000000c3300000| Untracked 
|  24|0x00000000c3400000, 0x00000000c3500000, 0x00000000c3500000|100%| O|  |TAMS 0x00000000c3400000| PB 0x00000000c3400000| Untracked 
|  25|0x00000000c3500000, 0x00000000c3600000, 0x00000000c3600000|100%| O|  |TAMS 0x00000000c3500000| PB 0x00000000c3500000| Untracked 
|  26|0x00000000c3600000, 0x00000000c36f11e8, 0x00000000c3700000| 94%| O|  |TAMS 0x00000000c3600000| PB 0x00000000c3600000| Untracked 
|  27|0x00000000c3700000, 0x00000000c3700000, 0x00000000c3800000|  0%| F|  |TAMS 0x00000000c3700000| PB 0x00000000c3700000| Untracked 
|  28|0x00000000c3800000, 0x00000000c3800000, 0x00000000c3900000|  0%| F|  |TAMS 0x00000000c3800000| PB 0x00000000c3800000| Untracked 
|  29|0x00000000c3900000, 0x00000000c3900000, 0x00000000c3a00000|  0%| F|  |TAMS 0x00000000c3900000| PB 0x00000000c3900000| Untracked 
|  30|0x00000000c3a00000, 0x00000000c3a00000, 0x00000000c3b00000|  0%| F|  |TAMS 0x00000000c3a00000| PB 0x00000000c3a00000| Untracked 
|  31|0x00000000c3b00000, 0x00000000c3b00000, 0x00000000c3c00000|  0%| F|  |TAMS 0x00000000c3b00000| PB 0x00000000c3b00000| Untracked 
|  32|0x00000000c3c00000, 0x00000000c3c00000, 0x00000000c3d00000|  0%| F|  |TAMS 0x00000000c3c00000| PB 0x00000000c3c00000| Untracked 
|  33|0x00000000c3d00000, 0x00000000c3d00000, 0x00000000c3e00000|  0%| F|  |TAMS 0x00000000c3d00000| PB 0x00000000c3d00000| Untracked 
|  34|0x00000000c3e00000, 0x00000000c3e00000, 0x00000000c3f00000|  0%| F|  |TAMS 0x00000000c3e00000| PB 0x00000000c3e00000| Untracked 
|  35|0x00000000c3f00000, 0x00000000c3f00000, 0x00000000c4000000|  0%| F|  |TAMS 0x00000000c3f00000| PB 0x00000000c3f00000| Untracked 
|  36|0x00000000c4000000, 0x00000000c4000000, 0x00000000c4100000|  0%| F|  |TAMS 0x00000000c4000000| PB 0x00000000c4000000| Untracked 
|  37|0x00000000c4100000, 0x00000000c4100000, 0x00000000c4200000|  0%| F|  |TAMS 0x00000000c4100000| PB 0x00000000c4100000| Untracked 
|  38|0x00000000c4200000, 0x00000000c4200000, 0x00000000c4300000|  0%| F|  |TAMS 0x00000000c4200000| PB 0x00000000c4200000| Untracked 
|  39|0x00000000c4300000, 0x00000000c4300000, 0x00000000c4400000|  0%| F|  |TAMS 0x00000000c4300000| PB 0x00000000c4300000| Untracked 
|  40|0x00000000c4400000, 0x00000000c4400000, 0x00000000c4500000|  0%| F|  |TAMS 0x00000000c4400000| PB 0x00000000c4400000| Untracked 
|  41|0x00000000c4500000, 0x00000000c4500000, 0x00000000c4600000|  0%| F|  |TAMS 0x00000000c4500000| PB 0x00000000c4500000| Untracked 
|  42|0x00000000c4600000, 0x00000000c4600000, 0x00000000c4700000|  0%| F|  |TAMS 0x00000000c4600000| PB 0x00000000c4600000| Untracked 
|  43|0x00000000c4700000, 0x00000000c4700000, 0x00000000c4800000|  0%| F|  |TAMS 0x00000000c4700000| PB 0x00000000c4700000| Untracked 
|  44|0x00000000c4800000, 0x00000000c4800000, 0x00000000c4900000|  0%| F|  |TAMS 0x00000000c4800000| PB 0x00000000c4800000| Untracked 
|  45|0x00000000c4900000, 0x00000000c4a00000, 0x00000000c4a00000|100%| S|CS|TAMS 0x00000000c4900000| PB 0x00000000c4900000| Complete 
|  46|0x00000000c4a00000, 0x00000000c4b00000, 0x00000000c4b00000|100%| S|CS|TAMS 0x00000000c4a00000| PB 0x00000000c4a00000| Complete 
|  47|0x00000000c4b00000, 0x00000000c4c00000, 0x00000000c4c00000|100%| S|CS|TAMS 0x00000000c4b00000| PB 0x00000000c4b00000| Complete 
|  48|0x00000000c4c00000, 0x00000000c4c00000, 0x00000000c4d00000|  0%| F|  |TAMS 0x00000000c4c00000| PB 0x00000000c4c00000| Untracked 
|  49|0x00000000c4d00000, 0x00000000c4d00000, 0x00000000c4e00000|  0%| F|  |TAMS 0x00000000c4d00000| PB 0x00000000c4d00000| Untracked 
|  50|0x00000000c4e00000, 0x00000000c4e00000, 0x00000000c4f00000|  0%| F|  |TAMS 0x00000000c4e00000| PB 0x00000000c4e00000| Untracked 
|  51|0x00000000c4f00000, 0x00000000c4f00000, 0x00000000c5000000|  0%| F|  |TAMS 0x00000000c4f00000| PB 0x00000000c4f00000| Untracked 
|  52|0x00000000c5000000, 0x00000000c5000000, 0x00000000c5100000|  0%| F|  |TAMS 0x00000000c5000000| PB 0x00000000c5000000| Untracked 
|  53|0x00000000c5100000, 0x00000000c5100000, 0x00000000c5200000|  0%| F|  |TAMS 0x00000000c5100000| PB 0x00000000c5100000| Untracked 
|  54|0x00000000c5200000, 0x00000000c5200000, 0x00000000c5300000|  0%| F|  |TAMS 0x00000000c5200000| PB 0x00000000c5200000| Untracked 
|  55|0x00000000c5300000, 0x00000000c5300000, 0x00000000c5400000|  0%| F|  |TAMS 0x00000000c5300000| PB 0x00000000c5300000| Untracked 
|  56|0x00000000c5400000, 0x00000000c5400000, 0x00000000c5500000|  0%| F|  |TAMS 0x00000000c5400000| PB 0x00000000c5400000| Untracked 
|  57|0x00000000c5500000, 0x00000000c5500000, 0x00000000c5600000|  0%| F|  |TAMS 0x00000000c5500000| PB 0x00000000c5500000| Untracked 
|  58|0x00000000c5600000, 0x00000000c5600000, 0x00000000c5700000|  0%| F|  |TAMS 0x00000000c5600000| PB 0x00000000c5600000| Untracked 
|  59|0x00000000c5700000, 0x00000000c5700000, 0x00000000c5800000|  0%| F|  |TAMS 0x00000000c5700000| PB 0x00000000c5700000| Untracked 
|  60|0x00000000c5800000, 0x00000000c5800000, 0x00000000c5900000|  0%| F|  |TAMS 0x00000000c5800000| PB 0x00000000c5800000| Untracked 
|  61|0x00000000c5900000, 0x00000000c5900000, 0x00000000c5a00000|  0%| F|  |TAMS 0x00000000c5900000| PB 0x00000000c5900000| Untracked 
|  62|0x00000000c5a00000, 0x00000000c5a00000, 0x00000000c5b00000|  0%| F|  |TAMS 0x00000000c5a00000| PB 0x00000000c5a00000| Untracked 
|  63|0x00000000c5b00000, 0x00000000c5b00000, 0x00000000c5c00000|  0%| F|  |TAMS 0x00000000c5b00000| PB 0x00000000c5b00000| Untracked 

Card table byte_map: [0x000002a77eeb0000,0x000002a77f0b0000] _byte_map_base: 0x000002a77e8a2000

Marking Bits: (CMBitMap*) 0x000002a775dc8bc0
 Bits: [0x000002a70f000000, 0x000002a70ff90000)

Polling page: 0x000002a774430000

Metaspace:

Usage:
  Non-class:      8.71 MB used.
      Class:      1.11 MB used.
       Both:      9.82 MB used.

Virtual space:
  Non-class space:       64.00 MB reserved,       8.81 MB ( 14%) committed,  1 nodes.
      Class space:        1.00 GB reserved,       1.19 MB ( <1%) committed,  1 nodes.
             Both:        1.06 GB reserved,      10.00 MB ( <1%) committed. 

Chunk freelists:
   Non-Class:  6.31 MB
       Class:  14.84 MB
        Both:  21.16 MB

MaxMetaspaceSize: unlimited
CompressedClassSpaceSize: 1.00 GB
Initial GC threshold: 21.00 MB
Current GC threshold: 21.00 MB
CDS: on
 - commit_granule_bytes: 65536.
 - commit_granule_words: 8192.
 - virtual_space_node_default_size: 8388608.
 - enlarge_chunks_in_place: 1.
 - use_allocation_guard: 0.


Internal statistics:

num_allocs_failed_limit: 0.
num_arena_births: 140.
num_arena_deaths: 0.
num_vsnodes_births: 2.
num_vsnodes_deaths: 0.
num_space_committed: 159.
num_space_uncommitted: 0.
num_chunks_returned_to_freelist: 0.
num_chunks_taken_from_freelist: 337.
num_chunk_merges: 0.
num_chunk_splits: 225.
num_chunks_enlarged: 167.
num_inconsistent_stats: 0.

CodeHeap 'non-profiled nmethods': size=120000Kb used=725Kb max_used=725Kb free=119274Kb
 bounds [0x000002a707ad0000, 0x000002a707d40000, 0x000002a70f000000]
CodeHeap 'profiled nmethods': size=120000Kb used=3339Kb max_used=3339Kb free=116660Kb
 bounds [0x000002a700000000, 0x000002a700350000, 0x000002a707530000]
CodeHeap 'non-nmethods': size=5760Kb used=1436Kb max_used=1462Kb free=4323Kb
 bounds [0x000002a707530000, 0x000002a7077a0000, 0x000002a707ad0000]
 total_blobs=2255 nmethods=1729 adapters=431
 compilation: enabled
              stopped_count=0, restarted_count=0
 full_count=0

Compilation events (20 events):
Event: 4.314 Thread 0x000002a75314dec0 nmethod 1615 0x000002a707b80c90 code [0x000002a707b80e40, 0x000002a707b81330]
Event: 4.314 Thread 0x000002a75314dec0 1758       4       java.lang.StringUTF16::toLowerCase (304 bytes)
Event: 4.329 Thread 0x000002a7531b54e0 1759       3       sun.nio.cs.UTF_8$Decoder::decodeArrayLoop (688 bytes)
Event: 4.331 Thread 0x000002a75314dec0 nmethod 1758 0x000002a707b81790 code [0x000002a707b819c0, 0x000002a707b822d8]
Event: 4.331 Thread 0x000002a75314dec0 1620       4       java.nio.CharBuffer::toString (13 bytes)
Event: 4.335 Thread 0x000002a7531b54e0 nmethod 1759 0x000002a70033b810 code [0x000002a70033c0a0, 0x000002a700341168]
Event: 4.342 Thread 0x000002a75314dec0 nmethod 1620 0x000002a707b82890 code [0x000002a707b82a60, 0x000002a707b831b0]
Event: 4.342 Thread 0x000002a75314dec0 1621   !   4       java.nio.HeapCharBuffer::toString (30 bytes)
Event: 4.351 Thread 0x000002a75314dec0 nmethod 1621 0x000002a707b83610 code [0x000002a707b837e0, 0x000002a707b83f38]
Event: 4.351 Thread 0x000002a75314dec0 1619       4       java.nio.HeapCharBuffer::subSequence (48 bytes)
Event: 4.359 Thread 0x000002a75314dec0 nmethod 1619 0x000002a707b84310 code [0x000002a707b844c0, 0x000002a707b849b0]
Event: 4.359 Thread 0x000002a75314dec0 1609       4       java.nio.CharBuffer::limit (6 bytes)
Event: 4.360 Thread 0x000002a75314dec0 nmethod 1609 0x000002a707b84e10 code [0x000002a707b84fa0, 0x000002a707b850b0]
Event: 4.360 Thread 0x000002a75314dec0 1641       4       java.util.regex.Pattern$BmpCharProperty::match (55 bytes)
Event: 4.373 Thread 0x000002a7531b54e0 1762       2       java.util.stream.StreamOpFlag::combineOpFlags (9 bytes)
Event: 4.374 Thread 0x000002a7531b54e0 nmethod 1762 0x000002a700342890 code [0x000002a700342a20, 0x000002a700342b38]
Event: 4.374 Thread 0x000002a7531b54e0 1763       2       java.util.stream.StreamOpFlag::getMask (30 bytes)
Event: 4.374 Thread 0x000002a7531b54e0 nmethod 1763 0x000002a700342c10 code [0x000002a700342da0, 0x000002a700342ed8]
Event: 4.374 Thread 0x000002a7531b54e0 1764       1       java.lang.StringLatin1$CharsSpliterator::characteristics (5 bytes)
Event: 4.374 Thread 0x000002a7531b54e0 nmethod 1764 0x000002a707b85190 code [0x000002a707b85320, 0x000002a707b853e8]

GC Heap History (11 events):
Event: 1.891 GC heap before
{Heap before GC invocations=0 (full 0):
 garbage-first heap   total 65536K, used 12288K [0x00000000c1c00000, 0x0000000100000000)
  region size 1024K, 13 young (13312K), 0 survivors (0K)
 Metaspace       used 3212K, committed 3392K, reserved 1114112K
  class space    used 371K, committed 448K, reserved 1048576K
}
Event: 1.904 GC heap after
{Heap after GC invocations=1 (full 0):
 garbage-first heap   total 65536K, used 6272K [0x00000000c1c00000, 0x0000000100000000)
  region size 1024K, 2 young (2048K), 2 survivors (2048K)
 Metaspace       used 3212K, committed 3392K, reserved 1114112K
  class space    used 371K, committed 448K, reserved 1048576K
}
Event: 2.672 GC heap before
{Heap before GC invocations=1 (full 0):
 garbage-first heap   total 65536K, used 15488K [0x00000000c1c00000, 0x0000000100000000)
  region size 1024K, 12 young (12288K), 2 survivors (2048K)
 Metaspace       used 6148K, committed 6400K, reserved 1114112K
  class space    used 771K, committed 896K, reserved 1048576K
}
Event: 2.682 GC heap after
{Heap after GC invocations=2 (full 0):
 garbage-first heap   total 65536K, used 8324K [0x00000000c1c00000, 0x0000000100000000)
  region size 1024K, 2 young (2048K), 2 survivors (2048K)
 Metaspace       used 6148K, committed 6400K, reserved 1114112K
  class space    used 771K, committed 896K, reserved 1048576K
}
Event: 3.731 GC heap before
{Heap before GC invocations=2 (full 0):
 garbage-first heap   total 65536K, used 31876K [0x00000000c1c00000, 0x0000000100000000)
  region size 1024K, 26 young (26624K), 2 survivors (2048K)
 Metaspace       used 9899K, committed 10112K, reserved 1114112K
  class space    used 1129K, committed 1216K, reserved 1048576K
}
Event: 3.752 GC heap after
{Heap after GC invocations=3 (full 0):
 garbage-first heap   total 65536K, used 12900K [0x00000000c1c00000, 0x0000000100000000)
  region size 1024K, 4 young (4096K), 4 survivors (4096K)
 Metaspace       used 9899K, committed 10112K, reserved 1114112K
  class space    used 1129K, committed 1216K, reserved 1048576K
}
Event: 3.999 GC heap before
{Heap before GC invocations=3 (full 0):
 garbage-first heap   total 65536K, used 33380K [0x00000000c1c00000, 0x0000000100000000)
  region size 1024K, 23 young (23552K), 4 survivors (4096K)
 Metaspace       used 9974K, committed 10176K, reserved 1114112K
  class space    used 1133K, committed 1216K, reserved 1048576K
}
Event: 4.029 GC heap after
{Heap after GC invocations=4 (full 0):
 garbage-first heap   total 65536K, used 18432K [0x00000000c1c00000, 0x0000000100000000)
  region size 1024K, 3 young (3072K), 3 survivors (3072K)
 Metaspace       used 9974K, committed 10176K, reserved 1114112K
  class space    used 1133K, committed 1216K, reserved 1048576K
}
Event: 4.264 GC heap before
{Heap before GC invocations=4 (full 0):
 garbage-first heap   total 65536K, used 45056K [0x00000000c1c00000, 0x0000000100000000)
  region size 1024K, 29 young (29696K), 3 survivors (3072K)
 Metaspace       used 10055K, committed 10240K, reserved 1114112K
  class space    used 1139K, committed 1216K, reserved 1048576K
}
Event: 4.301 GC heap after
{Heap after GC invocations=5 (full 0):
 garbage-first heap   total 65536K, used 24413K [0x00000000c1c00000, 0x0000000100000000)
  region size 1024K, 4 young (4096K), 4 survivors (4096K)
 Metaspace       used 10055K, committed 10240K, reserved 1114112K
  class space    used 1139K, committed 1216K, reserved 1048576K
}
Event: 4.438 GC heap before
{Heap before GC invocations=5 (full 0):
 garbage-first heap   total 65536K, used 42845K [0x00000000c1c00000, 0x0000000100000000)
  region size 1024K, 20 young (20480K), 4 survivors (4096K)
 Metaspace       used 10056K, committed 10240K, reserved 1114112K
  class space    used 1139K, committed 1216K, reserved 1048576K
}

Dll operation events (6 events):
Event: 0.022 Loaded shared library C:\Program Files\Java\jdk-21.0.11\bin\java.dll
Event: 0.157 Loaded shared library C:\Program Files\Java\jdk-21.0.11\bin\jsvml.dll
Event: 0.296 Loaded shared library C:\Program Files\Java\jdk-21.0.11\bin\net.dll
Event: 0.303 Loaded shared library C:\Program Files\Java\jdk-21.0.11\bin\nio.dll
Event: 0.312 Loaded shared library C:\Program Files\Java\jdk-21.0.11\bin\zip.dll
Event: 0.377 Loaded shared library C:\Program Files\Java\jdk-21.0.11\bin\jimage.dll

Deoptimization events (20 events):
Event: 4.394 Thread 0x000002a7744b5f20 DEOPT PACKING pc=0x000002a7003405ac sp=0x000000f6587fe1f0
Event: 4.394 Thread 0x000002a7744b5f20 DEOPT UNPACKING pc=0x000002a707584e42 sp=0x000000f6587fd748 mode 0
Event: 4.413 Thread 0x000002a7744b5f20 DEOPT PACKING pc=0x000002a7003405ac sp=0x000000f6587fe1f0
Event: 4.413 Thread 0x000002a7744b5f20 DEOPT UNPACKING pc=0x000002a707584e42 sp=0x000000f6587fd748 mode 0
Event: 4.416 Thread 0x000002a7744b5f20 DEOPT PACKING pc=0x000002a7003405ac sp=0x000000f6587fe1f0
Event: 4.416 Thread 0x000002a7744b5f20 DEOPT UNPACKING pc=0x000002a707584e42 sp=0x000000f6587fd748 mode 0
Event: 4.419 Thread 0x000002a7744b5f20 DEOPT PACKING pc=0x000002a7003405ac sp=0x000000f6587fe1f0
Event: 4.419 Thread 0x000002a7744b5f20 DEOPT UNPACKING pc=0x000002a707584e42 sp=0x000000f6587fd748 mode 0
Event: 4.420 Thread 0x000002a7744b5f20 Uncommon trap: trap_request=0xffffff45 fr.pc=0x000002a707b82114 relative=0x0000000000000754
Event: 4.420 Thread 0x000002a7744b5f20 Uncommon trap: reason=unstable_if action=reinterpret pc=0x000002a707b82114 method=java.lang.StringUTF16.toLowerCase(Ljava/lang/String;[BLjava/util/Locale;)Ljava/lang/String; @ 281 c2
Event: 4.420 Thread 0x000002a7744b5f20 DEOPT PACKING pc=0x000002a707b82114 sp=0x000000f6587fe8f0
Event: 4.420 Thread 0x000002a7744b5f20 DEOPT UNPACKING pc=0x000002a7075846a2 sp=0x000000f6587fe880 mode 2
Event: 4.426 Thread 0x000002a7744b5f20 DEOPT PACKING pc=0x000002a7003405ac sp=0x000000f6587fe1f0
Event: 4.426 Thread 0x000002a7744b5f20 DEOPT UNPACKING pc=0x000002a707584e42 sp=0x000000f6587fd748 mode 0
Event: 4.429 Thread 0x000002a7744b5f20 DEOPT PACKING pc=0x000002a7003405ac sp=0x000000f6587fe1f0
Event: 4.429 Thread 0x000002a7744b5f20 DEOPT UNPACKING pc=0x000002a707584e42 sp=0x000000f6587fd748 mode 0
Event: 4.433 Thread 0x000002a7744b5f20 DEOPT PACKING pc=0x000002a7003405ac sp=0x000000f6587fe1f0
Event: 4.433 Thread 0x000002a7744b5f20 DEOPT UNPACKING pc=0x000002a707584e42 sp=0x000000f6587fd748 mode 0
Event: 4.436 Thread 0x000002a7744b5f20 DEOPT PACKING pc=0x000002a7003405ac sp=0x000000f6587fe1f0
Event: 4.436 Thread 0x000002a7744b5f20 DEOPT UNPACKING pc=0x000002a707584e42 sp=0x000000f6587fd748 mode 0

Classes loaded (20 events):
Event: 4.031 Loading class sun/text/resources/BreakIteratorResources
Event: 4.031 Loading class sun/util/resources/BreakIteratorResourceBundle
Event: 4.031 Loading class sun/util/resources/BreakIteratorResourceBundle done
Event: 4.031 Loading class sun/text/resources/BreakIteratorResources done
Event: 4.032 Loading class sun/text/resources/BreakIteratorResources_en
Event: 4.032 Loading class sun/text/resources/BreakIteratorResources_en done
Event: 4.032 Loading class sun/text/resources/BreakIteratorResources_en_US
Event: 4.032 Loading class sun/text/resources/BreakIteratorResources_en_US done
Event: 4.034 Loading class sun/text/RuleBasedBreakIterator
Event: 4.034 Loading class sun/text/RuleBasedBreakIterator done
Event: 4.035 Loading class sun/text/CompactByteArray
Event: 4.036 Loading class sun/text/CompactByteArray done
Event: 4.037 Loading class sun/text/SupplementaryCharacterData
Event: 4.037 Loading class sun/text/SupplementaryCharacterData done
Event: 4.037 Loading class java/text/BreakIterator$BreakIteratorCache
Event: 4.037 Loading class java/text/BreakIterator$BreakIteratorCache done
Event: 4.037 Loading class java/text/StringCharacterIterator
Event: 4.037 Loading class java/text/CharacterIterator
Event: 4.038 Loading class java/text/CharacterIterator done
Event: 4.038 Loading class java/text/StringCharacterIterator done

Classes unloaded (0 events):
No events

Classes redefined (0 events):
No events

Internal exceptions (10 events):
Event: 1.485 Thread 0x000002a7744b5f20 Exception <a 'java/lang/NoSuchMethodError'{0x00000000c5141338}: 'void java.lang.invoke.DirectMethodHandle$Holder.invokeStatic(java.lang.Object, java.lang.Object, java.lang.Object)'> (0x00000000c5141338) 
thrown [s\open\src\hotspot\share\interpreter\linkResolver.cpp, line 773]
Event: 1.729 Thread 0x000002a7744b5f20 Exception <a 'java/lang/NoSuchMethodError'{0x00000000c50923a8}: 'void java.lang.invoke.DirectMethodHandle$Holder.invokeSpecialIFC(java.lang.Object, java.lang.Object, java.lang.Object, java.lang.Object, java.lang.Object)'> (0x00000000c50923a8) 
thrown [s\open\src\hotspot\share\interpreter\linkResolver.cpp, line 773]
Event: 1.732 Thread 0x000002a7744b5f20 Exception <a 'java/lang/NoSuchMethodError'{0x00000000c509a3d8}: 'void java.lang.invoke.DirectMethodHandle$Holder.invokeStatic(java.lang.Object, java.lang.Object, java.lang.Object, java.lang.Object)'> (0x00000000c509a3d8) 
thrown [s\open\src\hotspot\share\interpreter\linkResolver.cpp, line 773]
Event: 1.742 Thread 0x000002a7744b5f20 Exception <a 'java/lang/NoSuchMethodError'{0x00000000c50a2860}: 'int java.lang.invoke.DirectMethodHandle$Holder.invokeSpecial(java.lang.Object, java.lang.Object, java.lang.Object)'> (0x00000000c50a2860) 
thrown [s\open\src\hotspot\share\interpreter\linkResolver.cpp, line 773]
Event: 1.815 Thread 0x000002a7744b5f20 Exception <a 'java/lang/NoSuchMethodError'{0x00000000c4f4f698}: 'java.lang.Object java.lang.invoke.DirectMethodHandle$Holder.invokeStaticInit(java.lang.Object, java.lang.Object, java.lang.Object)'> (0x00000000c4f4f698) 
thrown [s\open\src\hotspot\share\interpreter\linkResolver.cpp, line 773]
Event: 2.261 Thread 0x000002a7744b5f20 Exception <a 'java/lang/NoSuchMethodError'{0x00000000c58da4c8}: 'java.lang.Object java.lang.invoke.DirectMethodHandle$Holder.invokeSpecial(java.lang.Object, java.lang.Object, java.lang.Object, long, java.lang.Object)'> (0x00000000c58da4c8) 
thrown [s\open\src\hotspot\share\interpreter\linkResolver.cpp, line 773]
Event: 2.263 Thread 0x000002a7744b5f20 Exception <a 'java/lang/NoSuchMethodError'{0x00000000c58dde28}: 'java.lang.Object java.lang.invoke.Invokers$Holder.linkToTargetMethod(java.lang.Object, long, java.lang.Object, java.lang.Object)'> (0x00000000c58dde28) 
thrown [s\open\src\hotspot\share\interpreter\linkResolver.cpp, line 773]
Event: 2.829 Thread 0x000002a7744b5f20 Exception <a 'java/lang/ClassNotFoundException'{0x00000000c5a28cd0}: com/sun/org/apache/xerces/internal/impl/xpath/regex/spi/messageProvider> (0x00000000c5a28cd0) 
thrown [s\open\src\hotspot\share\classfile\systemDictionary.cpp, line 313]
Event: 3.390 Thread 0x000002a7744b5f20 Exception <a 'java/lang/NoSuchMethodError'{0x00000000c550e748}: 'java.lang.Object java.lang.invoke.DirectMethodHandle$Holder.invokeInterface(java.lang.Object, java.lang.Object)'> (0x00000000c550e748) 
thrown [s\open\src\hotspot\share\interpreter\linkResolver.cpp, line 773]
Event: 3.390 Thread 0x000002a7744b5f20 Exception <a 'java/lang/IncompatibleClassChangeError'{0x00000000c55119c0}: Found class java.lang.Object, but interface was expected> (0x00000000c55119c0) 
thrown [s\open\src\hotspot\share\interpreter\linkResolver.cpp, line 840]

ZGC Phase Switch (0 events):
No events

VM Operations (20 events):
Event: 2.628 Executing VM operation: HandshakeAllThreads (Deoptimize) done
Event: 2.672 Executing VM operation: G1CollectForAllocation (G1 Evacuation Pause)
Event: 2.682 Executing VM operation: G1CollectForAllocation (G1 Evacuation Pause) done
Event: 2.910 Executing VM operation: HandshakeAllThreads (Deoptimize)
Event: 2.910 Executing VM operation: HandshakeAllThreads (Deoptimize) done
Event: 2.998 Executing VM operation: HandshakeAllThreads (Deoptimize)
Event: 2.998 Executing VM operation: HandshakeAllThreads (Deoptimize) done
Event: 2.999 Executing VM operation: HandshakeAllThreads (Deoptimize)
Event: 2.999 Executing VM operation: HandshakeAllThreads (Deoptimize) done
Event: 3.401 Executing VM operation: HandshakeAllThreads (Deoptimize)
Event: 3.401 Executing VM operation: HandshakeAllThreads (Deoptimize) done
Event: 3.575 Executing VM operation: ThreadDump
Event: 3.575 Executing VM operation: ThreadDump done
Event: 3.731 Executing VM operation: G1CollectForAllocation (G1 Evacuation Pause)
Event: 3.752 Executing VM operation: G1CollectForAllocation (G1 Evacuation Pause) done
Event: 3.999 Executing VM operation: G1CollectForAllocation (G1 Evacuation Pause)
Event: 4.029 Executing VM operation: G1CollectForAllocation (G1 Evacuation Pause) done
Event: 4.264 Executing VM operation: G1CollectForAllocation (G1 Evacuation Pause)
Event: 4.301 Executing VM operation: G1CollectForAllocation (G1 Evacuation Pause) done
Event: 4.438 Executing VM operation: G1CollectForAllocation (G1 Evacuation Pause)

Events (13 events):
Event: 0.075 Thread 0x000002a7744b5f20 Thread added: 0x000002a7744b5f20
Event: 0.152 Thread 0x000002a75313aff0 Thread added: 0x000002a75313aff0
Event: 0.153 Thread 0x000002a75313c190 Thread added: 0x000002a75313c190
Event: 0.153 Thread 0x000002a75314aeb0 Thread added: 0x000002a75314aeb0
Event: 0.153 Thread 0x000002a75314b910 Thread added: 0x000002a75314b910
Event: 0.153 Thread 0x000002a75314c6d0 Thread added: 0x000002a75314c6d0
Event: 0.154 Thread 0x000002a75314d130 Thread added: 0x000002a75314d130
Event: 0.154 Thread 0x000002a75314dec0 Thread added: 0x000002a75314dec0
Event: 0.183 Thread 0x000002a7531b54e0 Thread added: 0x000002a7531b54e0
Event: 0.279 Thread 0x000002a7533db490 Thread added: 0x000002a7533db490
Event: 0.284 Thread 0x000002a7533e5cf0 Thread added: 0x000002a7533e5cf0
Event: 2.561 Thread 0x000002a7580d35e0 Thread added: 0x000002a7580d35e0
Event: 2.611 Thread 0x000002a7580d22b0 Thread added: 0x000002a7580d22b0


Dynamic libraries:
0x00007ff7c6800000 - 0x00007ff7c6810000 	C:\Program Files\Java\jdk-21.0.11\bin\java.EXE
0x00007ffaa1390000 - 0x00007ffaa1588000 	C:\Windows\SYSTEM32\ntdll.dll
0x00007ffa8bef0000 - 0x00007ffa8bf11000 	C:\Program Files\Avast Software\Avast\aswhook.dll
0x00007ffa9f950000 - 0x00007ffa9fa12000 	C:\Windows\System32\KERNEL32.DLL
0x00007ffa9ef30000 - 0x00007ffa9f226000 	C:\Windows\System32\KERNELBASE.dll
0x00007ffa9eab0000 - 0x00007ffa9ebb0000 	C:\Windows\System32\ucrtbase.dll
0x00007ffa66850000 - 0x00007ffa66869000 	C:\Program Files\Java\jdk-21.0.11\bin\jli.dll
0x00007ffa9fff0000 - 0x00007ffaa00a1000 	C:\Windows\System32\ADVAPI32.dll
0x00007ffaa12a0000 - 0x00007ffaa133e000 	C:\Windows\System32\msvcrt.dll
0x00007ffa9fc20000 - 0x00007ffa9fcbf000 	C:\Windows\System32\sechost.dll
0x00007ffaa0330000 - 0x00007ffaa0450000 	C:\Windows\System32\RPCRT4.dll
0x00007ffa9f230000 - 0x00007ffa9f257000 	C:\Windows\System32\bcrypt.dll
0x00007ffa66830000 - 0x00007ffa6684e000 	C:\Program Files\Java\jdk-21.0.11\bin\VCRUNTIME140.dll
0x00007ffaa00b0000 - 0x00007ffaa0251000 	C:\Windows\System32\USER32.dll
0x00007ffa9ef00000 - 0x00007ffa9ef22000 	C:\Windows\System32\win32u.dll
0x00007ffaa0f10000 - 0x00007ffaa0f3b000 	C:\Windows\System32\GDI32.dll
0x00007ffa9ede0000 - 0x00007ffa9eef9000 	C:\Windows\System32\gdi32full.dll
0x00007ffa9f310000 - 0x00007ffa9f3ad000 	C:\Windows\System32\msvcp_win.dll
0x00007ffa9e580000 - 0x00007ffa9e58a000 	C:\Windows\SYSTEM32\VERSION.dll
0x00007ffa8ef50000 - 0x00007ffa8f1eb000 	C:\Windows\WinSxS\amd64_microsoft.windows.common-controls_6595b64144ccf1df_6.0.19041.6456_none_60b8a6cb71f64256\COMCTL32.dll
0x00007ffa9f910000 - 0x00007ffa9f93f000 	C:\Windows\System32\IMM32.DLL
0x0000000060140000 - 0x000000006014d000 	C:\Program Files (x86)\360\Total Security\safemon\SafeWrapper.dll
0x00007ffa99df0000 - 0x00007ffa99ef5000 	C:\Program Files (x86)\360\Total Security\safemon\libzdtp64.dll
0x00007ffaa0690000 - 0x00007ffaa0e00000 	C:\Windows\System32\SHELL32.dll
0x00007ffa9fcc0000 - 0x00007ffa9fd1b000 	C:\Windows\System32\SHLWAPI.dll
0x00007ffa81830000 - 0x00007ffa8183c000 	C:\Program Files\Java\jdk-21.0.11\bin\vcruntime140_1.dll
0x00007ffa65d20000 - 0x00007ffa65dad000 	C:\Program Files\Java\jdk-21.0.11\bin\msvcp140.dll
0x00007ff9f7400000 - 0x00007ff9f8128000 	C:\Program Files\Java\jdk-21.0.11\bin\server\jvm.dll
0x00007ffa9fe50000 - 0x00007ffa9febb000 	C:\Windows\System32\WS2_32.dll
0x00007ffa9def0000 - 0x00007ffa9df3b000 	C:\Windows\SYSTEM32\POWRPROF.dll
0x00007ffa8f6b0000 - 0x00007ffa8f6d7000 	C:\Windows\SYSTEM32\WINMM.dll
0x00007ffa9ddb0000 - 0x00007ffa9ddc2000 	C:\Windows\SYSTEM32\UMPDC.dll
0x00007ffa9c820000 - 0x00007ffa9c832000 	C:\Windows\SYSTEM32\kernel.appcore.dll
0x00007ffa7e970000 - 0x00007ffa7e97a000 	C:\Program Files\Java\jdk-21.0.11\bin\jimage.dll
0x00007ffa93110000 - 0x00007ffa93311000 	C:\Windows\SYSTEM32\DBGHELP.DLL
0x00007ffa930b0000 - 0x00007ffa930e4000 	C:\Windows\SYSTEM32\dbgcore.DLL
0x00007ffa9ea20000 - 0x00007ffa9eaa2000 	C:\Windows\System32\bcryptPrimitives.dll
0x00007ffa66760000 - 0x00007ffa66781000 	C:\Program Files\Java\jdk-21.0.11\bin\java.dll
0x00007ffa9ca20000 - 0x00007ffa9d1c5000 	C:\Windows\SYSTEM32\windows.storage.dll
0x00007ffaa0f40000 - 0x00007ffaa1294000 	C:\Windows\System32\combase.dll
0x00007ffa9e3e0000 - 0x00007ffa9e40b000 	C:\Windows\SYSTEM32\Wldp.dll
0x00007ffa9fec0000 - 0x00007ffa9ff8d000 	C:\Windows\System32\OLEAUT32.dll
0x00007ffaa0280000 - 0x00007ffaa032d000 	C:\Windows\System32\SHCORE.dll
0x00007ffa9e950000 - 0x00007ffa9e974000 	C:\Windows\SYSTEM32\profapi.dll
0x00007ffa65630000 - 0x00007ffa65707000 	C:\Program Files\Java\jdk-21.0.11\bin\jsvml.dll
0x00007ffa66740000 - 0x00007ffa66751000 	C:\Program Files\Java\jdk-21.0.11\bin\net.dll
0x00007ffa96cc0000 - 0x00007ffa96dca000 	C:\Windows\SYSTEM32\WINHTTP.dll
0x00007ffa9e140000 - 0x00007ffa9e1aa000 	C:\Windows\system32\mswsock.dll
0x00007ffa66720000 - 0x00007ffa66736000 	C:\Program Files\Java\jdk-21.0.11\bin\nio.dll
0x00007ffa65d00000 - 0x00007ffa65d18000 	C:\Program Files\Java\jdk-21.0.11\bin\zip.dll

dbghelp: loaded successfully - version: 4.0.5 - missing functions: none
symbol engine: initialized successfully - sym options: 0x614 - pdb path: .;C:\Program Files\Java\jdk-21.0.11\bin;C:\Windows\SYSTEM32;C:\Program Files\Avast Software\Avast;C:\Windows\WinSxS\amd64_microsoft.windows.common-controls_6595b64144ccf1df_6.0.19041.6456_none_60b8a6cb71f64256;C:\Program Files (x86)\360\Total Security\safemon;C:\Program Files\Java\jdk-21.0.11\bin\server

VM Arguments:
java_command: org.languagetool.server.HTTPServer -p 8454
java_class_path (initial): C:\Users\Administrator\.cache\language_tool_python\LanguageTool-6.8\languagetool-server.jar
Launcher Type: SUN_STANDARD

[Global flags]
     intx CICompilerCount                          = 3                                         {product} {ergonomic}
     uint ConcGCThreads                            = 1                                         {product} {ergonomic}
     uint G1ConcRefinementThreads                  = 4                                         {product} {ergonomic}
   size_t G1HeapRegionSize                         = 1048576                                   {product} {ergonomic}
    uintx GCDrainStackTargetSize                   = 64                                        {product} {ergonomic}
   size_t InitialHeapSize                          = 67108864                                  {product} {ergonomic}
   size_t MarkStackSize                            = 4194304                                   {product} {ergonomic}
   size_t MaxHeapSize                              = 1044381696                                {product} {ergonomic}
   size_t MaxNewSize                               = 625999872                                 {product} {ergonomic}
   size_t MinHeapDeltaBytes                        = 1048576                                   {product} {ergonomic}
   size_t MinHeapSize                              = 8388608                                   {product} {ergonomic}
    uintx NonNMethodCodeHeapSize                   = 5832780                                {pd product} {ergonomic}
    uintx NonProfiledCodeHeapSize                  = 122912730                              {pd product} {ergonomic}
    uintx ProfiledCodeHeapSize                     = 122912730                              {pd product} {ergonomic}
    uintx ReservedCodeCacheSize                    = 251658240                              {pd product} {ergonomic}
     bool SegmentedCodeCache                       = true                                      {product} {ergonomic}
   size_t SoftMaxHeapSize                          = 1044381696                             {manageable} {ergonomic}
     bool UseCompressedOops                        = true                           {product lp64_product} {ergonomic}
     bool UseG1GC                                  = true                                      {product} {ergonomic}
     bool UseLargePagesIndividualAllocation        = false                                  {pd product} {ergonomic}

Logging:
Log output configuration:
 #0: stdout all=warning uptime,level,tags foldmultilines=false
 #1: stderr all=off uptime,level,tags foldmultilines=false

Environment Variables:
PATH=C:\Program Files\Common Files\Oracle\Java\javapath;C:\Windows\system32;C:\Windows;C:\Windows\System32\Wbem;C:\Windows\System32\WindowsPowerShell\v1.0\;C:\Windows\System32\OpenSSH\;C:\Program Files\Git\cmd;C:\Program Files\Microsoft SQL Server\150\Tools\Binn\;C:\Program Files\Microsoft SQL Server\Client SDK\ODBC\170\Tools\Binn\;C:\Program Files (x86)\Microsoft SQL Server\160\DTS\Binn\;C:\Program Files (x86)\Microsoft SQL Server\160\Tools\Binn\;C:\Program Files\Microsoft SQL Server\160\Tools\Binn\;C:\Program Files\Microsoft SQL Server\160\DTS\Binn\;C:\Program Files\dotnet\;C:\Users\Administrator\AppData\Roaming\npm;C:\MinGW\bin;C:\Program Files\nodejs\;C:\Users\Administrator\AppData\Local\Programs\Python\Python313\Scripts\;C:\Users\Administrator\AppData\Local\Programs\Python\Python313\;C:\Users\Administrator\AppData\Local\Microsoft\WindowsApps;C:\Users\Administrator\AppData\Local\Programs\Microsoft VS Code\bin;C:\Users\Administrator\.dotnet\tools;C:\Users\Administrator\AppData\Roaming\npm
USERNAME=Administrator
OS=Windows_NT
PROCESSOR_IDENTIFIER=Intel64 Family 6 Model 69 Stepping 1, GenuineIntel
TMP=C:\Users\ADMINI~1\AppData\Local\Temp
TEMP=C:\Users\ADMINI~1\AppData\Local\Temp




Periodic native trim disabled

---------------  S Y S T E M  ---------------

OS:
 Windows 10 , 64 bit Build 19041 (10.0.19041.5915)
OS uptime: 0 days 1:02 hours

CPU: total 4 (initial active 4) (2 cores per cpu, 2 threads per core) family 6 model 69 stepping 1 microcode 0x25, cx8, cmov, fxsr, ht, mmx, sse, sse2, sse3, ssse3, sse4.1, sse4.2, popcnt, lzcnt, tsc, tscinvbit, avx, avx2, aes, erms, clmul, bmi1, bmi2, fma, vzeroupper, clflush, rdtscp, f16c
Processor Information for all 4 processors :
  Max Mhz: 2401, Current Mhz: 1700, Mhz Limit: 1680

Memory: 4k page, system-wide physical 3976M (320M free)
TotalPageFile size 9974M (AvailPageFile size 51M)
current process WorkingSet (physical memory assigned to process): 123M, peak: 123M
current process commit charge ("private bytes"): 164M, peak: 213M

vm_info: Java HotSpot(TM) 64-Bit Server VM (21.0.11+9-LTS-211) for windows-amd64 JRE (21.0.11+9-LTS-211), built on 2026-03-11T00:23:15Z by "mach5run" with MS VC++ 17.13 (VS2022)

END.
