#
# There is insufficient memory for the Java Runtime Environment to continue.
# Native memory allocation (malloc) failed to allocate 1154400 bytes for Chunk::new
# Possible reasons:
#   The system is out of physical RAM or swap space
#   The process is running with CompressedOops enabled, and the Java Heap may be blocking the growth of the native heap
# Possible solutions:
#   Reduce memory load on the system
#   Increase physical memory or swap space
#   Check if swap backing store is full
#   Decrease Java heap size (-Xmx/-Xms)
#   Decrease number of Java threads
#   Decrease Java thread stack sizes (-Xss)
#   Set larger code cache with -XX:ReservedCodeCacheSize=
#   JVM is running with Unscaled Compressed Oops mode in which the Java heap is
#     placed in the first 4GB address space. The Java Heap base address is the
#     maximum limit for the native heap growth. Please use -XX:HeapBaseMinAddress
#     to set the Java Heap base and to place the Java Heap above 4GB virtual address.
# This output file may be truncated or incomplete.
#
#  Out of Memory Error (arena.cpp:168), pid=18992, tid=11648
#
# JRE version: Java(TM) SE Runtime Environment (21.0.11+9) (build 21.0.11+9-LTS-211)
# Java VM: Java HotSpot(TM) 64-Bit Server VM (21.0.11+9-LTS-211, mixed mode, sharing, tiered, compressed oops, compressed class ptrs, g1 gc, windows-amd64)
# No core dump will be written. Minidumps are not enabled by default on client versions of Windows
#

---------------  S U M M A R Y ------------

Command Line: org.languagetool.server.HTTPServer -p 8820

Host: Intel(R) Core(TM) i5-4210U CPU @ 1.70GHz, 4 cores, 3G,  Windows 10 , 64 bit Build 19041 (10.0.19041.5915)
Time: Fri Jun  5 16:24:34 2026 Pakistan Standard Time elapsed time: 3.836383 seconds (0d 0h 0m 3s)

---------------  T H R E A D  ---------------

Current thread (0x000002ab33b2ff20):  JavaThread "C2 CompilerThread0" daemon [_thread_in_native, id=11648, stack(0x000000e3c4900000,0x000000e3c4a00000) (1024K)]


Current CompileTask:
C2:   3836 1814 % !   4       org.languagetool.language.identifier.detector.CommonWordsDetector::<init> @ 217 (438 bytes)

Stack: [0x000000e3c4900000,0x000000e3c4a00000]
Native frames: (J=compiled Java code, j=interpreted, Vv=VM code, C=native code)
V  [jvm.dll+0x6d0ef9]
V  [jvm.dll+0x860126]
V  [jvm.dll+0x86261e]
V  [jvm.dll+0x862cf3]
V  [jvm.dll+0x282bc6]
V  [jvm.dll+0xc67ad]
V  [jvm.dll+0xc6cf1]
V  [jvm.dll+0x3bbeab]
V  [jvm.dll+0x388322]
V  [jvm.dll+0x38776a]
V  [jvm.dll+0x24b520]
V  [jvm.dll+0x24aaff]
V  [jvm.dll+0x1cae7e]
V  [jvm.dll+0x25a7d9]
V  [jvm.dll+0x258d65]
V  [jvm.dll+0x3f50d1]
V  [jvm.dll+0x80ac0d]
V  [jvm.dll+0x6cf79d]
C  [ucrtbase.dll+0x21bb2]
C  [KERNEL32.DLL+0x17374]
C  [ntdll.dll+0x4cc91]


---------------  P R O C E S S  ---------------

Threads class SMR info:
_java_thread_list=0x000002ab7a068840, length=13, elements={
0x000002ab167b6370, 0x000002ab33b21c60, 0x000002ab33b24b60, 0x000002ab33b2d270,
0x000002ab33b2dcd0, 0x000002ab33b2e730, 0x000002ab33b2f190, 0x000002ab33b2ff20,
0x000002ab33b5ca90, 0x000002ab790a05d0, 0x000002ab790ab240, 0x000002ab79d693e0,
0x000002ab79d6be70
}

Java Threads: ( => current thread )
  0x000002ab167b6370 JavaThread "main"                              [_thread_blocked, id=16260, stack(0x000000e3c3b00000,0x000000e3c3c00000) (1024K)]
  0x000002ab33b21c60 JavaThread "Reference Handler"          daemon [_thread_blocked, id=18072, stack(0x000000e3c4300000,0x000000e3c4400000) (1024K)]
  0x000002ab33b24b60 JavaThread "Finalizer"                  daemon [_thread_blocked, id=16136, stack(0x000000e3c4400000,0x000000e3c4500000) (1024K)]
  0x000002ab33b2d270 JavaThread "Signal Dispatcher"          daemon [_thread_blocked, id=4136, stack(0x000000e3c4500000,0x000000e3c4600000) (1024K)]
  0x000002ab33b2dcd0 JavaThread "Attach Listener"            daemon [_thread_blocked, id=18492, stack(0x000000e3c4600000,0x000000e3c4700000) (1024K)]
  0x000002ab33b2e730 JavaThread "Service Thread"             daemon [_thread_blocked, id=10320, stack(0x000000e3c4700000,0x000000e3c4800000) (1024K)]
  0x000002ab33b2f190 JavaThread "Monitor Deflation Thread"   daemon [_thread_blocked, id=216, stack(0x000000e3c4800000,0x000000e3c4900000) (1024K)]
=>0x000002ab33b2ff20 JavaThread "C2 CompilerThread0"         daemon [_thread_in_native, id=11648, stack(0x000000e3c4900000,0x000000e3c4a00000) (1024K)]
  0x000002ab33b5ca90 JavaThread "C1 CompilerThread0"         daemon [_thread_blocked, id=10576, stack(0x000000e3c4a00000,0x000000e3c4b00000) (1024K)]
  0x000002ab790a05d0 JavaThread "Notification Thread"        daemon [_thread_blocked, id=13908, stack(0x000000e3c4b00000,0x000000e3c4c00000) (1024K)]
  0x000002ab790ab240 JavaThread "Common-Cleaner"             daemon [_thread_blocked, id=13684, stack(0x000000e3c4c00000,0x000000e3c4d00000) (1024K)]
  0x000002ab79d693e0 JavaThread "LtThreadPoolMonitor"        daemon [_thread_blocked, id=18788, stack(0x000000e3c5000000,0x000000e3c5100000) (1024K)]
  0x000002ab79d6be70 JavaThread "LtThreadPoolExecutorMonitor" daemon [_thread_blocked, id=16164, stack(0x000000e3c5100000,0x000000e3c5200000) (1024K)]
Total: 13

Other Threads:
  0x000002ab33b0e360 VMThread "VM Thread"                           [id=13104, stack(0x000000e3c4200000,0x000000e3c4300000) (1024K)]
  0x000002ab1839e400 WatcherThread "VM Periodic Task Thread"        [id=15972, stack(0x000000e3c4100000,0x000000e3c4200000) (1024K)]
  0x000002ab18326bc0 WorkerThread "GC Thread#0"                     [id=4252, stack(0x000000e3c3c00000,0x000000e3c3d00000) (1024K)]
  0x000002ab798ce010 WorkerThread "GC Thread#1"                     [id=15112, stack(0x000000e3c4d00000,0x000000e3c4e00000) (1024K)]
  0x000002ab7998d1b0 WorkerThread "GC Thread#2"                     [id=17864, stack(0x000000e3c4e00000,0x000000e3c4f00000) (1024K)]
  0x000002ab7998d560 WorkerThread "GC Thread#3"                     [id=18692, stack(0x000000e3c4f00000,0x000000e3c5000000) (1024K)]
  0x000002ab1832f830 ConcurrentGCThread "G1 Main Marker"            [id=14708, stack(0x000000e3c3d00000,0x000000e3c3e00000) (1024K)]
  0x000002ab18331350 WorkerThread "G1 Conc#0"                       [id=15472, stack(0x000000e3c3e00000,0x000000e3c3f00000) (1024K)]
  0x000002ab183874d0 ConcurrentGCThread "G1 Refine#0"               [id=9088, stack(0x000000e3c3f00000,0x000000e3c4000000) (1024K)]
  0x000002ab18388050 ConcurrentGCThread "G1 Service"                [id=19272, stack(0x000000e3c4000000,0x000000e3c4100000) (1024K)]
Total: 10

Threads with active compile tasks:
C2 CompilerThread0     3918 1814 % !   4       org.languagetool.language.identifier.detector.CommonWordsDetector::<init> @ 217 (438 bytes)
Total: 1

VM state: at safepoint (normal execution)

VM Mutex/Monitor currently owned by a thread:  ([mutex/lock_event])
[0x00007ff9f804af50] Threads_lock - owner thread: 0x000002ab33b0e360
[0x00007ff9f804b050] Heap_lock - owner thread: 0x000002ab167b6370

Heap address: 0x00000000c1c00000, size: 996 MB, Compressed Oops mode: 32-bit

CDS archive(s) mapped at: [0x000002ab34000000-0x000002ab34c90000-0x000002ab34c90000), size 13172736, SharedBaseAddress: 0x000002ab34000000, ArchiveRelocationMode: 1.
Compressed class space mapped at: 0x000002ab35000000-0x000002ab75000000, reserved size: 1073741824
Narrow klass base: 0x000002ab34000000, Narrow klass shift: 0, Narrow klass range: 0x100000000

GC Precious Log:
 CardTable entry size: 512
 Card Set container configuration: InlinePtr #cards 5 size 8 Array Of Cards #cards 12 size 40 Howl #buckets 4 coarsen threshold 1843 Howl Bitmap #cards 512 size 80 coarsen threshold 460 Card regions per heap region 1 cards per card region 2048
 CPUs: 4 total, 4 available
 Memory: 3976M
 Large Page Support: Disabled
 NUMA Support: Disabled
 Compressed Oops: Enabled (32-bit)
 Heap Region Size: 1M
 Heap Min Capacity: 8M
 Heap Initial Capacity: 64M
 Heap Max Capacity: 996M
 Pre-touch: Disabled
 Parallel Workers: 4
 Concurrent Workers: 1
 Concurrent Refinement Workers: 4
 Periodic GC: Disabled

Heap:
 garbage-first heap   total 107520K, used 72704K [0x00000000c1c00000, 0x0000000100000000)
  region size 1024K, 42 young (43008K), 5 survivors (5120K)
 Metaspace       used 10063K, committed 10240K, reserved 1114112K
  class space    used 1141K, committed 1216K, reserved 1048576K

Heap Regions: E=young(eden), S=young(survivor), O=old, HS=humongous(starts), HC=humongous(continues), CS=collection set, F=free, TAMS=top-at-mark-start, PB=parsable bottom
|   0|0x00000000c1c00000, 0x00000000c1d00000, 0x00000000c1d00000|100%| O|  |TAMS 0x00000000c1c00000| PB 0x00000000c1c00000| Untracked 
|   1|0x00000000c1d00000, 0x00000000c1e00000, 0x00000000c1e00000|100%| O|  |TAMS 0x00000000c1d00000| PB 0x00000000c1d00000| Untracked 
|   2|0x00000000c1e00000, 0x00000000c1f00000, 0x00000000c1f00000|100%| O|  |TAMS 0x00000000c1e00000| PB 0x00000000c1e00000| Untracked 
|   3|0x00000000c1f00000, 0x00000000c2000000, 0x00000000c2000000|100%| O|  |TAMS 0x00000000c1f00000| PB 0x00000000c1f00000| Untracked 
|   4|0x00000000c2000000, 0x00000000c2100000, 0x00000000c2100000|100%| O|  |TAMS 0x00000000c2000000| PB 0x00000000c2000000| Untracked 
|   5|0x00000000c2100000, 0x00000000c2200000, 0x00000000c2200000|100%| O|  |TAMS 0x00000000c2100000| PB 0x00000000c2100000| Untracked 
|   6|0x00000000c2200000, 0x00000000c2300000, 0x00000000c2300000|100%| O|  |TAMS 0x00000000c2200000| PB 0x00000000c2200000| Untracked 
|   7|0x00000000c2300000, 0x00000000c2400000, 0x00000000c2400000|100%| O|  |TAMS 0x00000000c2300000| PB 0x00000000c2300000| Untracked 
|   8|0x00000000c2400000, 0x00000000c2500000, 0x00000000c2500000|100%| O|  |TAMS 0x00000000c2400000| PB 0x00000000c2400000| Untracked 
|   9|0x00000000c2500000, 0x00000000c2600000, 0x00000000c2600000|100%|HS|  |TAMS 0x00000000c2500000| PB 0x00000000c2500000| Complete 
|  10|0x00000000c2600000, 0x00000000c2700000, 0x00000000c2700000|100%| O|  |TAMS 0x00000000c2600000| PB 0x00000000c2600000| Untracked 
|  11|0x00000000c2700000, 0x00000000c2800000, 0x00000000c2800000|100%| O|  |TAMS 0x00000000c2700000| PB 0x00000000c2700000| Untracked 
|  12|0x00000000c2800000, 0x00000000c2900000, 0x00000000c2900000|100%| O|  |TAMS 0x00000000c2800000| PB 0x00000000c2800000| Untracked 
|  13|0x00000000c2900000, 0x00000000c2a00000, 0x00000000c2a00000|100%| O|  |TAMS 0x00000000c2900000| PB 0x00000000c2900000| Untracked 
|  14|0x00000000c2a00000, 0x00000000c2b00000, 0x00000000c2b00000|100%| O|  |TAMS 0x00000000c2a00000| PB 0x00000000c2a00000| Untracked 
|  15|0x00000000c2b00000, 0x00000000c2c00000, 0x00000000c2c00000|100%| O|  |TAMS 0x00000000c2b00000| PB 0x00000000c2b00000| Untracked 
|  16|0x00000000c2c00000, 0x00000000c2d00000, 0x00000000c2d00000|100%|HS|  |TAMS 0x00000000c2c00000| PB 0x00000000c2c00000| Complete 
|  17|0x00000000c2d00000, 0x00000000c2e00000, 0x00000000c2e00000|100%|HC|  |TAMS 0x00000000c2d00000| PB 0x00000000c2d00000| Complete 
|  18|0x00000000c2e00000, 0x00000000c2f00000, 0x00000000c2f00000|100%| O|  |TAMS 0x00000000c2e00000| PB 0x00000000c2e00000| Untracked 
|  19|0x00000000c2f00000, 0x00000000c3000000, 0x00000000c3000000|100%| O|  |TAMS 0x00000000c2f00000| PB 0x00000000c2f00000| Untracked 
|  20|0x00000000c3000000, 0x00000000c3100000, 0x00000000c3100000|100%| O|  |TAMS 0x00000000c3000000| PB 0x00000000c3000000| Untracked 
|  21|0x00000000c3100000, 0x00000000c3200000, 0x00000000c3200000|100%| O|  |TAMS 0x00000000c3100000| PB 0x00000000c3100000| Untracked 
|  22|0x00000000c3200000, 0x00000000c3300000, 0x00000000c3300000|100%| O|  |TAMS 0x00000000c3200000| PB 0x00000000c3200000| Untracked 
|  23|0x00000000c3300000, 0x00000000c3400000, 0x00000000c3400000|100%| O|  |TAMS 0x00000000c3300000| PB 0x00000000c3300000| Untracked 
|  24|0x00000000c3400000, 0x00000000c3500000, 0x00000000c3500000|100%| O|  |TAMS 0x00000000c3400000| PB 0x00000000c3400000| Untracked 
|  25|0x00000000c3500000, 0x00000000c3600000, 0x00000000c3600000|100%| O|  |TAMS 0x00000000c3500000| PB 0x00000000c3500000| Untracked 
|  26|0x00000000c3600000, 0x00000000c3700000, 0x00000000c3700000|100%| O|  |TAMS 0x00000000c3600000| PB 0x00000000c3600000| Untracked 
|  27|0x00000000c3700000, 0x00000000c3800000, 0x00000000c3800000|100%| O|  |TAMS 0x00000000c3700000| PB 0x00000000c3700000| Untracked 
|  28|0x00000000c3800000, 0x00000000c3900000, 0x00000000c3900000|100%| O|  |TAMS 0x00000000c3800000| PB 0x00000000c3800000| Untracked 
|  29|0x00000000c3900000, 0x00000000c3a00000, 0x00000000c3a00000|100%| O|  |TAMS 0x00000000c3900000| PB 0x00000000c3900000| Untracked 
|  30|0x00000000c3a00000, 0x00000000c3b00000, 0x00000000c3b00000|100%| O|  |TAMS 0x00000000c3a00000| PB 0x00000000c3a00000| Untracked 
|  31|0x00000000c3b00000, 0x00000000c3c00000, 0x00000000c3c00000|100%| O|  |TAMS 0x00000000c3b00000| PB 0x00000000c3b00000| Untracked 
|  32|0x00000000c3c00000, 0x00000000c3d00000, 0x00000000c3d00000|100%| O|  |TAMS 0x00000000c3c00000| PB 0x00000000c3c00000| Untracked 
|  33|0x00000000c3d00000, 0x00000000c3e00000, 0x00000000c3e00000|100%| O|  |TAMS 0x00000000c3d00000| PB 0x00000000c3d00000| Untracked 
|  34|0x00000000c3e00000, 0x00000000c3f00000, 0x00000000c3f00000|100%| O|  |TAMS 0x00000000c3e00000| PB 0x00000000c3e00000| Untracked 
|  35|0x00000000c3f00000, 0x00000000c4000000, 0x00000000c4000000|100%| O|  |TAMS 0x00000000c3f00000| PB 0x00000000c3f00000| Untracked 
|  36|0x00000000c4000000, 0x00000000c4100000, 0x00000000c4100000|100%| O|  |TAMS 0x00000000c4000000| PB 0x00000000c4000000| Untracked 
|  37|0x00000000c4100000, 0x00000000c4200000, 0x00000000c4200000|100%| O|  |TAMS 0x00000000c4100000| PB 0x00000000c4100000| Untracked 
|  38|0x00000000c4200000, 0x00000000c4280000, 0x00000000c4300000| 50%| O|  |TAMS 0x00000000c4200000| PB 0x00000000c4200000| Untracked 
|  39|0x00000000c4300000, 0x00000000c4300000, 0x00000000c4400000|  0%| F|  |TAMS 0x00000000c4300000| PB 0x00000000c4300000| Untracked 
|  40|0x00000000c4400000, 0x00000000c4400000, 0x00000000c4500000|  0%| F|  |TAMS 0x00000000c4400000| PB 0x00000000c4400000| Untracked 
|  41|0x00000000c4500000, 0x00000000c4500000, 0x00000000c4600000|  0%| F|  |TAMS 0x00000000c4500000| PB 0x00000000c4500000| Untracked 
|  42|0x00000000c4600000, 0x00000000c4700000, 0x00000000c4700000|100%| E|CS|TAMS 0x00000000c4600000| PB 0x00000000c4600000| Complete 
|  43|0x00000000c4700000, 0x00000000c4800000, 0x00000000c4800000|100%| E|CS|TAMS 0x00000000c4700000| PB 0x00000000c4700000| Complete 
|  44|0x00000000c4800000, 0x00000000c4900000, 0x00000000c4900000|100%| E|CS|TAMS 0x00000000c4800000| PB 0x00000000c4800000| Complete 
|  45|0x00000000c4900000, 0x00000000c4900000, 0x00000000c4a00000|  0%| F|  |TAMS 0x00000000c4900000| PB 0x00000000c4900000| Untracked 
|  46|0x00000000c4a00000, 0x00000000c4a00000, 0x00000000c4b00000|  0%| F|  |TAMS 0x00000000c4a00000| PB 0x00000000c4a00000| Untracked 
|  47|0x00000000c4b00000, 0x00000000c4b00000, 0x00000000c4c00000|  0%| F|  |TAMS 0x00000000c4b00000| PB 0x00000000c4b00000| Untracked 
|  48|0x00000000c4c00000, 0x00000000c4c00000, 0x00000000c4d00000|  0%| F|  |TAMS 0x00000000c4c00000| PB 0x00000000c4c00000| Untracked 
|  49|0x00000000c4d00000, 0x00000000c4d00000, 0x00000000c4e00000|  0%| F|  |TAMS 0x00000000c4d00000| PB 0x00000000c4d00000| Untracked 
|  50|0x00000000c4e00000, 0x00000000c4e00000, 0x00000000c4f00000|  0%| F|  |TAMS 0x00000000c4e00000| PB 0x00000000c4e00000| Untracked 
|  51|0x00000000c4f00000, 0x00000000c4f00000, 0x00000000c5000000|  0%| F|  |TAMS 0x00000000c4f00000| PB 0x00000000c4f00000| Untracked 
|  52|0x00000000c5000000, 0x00000000c5000000, 0x00000000c5100000|  0%| F|  |TAMS 0x00000000c5000000| PB 0x00000000c5000000| Untracked 
|  53|0x00000000c5100000, 0x00000000c5100000, 0x00000000c5200000|  0%| F|  |TAMS 0x00000000c5100000| PB 0x00000000c5100000| Untracked 
|  54|0x00000000c5200000, 0x00000000c5200000, 0x00000000c5300000|  0%| F|  |TAMS 0x00000000c5200000| PB 0x00000000c5200000| Untracked 
|  55|0x00000000c5300000, 0x00000000c5300000, 0x00000000c5400000|  0%| F|  |TAMS 0x00000000c5300000| PB 0x00000000c5300000| Untracked 
|  56|0x00000000c5400000, 0x00000000c5400000, 0x00000000c5500000|  0%| F|  |TAMS 0x00000000c5400000| PB 0x00000000c5400000| Untracked 
|  57|0x00000000c5500000, 0x00000000c5500000, 0x00000000c5600000|  0%| F|  |TAMS 0x00000000c5500000| PB 0x00000000c5500000| Untracked 
|  58|0x00000000c5600000, 0x00000000c5600000, 0x00000000c5700000|  0%| F|  |TAMS 0x00000000c5600000| PB 0x00000000c5600000| Untracked 
|  59|0x00000000c5700000, 0x00000000c5700000, 0x00000000c5800000|  0%| F|  |TAMS 0x00000000c5700000| PB 0x00000000c5700000| Untracked 
|  60|0x00000000c5800000, 0x00000000c5800000, 0x00000000c5900000|  0%| F|  |TAMS 0x00000000c5800000| PB 0x00000000c5800000| Untracked 
|  61|0x00000000c5900000, 0x00000000c5900000, 0x00000000c5a00000|  0%| F|  |TAMS 0x00000000c5900000| PB 0x00000000c5900000| Untracked 
|  62|0x00000000c5a00000, 0x00000000c5a00000, 0x00000000c5b00000|  0%| F|  |TAMS 0x00000000c5a00000| PB 0x00000000c5a00000| Untracked 
|  63|0x00000000c5b00000, 0x00000000c5c00000, 0x00000000c5c00000|100%| S|CS|TAMS 0x00000000c5b00000| PB 0x00000000c5b00000| Complete 
|  64|0x00000000c5c00000, 0x00000000c5d00000, 0x00000000c5d00000|100%| S|CS|TAMS 0x00000000c5c00000| PB 0x00000000c5c00000| Complete 
|  65|0x00000000c5d00000, 0x00000000c5e00000, 0x00000000c5e00000|100%| S|CS|TAMS 0x00000000c5d00000| PB 0x00000000c5d00000| Complete 
|  66|0x00000000c5e00000, 0x00000000c5f00000, 0x00000000c5f00000|100%| S|CS|TAMS 0x00000000c5e00000| PB 0x00000000c5e00000| Complete 
|  67|0x00000000c5f00000, 0x00000000c6000000, 0x00000000c6000000|100%| S|CS|TAMS 0x00000000c5f00000| PB 0x00000000c5f00000| Complete 
|  68|0x00000000c6000000, 0x00000000c6000000, 0x00000000c6100000|  0%| F|  |TAMS 0x00000000c6000000| PB 0x00000000c6000000| Untracked 
|  69|0x00000000c6100000, 0x00000000c6100000, 0x00000000c6200000|  0%| F|  |TAMS 0x00000000c6100000| PB 0x00000000c6100000| Untracked 
|  70|0x00000000c6200000, 0x00000000c6200000, 0x00000000c6300000|  0%| F|  |TAMS 0x00000000c6200000| PB 0x00000000c6200000| Untracked 
|  71|0x00000000c6300000, 0x00000000c6300000, 0x00000000c6400000|  0%| F|  |TAMS 0x00000000c6300000| PB 0x00000000c6300000| Untracked 
|  72|0x00000000c6400000, 0x00000000c6400000, 0x00000000c6500000|  0%| F|  |TAMS 0x00000000c6400000| PB 0x00000000c6400000| Untracked 
|  73|0x00000000c6500000, 0x00000000c6500000, 0x00000000c6600000|  0%| F|  |TAMS 0x00000000c6500000| PB 0x00000000c6500000| Untracked 
|  74|0x00000000c6600000, 0x00000000c6600000, 0x00000000c6700000|  0%| F|  |TAMS 0x00000000c6600000| PB 0x00000000c6600000| Untracked 
|  75|0x00000000c6700000, 0x00000000c6700000, 0x00000000c6800000|  0%| F|  |TAMS 0x00000000c6700000| PB 0x00000000c6700000| Untracked 
|  76|0x00000000c6800000, 0x00000000c6800000, 0x00000000c6900000|  0%| F|  |TAMS 0x00000000c6800000| PB 0x00000000c6800000| Untracked 
|  77|0x00000000c6900000, 0x00000000c6900000, 0x00000000c6a00000|  0%| F|  |TAMS 0x00000000c6900000| PB 0x00000000c6900000| Untracked 
|  78|0x00000000c6a00000, 0x00000000c6a00000, 0x00000000c6b00000|  0%| F|  |TAMS 0x00000000c6a00000| PB 0x00000000c6a00000| Untracked 
|  79|0x00000000c6b00000, 0x00000000c6b00000, 0x00000000c6c00000|  0%| F|  |TAMS 0x00000000c6b00000| PB 0x00000000c6b00000| Untracked 
|  80|0x00000000c6c00000, 0x00000000c6c00000, 0x00000000c6d00000|  0%| F|  |TAMS 0x00000000c6c00000| PB 0x00000000c6c00000| Untracked 
|  81|0x00000000c6d00000, 0x00000000c6d00000, 0x00000000c6e00000|  0%| F|  |TAMS 0x00000000c6d00000| PB 0x00000000c6d00000| Untracked 
|  82|0x00000000c6e00000, 0x00000000c6e00000, 0x00000000c6f00000|  0%| F|  |TAMS 0x00000000c6e00000| PB 0x00000000c6e00000| Untracked 
|  83|0x00000000c6f00000, 0x00000000c6f00000, 0x00000000c7000000|  0%| F|  |TAMS 0x00000000c6f00000| PB 0x00000000c6f00000| Untracked 
|  84|0x00000000c7000000, 0x00000000c7000000, 0x00000000c7100000|  0%| F|  |TAMS 0x00000000c7000000| PB 0x00000000c7000000| Untracked 
|  85|0x00000000c7100000, 0x00000000c7100000, 0x00000000c7200000|  0%| F|  |TAMS 0x00000000c7100000| PB 0x00000000c7100000| Untracked 
|  86|0x00000000c7200000, 0x00000000c7200000, 0x00000000c7300000|  0%| F|  |TAMS 0x00000000c7200000| PB 0x00000000c7200000| Untracked 
|  87|0x00000000c7300000, 0x00000000c7300000, 0x00000000c7400000|  0%| F|  |TAMS 0x00000000c7300000| PB 0x00000000c7300000| Untracked 
|  88|0x00000000c7400000, 0x00000000c7400000, 0x00000000c7500000|  0%| F|  |TAMS 0x00000000c7400000| PB 0x00000000c7400000| Untracked 
|  89|0x00000000c7500000, 0x00000000c7500000, 0x00000000c7600000|  0%| F|  |TAMS 0x00000000c7500000| PB 0x00000000c7500000| Untracked 
|  90|0x00000000c7600000, 0x00000000c7600000, 0x00000000c7700000|  0%| F|  |TAMS 0x00000000c7600000| PB 0x00000000c7600000| Untracked 
|  91|0x00000000c7700000, 0x00000000c7700000, 0x00000000c7800000|  0%| F|  |TAMS 0x00000000c7700000| PB 0x00000000c7700000| Untracked 
|  92|0x00000000c7800000, 0x00000000c7800000, 0x00000000c7900000|  0%| F|  |TAMS 0x00000000c7800000| PB 0x00000000c7800000| Untracked 
|  93|0x00000000c7900000, 0x00000000c7900000, 0x00000000c7a00000|  0%| F|  |TAMS 0x00000000c7900000| PB 0x00000000c7900000| Untracked 
|  94|0x00000000c7a00000, 0x00000000c7a00000, 0x00000000c7b00000|  0%| F|  |TAMS 0x00000000c7a00000| PB 0x00000000c7a00000| Untracked 
|  95|0x00000000c7b00000, 0x00000000c7b00000, 0x00000000c7c00000|  0%| F|  |TAMS 0x00000000c7b00000| PB 0x00000000c7b00000| Untracked 
|  96|0x00000000c7c00000, 0x00000000c7c00000, 0x00000000c7d00000|  0%| F|  |TAMS 0x00000000c7c00000| PB 0x00000000c7c00000| Untracked 
|  97|0x00000000c7d00000, 0x00000000c7d00000, 0x00000000c7e00000|  0%| F|  |TAMS 0x00000000c7d00000| PB 0x00000000c7d00000| Untracked 
|  98|0x00000000c7e00000, 0x00000000c7e00000, 0x00000000c7f00000|  0%| F|  |TAMS 0x00000000c7e00000| PB 0x00000000c7e00000| Untracked 
|  99|0x00000000c7f00000, 0x00000000c7f00000, 0x00000000c8000000|  0%| F|  |TAMS 0x00000000c7f00000| PB 0x00000000c7f00000| Untracked 
| 100|0x00000000c8000000, 0x00000000c8000000, 0x00000000c8100000|  0%| F|  |TAMS 0x00000000c8000000| PB 0x00000000c8000000| Untracked 
| 101|0x00000000c8100000, 0x00000000c8100000, 0x00000000c8200000|  0%| F|  |TAMS 0x00000000c8100000| PB 0x00000000c8100000| Untracked 
| 102|0x00000000c8200000, 0x00000000c8200000, 0x00000000c8300000|  0%| F|  |TAMS 0x00000000c8200000| PB 0x00000000c8200000| Untracked 
| 103|0x00000000c8300000, 0x00000000c8300000, 0x00000000c8400000|  0%| F|  |TAMS 0x00000000c8300000| PB 0x00000000c8300000| Untracked 
| 104|0x00000000c8400000, 0x00000000c8480060, 0x00000000c8500000| 50%| E|  |TAMS 0x00000000c8400000| PB 0x00000000c8400000| Complete 

Card table byte_map: [0x000002ab30410000,0x000002ab30610000] _byte_map_base: 0x000002ab2fe02000

Marking Bits: (CMBitMap*) 0x000002ab183272d0
 Bits: [0x000002ab30610000, 0x000002ab315a0000)

Polling page: 0x000002ab169d0000

Metaspace:

Usage:
  Non-class:      8.71 MB used.
      Class:      1.11 MB used.
       Both:      9.83 MB used.

Virtual space:
  Non-class space:       64.00 MB reserved,       8.81 MB ( 14%) committed,  1 nodes.
      Class space:        1.00 GB reserved,       1.19 MB ( <1%) committed,  1 nodes.
             Both:        1.06 GB reserved,      10.00 MB ( <1%) committed. 

Chunk freelists:
   Non-Class:  6.31 MB
       Class:  14.83 MB
        Both:  21.14 MB

MaxMetaspaceSize: unlimited
CompressedClassSpaceSize: 1.00 GB
Initial GC threshold: 21.00 MB
Current GC threshold: 21.00 MB
CDS: on
 - commit_granule_bytes: 65536.
 - commit_granule_words: 8192.
 - virtual_space_node_default_size: 8388608.
 - enlarge_chunks_in_place: 1.
 - use_allocation_guard: 0.


Internal statistics:

num_allocs_failed_limit: 0.
num_arena_births: 140.
num_arena_deaths: 0.
num_vsnodes_births: 2.
num_vsnodes_deaths: 0.
num_space_committed: 159.
num_space_uncommitted: 0.
num_chunks_returned_to_freelist: 0.
num_chunks_taken_from_freelist: 338.
num_chunk_merges: 0.
num_chunk_splits: 224.
num_chunks_enlarged: 167.
num_inconsistent_stats: 0.

CodeHeap 'non-profiled nmethods': size=120000Kb used=889Kb max_used=889Kb free=119110Kb
 bounds [0x000002ab287b0000, 0x000002ab28a20000, 0x000002ab2fce0000]
CodeHeap 'profiled nmethods': size=120000Kb used=3468Kb max_used=3468Kb free=116531Kb
 bounds [0x000002ab20ce0000, 0x000002ab21050000, 0x000002ab28210000]
CodeHeap 'non-nmethods': size=5760Kb used=1437Kb max_used=1477Kb free=4322Kb
 bounds [0x000002ab28210000, 0x000002ab28480000, 0x000002ab287b0000]
 total_blobs=2352 nmethods=1826 adapters=431
 compilation: enabled
              stopped_count=0, restarted_count=0
 full_count=0

Compilation events (20 events):
Event: 3.758 Thread 0x000002ab33b5ca90 1815       3       java.io.FileDescriptor::<init> (17 bytes)
Event: 3.758 Thread 0x000002ab33b5ca90 nmethod 1815 0x000002ab2103be90 code [0x000002ab2103c040, 0x000002ab2103c1c0]
Event: 3.758 Thread 0x000002ab33b5ca90 1816       3       java.io.FileCleanable::register (49 bytes)
Event: 3.759 Thread 0x000002ab33b5ca90 nmethod 1816 0x000002ab2103c290 code [0x000002ab2103c4a0, 0x000002ab2103cce8]
Event: 3.759 Thread 0x000002ab33b5ca90 1817       3       java.io.FileDescriptor::valid (25 bytes)
Event: 3.759 Thread 0x000002ab33b5ca90 nmethod 1817 0x000002ab2103d010 code [0x000002ab2103d1c0, 0x000002ab2103d368]
Event: 3.759 Thread 0x000002ab33b5ca90 1818       3       java.io.FileDescriptor$1::get (5 bytes)
Event: 3.759 Thread 0x000002ab33b5ca90 nmethod 1818 0x000002ab2103d410 code [0x000002ab2103d5a0, 0x000002ab2103d6b8]
Event: 3.759 Thread 0x000002ab33b5ca90 1819       3       java.lang.CharacterDataLatin1::getType (11 bytes)
Event: 3.759 Thread 0x000002ab33b5ca90 nmethod 1819 0x000002ab2103d790 code [0x000002ab2103d940, 0x000002ab2103daf0]
Event: 3.769 Thread 0x000002ab33b5ca90 1820       3       java.lang.String::startsWith (123 bytes)
Event: 3.770 Thread 0x000002ab33b5ca90 nmethod 1820 0x000002ab2103dc10 code [0x000002ab2103de40, 0x000002ab2103e5b8]
Event: 3.781 Thread 0x000002ab33b5ca90 1821       3       java.util.concurrent.locks.ReentrantLock$NonfairSync::<init> (5 bytes)
Event: 3.782 Thread 0x000002ab33b5ca90 nmethod 1821 0x000002ab2103e810 code [0x000002ab2103e9c0, 0x000002ab2103ec40]
Event: 3.782 Thread 0x000002ab33b5ca90 1822       3       java.util.concurrent.locks.ReentrantLock::<init> (16 bytes)
Event: 3.782 Thread 0x000002ab33b5ca90 nmethod 1822 0x000002ab2103ed90 code [0x000002ab2103ef60, 0x000002ab2103f358]
Event: 3.814 Thread 0x000002ab33b5ca90 1824       3       java.nio.CharBuffer::arrayOffset (35 bytes)
Event: 3.814 Thread 0x000002ab33b5ca90 nmethod 1824 0x000002ab2103f510 code [0x000002ab2103f6e0, 0x000002ab2103f9b8]
Event: 3.817 Thread 0x000002ab33b5ca90 1825       3       java.nio.ByteBuffer::arrayOffset (35 bytes)
Event: 3.817 Thread 0x000002ab33b5ca90 nmethod 1825 0x000002ab2103fb10 code [0x000002ab2103fce0, 0x000002ab2103ffb8]

GC Heap History (12 events):
Event: 1.183 GC heap before
{Heap before GC invocations=0 (full 0):
 garbage-first heap   total 65536K, used 12288K [0x00000000c1c00000, 0x0000000100000000)
  region size 1024K, 13 young (13312K), 0 survivors (0K)
 Metaspace       used 3207K, committed 3328K, reserved 1114112K
  class space    used 371K, committed 448K, reserved 1048576K
}
Event: 1.194 GC heap after
{Heap after GC invocations=1 (full 0):
 garbage-first heap   total 65536K, used 6616K [0x00000000c1c00000, 0x0000000100000000)
  region size 1024K, 2 young (2048K), 2 survivors (2048K)
 Metaspace       used 3207K, committed 3328K, reserved 1114112K
  class space    used 371K, committed 448K, reserved 1048576K
}
Event: 1.957 GC heap before
{Heap before GC invocations=1 (full 0):
 garbage-first heap   total 65536K, used 15832K [0x00000000c1c00000, 0x0000000100000000)
  region size 1024K, 12 young (12288K), 2 survivors (2048K)
 Metaspace       used 6177K, committed 6400K, reserved 1114112K
  class space    used 777K, committed 896K, reserved 1048576K
}
Event: 1.966 GC heap after
{Heap after GC invocations=2 (full 0):
 garbage-first heap   total 65536K, used 8761K [0x00000000c1c00000, 0x0000000100000000)
  region size 1024K, 2 young (2048K), 2 survivors (2048K)
 Metaspace       used 6177K, committed 6400K, reserved 1114112K
  class space    used 777K, committed 896K, reserved 1048576K
}
Event: 2.542 GC heap before
{Heap before GC invocations=2 (full 0):
 garbage-first heap   total 65536K, used 33337K [0x00000000c1c00000, 0x0000000100000000)
  region size 1024K, 27 young (27648K), 2 survivors (2048K)
 Metaspace       used 9896K, committed 10112K, reserved 1114112K
  class space    used 1130K, committed 1216K, reserved 1048576K
}
Event: 2.565 GC heap after
{Heap after GC invocations=3 (full 0):
 garbage-first heap   total 65536K, used 13312K [0x00000000c1c00000, 0x0000000100000000)
  region size 1024K, 4 young (4096K), 4 survivors (4096K)
 Metaspace       used 9896K, committed 10112K, reserved 1114112K
  class space    used 1130K, committed 1216K, reserved 1048576K
}
Event: 3.102 GC heap before
{Heap before GC invocations=3 (full 0):
 garbage-first heap   total 65536K, used 41984K [0x00000000c1c00000, 0x0000000100000000)
  region size 1024K, 31 young (31744K), 4 survivors (4096K)
 Metaspace       used 10047K, committed 10240K, reserved 1114112K
  class space    used 1140K, committed 1216K, reserved 1048576K
}
Event: 3.138 GC heap after
{Heap after GC invocations=4 (full 0):
 garbage-first heap   total 65536K, used 20480K [0x00000000c1c00000, 0x0000000100000000)
  region size 1024K, 4 young (4096K), 4 survivors (4096K)
 Metaspace       used 10047K, committed 10240K, reserved 1114112K
  class space    used 1140K, committed 1216K, reserved 1048576K
}
Event: 3.415 GC heap before
{Heap before GC invocations=4 (full 0):
 garbage-first heap   total 65536K, used 47104K [0x00000000c1c00000, 0x0000000100000000)
  region size 1024K, 28 young (28672K), 4 survivors (4096K)
 Metaspace       used 10049K, committed 10240K, reserved 1114112K
  class space    used 1141K, committed 1216K, reserved 1048576K
}
Event: 3.454 GC heap after
{Heap after GC invocations=5 (full 0):
 garbage-first heap   total 65536K, used 29184K [0x00000000c1c00000, 0x0000000100000000)
  region size 1024K, 4 young (4096K), 4 survivors (4096K)
 Metaspace       used 10049K, committed 10240K, reserved 1114112K
  class space    used 1141K, committed 1216K, reserved 1048576K
}
Event: 3.579 GC heap before
{Heap before GC invocations=5 (full 0):
 garbage-first heap   total 65536K, used 48640K [0x00000000c1c00000, 0x0000000100000000)
  region size 1024K, 23 young (23552K), 4 survivors (4096K)
 Metaspace       used 10051K, committed 10240K, reserved 1114112K
  class space    used 1141K, committed 1216K, reserved 1048576K
}
Event: 3.616 GC heap after
{Heap after GC invocations=6 (full 0):
 garbage-first heap   total 107520K, used 34816K [0x00000000c1c00000, 0x0000000100000000)
  region size 1024K, 3 young (3072K), 3 survivors (3072K)
 Metaspace       used 10051K, committed 10240K, reserved 1114112K
  class space    used 1141K, committed 1216K, reserved 1048576K
}

Dll operation events (6 events):
Event: 0.023 Loaded shared library C:\Program Files\Java\jdk-21.0.11\bin\java.dll
Event: 0.086 Loaded shared library C:\Program Files\Java\jdk-21.0.11\bin\jsvml.dll
Event: 0.128 Loaded shared library C:\Program Files\Java\jdk-21.0.11\bin\net.dll
Event: 0.134 Loaded shared library C:\Program Files\Java\jdk-21.0.11\bin\nio.dll
Event: 0.141 Loaded shared library C:\Program Files\Java\jdk-21.0.11\bin\zip.dll
Event: 0.163 Loaded shared library C:\Program Files\Java\jdk-21.0.11\bin\jimage.dll

Deoptimization events (20 events):
Event: 3.546 Thread 0x000002ab167b6370 Uncommon trap: trap_request=0xffffffde fr.pc=0x000002ab288513e4 relative=0x00000000000001a4
Event: 3.546 Thread 0x000002ab167b6370 Uncommon trap: reason=class_check action=maybe_recompile pc=0x000002ab288513e4 method=java.util.regex.Pattern$Slice.match(Ljava/util/regex/Matcher;ILjava/lang/CharSequence;)Z @ 49 c2
Event: 3.546 Thread 0x000002ab167b6370 DEOPT PACKING pc=0x000002ab288513e4 sp=0x000000e3c3bfe270
Event: 3.546 Thread 0x000002ab167b6370 DEOPT UNPACKING pc=0x000002ab282646a2 sp=0x000000e3c3bfe1f8 mode 2
Event: 3.546 Thread 0x000002ab167b6370 Uncommon trap: trap_request=0xffffff9d fr.pc=0x000002ab288885c0 relative=0x0000000000003ba0
Event: 3.546 Thread 0x000002ab167b6370 Uncommon trap: reason=unreached action=reinterpret pc=0x000002ab288885c0 method=org.languagetool.language.identifier.detector.CommonWordsDetector.<init>()V @ 193 c2
Event: 3.546 Thread 0x000002ab167b6370 DEOPT PACKING pc=0x000002ab288885c0 sp=0x000000e3c3bfe490
Event: 3.546 Thread 0x000002ab167b6370 DEOPT UNPACKING pc=0x000002ab282646a2 sp=0x000000e3c3bfe448 mode 2
Event: 3.547 Thread 0x000002ab167b6370 Uncommon trap: trap_request=0xffffffde fr.pc=0x000002ab288513e4 relative=0x00000000000001a4
Event: 3.547 Thread 0x000002ab167b6370 Uncommon trap: reason=class_check action=maybe_recompile pc=0x000002ab288513e4 method=java.util.regex.Pattern$Slice.match(Ljava/util/regex/Matcher;ILjava/lang/CharSequence;)Z @ 49 c2
Event: 3.547 Thread 0x000002ab167b6370 DEOPT PACKING pc=0x000002ab288513e4 sp=0x000000e3c3bfe1f0
Event: 3.547 Thread 0x000002ab167b6370 DEOPT UNPACKING pc=0x000002ab282646a2 sp=0x000000e3c3bfe178 mode 2
Event: 3.547 Thread 0x000002ab167b6370 Uncommon trap: trap_request=0xffffffde fr.pc=0x000002ab288513e4 relative=0x00000000000001a4
Event: 3.547 Thread 0x000002ab167b6370 Uncommon trap: reason=class_check action=maybe_recompile pc=0x000002ab288513e4 method=java.util.regex.Pattern$Slice.match(Ljava/util/regex/Matcher;ILjava/lang/CharSequence;)Z @ 49 c2
Event: 3.547 Thread 0x000002ab167b6370 DEOPT PACKING pc=0x000002ab288513e4 sp=0x000000e3c3bfe1f0
Event: 3.547 Thread 0x000002ab167b6370 DEOPT UNPACKING pc=0x000002ab282646a2 sp=0x000000e3c3bfe178 mode 2
Event: 3.769 Thread 0x000002ab167b6370 Uncommon trap: trap_request=0xffffff45 fr.pc=0x000002ab2884343c relative=0x000000000000027c
Event: 3.769 Thread 0x000002ab167b6370 Uncommon trap: reason=unstable_if action=reinterpret pc=0x000002ab2884343c method=java.lang.String.startsWith(Ljava/lang/String;I)Z @ 116 c2
Event: 3.769 Thread 0x000002ab167b6370 DEOPT PACKING pc=0x000002ab2884343c sp=0x000000e3c3bfe2b0
Event: 3.769 Thread 0x000002ab167b6370 DEOPT UNPACKING pc=0x000002ab282646a2 sp=0x000000e3c3bfe238 mode 2

Classes loaded (20 events):
Event: 2.834 Loading class sun/text/resources/BreakIteratorResources
Event: 2.834 Loading class sun/util/resources/BreakIteratorResourceBundle
Event: 2.834 Loading class sun/util/resources/BreakIteratorResourceBundle done
Event: 2.834 Loading class sun/text/resources/BreakIteratorResources done
Event: 2.835 Loading class sun/text/resources/BreakIteratorResources_en
Event: 2.835 Loading class sun/text/resources/BreakIteratorResources_en done
Event: 2.835 Loading class sun/text/resources/BreakIteratorResources_en_US
Event: 2.835 Loading class sun/text/resources/BreakIteratorResources_en_US done
Event: 2.836 Loading class sun/text/RuleBasedBreakIterator
Event: 2.837 Loading class sun/text/RuleBasedBreakIterator done
Event: 2.838 Loading class sun/text/CompactByteArray
Event: 2.838 Loading class sun/text/CompactByteArray done
Event: 2.839 Loading class sun/text/SupplementaryCharacterData
Event: 2.839 Loading class sun/text/SupplementaryCharacterData done
Event: 2.840 Loading class java/text/BreakIterator$BreakIteratorCache
Event: 2.840 Loading class java/text/BreakIterator$BreakIteratorCache done
Event: 2.840 Loading class java/text/StringCharacterIterator
Event: 2.840 Loading class java/text/CharacterIterator
Event: 2.840 Loading class java/text/CharacterIterator done
Event: 2.840 Loading class java/text/StringCharacterIterator done

Classes unloaded (0 events):
No events

Classes redefined (0 events):
No events

Internal exceptions (10 events):
Event: 0.627 Thread 0x000002ab167b6370 Exception <a 'java/lang/NoSuchMethodError'{0x00000000c5141858}: 'void java.lang.invoke.DirectMethodHandle$Holder.invokeStatic(java.lang.Object, java.lang.Object, java.lang.Object)'> (0x00000000c5141858) 
thrown [s\open\src\hotspot\share\interpreter\linkResolver.cpp, line 773]
Event: 1.015 Thread 0x000002ab167b6370 Exception <a 'java/lang/NoSuchMethodError'{0x00000000c50928d0}: 'void java.lang.invoke.DirectMethodHandle$Holder.invokeSpecialIFC(java.lang.Object, java.lang.Object, java.lang.Object, java.lang.Object, java.lang.Object)'> (0x00000000c50928d0) 
thrown [s\open\src\hotspot\share\interpreter\linkResolver.cpp, line 773]
Event: 1.020 Thread 0x000002ab167b6370 Exception <a 'java/lang/NoSuchMethodError'{0x00000000c509a900}: 'void java.lang.invoke.DirectMethodHandle$Holder.invokeStatic(java.lang.Object, java.lang.Object, java.lang.Object, java.lang.Object)'> (0x00000000c509a900) 
thrown [s\open\src\hotspot\share\interpreter\linkResolver.cpp, line 773]
Event: 1.022 Thread 0x000002ab167b6370 Exception <a 'java/lang/NoSuchMethodError'{0x00000000c50a2d88}: 'int java.lang.invoke.DirectMethodHandle$Holder.invokeSpecial(java.lang.Object, java.lang.Object, java.lang.Object)'> (0x00000000c50a2d88) 
thrown [s\open\src\hotspot\share\interpreter\linkResolver.cpp, line 773]
Event: 1.085 Thread 0x000002ab167b6370 Exception <a 'java/lang/NoSuchMethodError'{0x00000000c4f4fbb8}: 'java.lang.Object java.lang.invoke.DirectMethodHandle$Holder.invokeStaticInit(java.lang.Object, java.lang.Object, java.lang.Object)'> (0x00000000c4f4fbb8) 
thrown [s\open\src\hotspot\share\interpreter\linkResolver.cpp, line 773]
Event: 1.617 Thread 0x000002ab167b6370 Exception <a 'java/lang/NoSuchMethodError'{0x00000000c58a22e8}: 'java.lang.Object java.lang.invoke.DirectMethodHandle$Holder.invokeSpecial(java.lang.Object, java.lang.Object, java.lang.Object, long, java.lang.Object)'> (0x00000000c58a22e8) 
thrown [s\open\src\hotspot\share\interpreter\linkResolver.cpp, line 773]
Event: 1.618 Thread 0x000002ab167b6370 Exception <a 'java/lang/NoSuchMethodError'{0x00000000c58a5e90}: 'java.lang.Object java.lang.invoke.Invokers$Holder.linkToTargetMethod(java.lang.Object, long, java.lang.Object, java.lang.Object)'> (0x00000000c58a5e90) 
thrown [s\open\src\hotspot\share\interpreter\linkResolver.cpp, line 773]
Event: 2.036 Thread 0x000002ab167b6370 Exception <a 'java/lang/ClassNotFoundException'{0x00000000c5bff488}: com/sun/org/apache/xerces/internal/impl/xpath/regex/spi/messageProvider> (0x00000000c5bff488) 
thrown [s\open\src\hotspot\share\classfile\systemDictionary.cpp, line 313]
Event: 2.309 Thread 0x000002ab167b6370 Exception <a 'java/lang/NoSuchMethodError'{0x00000000c5506e30}: 'java.lang.Object java.lang.invoke.DirectMethodHandle$Holder.invokeInterface(java.lang.Object, java.lang.Object)'> (0x00000000c5506e30) 
thrown [s\open\src\hotspot\share\interpreter\linkResolver.cpp, line 773]
Event: 2.309 Thread 0x000002ab167b6370 Exception <a 'java/lang/IncompatibleClassChangeError'{0x00000000c550a0a8}: Found class java.lang.Object, but interface was expected> (0x00000000c550a0a8) 
thrown [s\open\src\hotspot\share\interpreter\linkResolver.cpp, line 840]

ZGC Phase Switch (0 events):
No events

VM Operations (20 events):
Event: 1.957 Executing VM operation: G1CollectForAllocation (G1 Evacuation Pause)
Event: 1.966 Executing VM operation: G1CollectForAllocation (G1 Evacuation Pause) done
Event: 2.077 Executing VM operation: HandshakeAllThreads (Deoptimize)
Event: 2.077 Executing VM operation: HandshakeAllThreads (Deoptimize) done
Event: 2.111 Executing VM operation: HandshakeAllThreads (Deoptimize)
Event: 2.111 Executing VM operation: HandshakeAllThreads (Deoptimize) done
Event: 2.112 Executing VM operation: HandshakeAllThreads (Deoptimize)
Event: 2.112 Executing VM operation: HandshakeAllThreads (Deoptimize) done
Event: 2.314 Executing VM operation: HandshakeAllThreads (Deoptimize)
Event: 2.314 Executing VM operation: HandshakeAllThreads (Deoptimize) done
Event: 2.542 Executing VM operation: G1CollectForAllocation (G1 Evacuation Pause)
Event: 2.566 Executing VM operation: G1CollectForAllocation (G1 Evacuation Pause) done
Event: 3.001 Executing VM operation: ThreadDump
Event: 3.003 Executing VM operation: ThreadDump done
Event: 3.102 Executing VM operation: G1CollectForAllocation (G1 Evacuation Pause)
Event: 3.139 Executing VM operation: G1CollectForAllocation (G1 Evacuation Pause) done
Event: 3.415 Executing VM operation: G1CollectForAllocation (G1 Evacuation Pause)
Event: 3.454 Executing VM operation: G1CollectForAllocation (G1 Evacuation Pause) done
Event: 3.579 Executing VM operation: G1CollectForAllocation (G1 Evacuation Pause)
Event: 3.616 Executing VM operation: G1CollectForAllocation (G1 Evacuation Pause) done

Events (15 events):
Event: 0.050 Thread 0x000002ab167b6370 Thread added: 0x000002ab167b6370
Event: 0.080 Thread 0x000002ab33b21c60 Thread added: 0x000002ab33b21c60
Event: 0.081 Thread 0x000002ab33b24b60 Thread added: 0x000002ab33b24b60
Event: 0.081 Thread 0x000002ab33b2d270 Thread added: 0x000002ab33b2d270
Event: 0.082 Thread 0x000002ab33b2dcd0 Thread added: 0x000002ab33b2dcd0
Event: 0.082 Thread 0x000002ab33b2e730 Thread added: 0x000002ab33b2e730
Event: 0.082 Thread 0x000002ab33b2f190 Thread added: 0x000002ab33b2f190
Event: 0.082 Thread 0x000002ab33b2ff20 Thread added: 0x000002ab33b2ff20
Event: 0.084 Thread 0x000002ab33b5ca90 Thread added: 0x000002ab33b5ca90
Event: 0.115 Thread 0x000002ab790a05d0 Thread added: 0x000002ab790a05d0
Event: 0.119 Thread 0x000002ab790ab240 Thread added: 0x000002ab790ab240
Event: 1.901 Thread 0x000002ab79d693e0 Thread added: 0x000002ab79d693e0
Event: 1.911 Thread 0x000002ab79d6be70 Thread added: 0x000002ab79d6be70
Event: 2.355 Thread 0x000002ab79e26000 Thread added: 0x000002ab79e26000
Event: 3.506 Thread 0x000002ab79e26000 Thread exited: 0x000002ab79e26000


Dynamic libraries:
0x00007ff7c6800000 - 0x00007ff7c6810000 	C:\Program Files\Java\jdk-21.0.11\bin\java.EXE
0x00007ffaa1390000 - 0x00007ffaa1588000 	C:\Windows\SYSTEM32\ntdll.dll
0x00007ffa8bef0000 - 0x00007ffa8bf11000 	C:\Program Files\Avast Software\Avast\aswhook.dll
0x00007ffa9f950000 - 0x00007ffa9fa12000 	C:\Windows\System32\KERNEL32.DLL
0x00007ffa9ef30000 - 0x00007ffa9f226000 	C:\Windows\System32\KERNELBASE.dll
0x00007ffa9eab0000 - 0x00007ffa9ebb0000 	C:\Windows\System32\ucrtbase.dll
0x00007ffa6c970000 - 0x00007ffa6c989000 	C:\Program Files\Java\jdk-21.0.11\bin\jli.dll
0x00007ffa9fff0000 - 0x00007ffaa00a1000 	C:\Windows\System32\ADVAPI32.dll
0x00007ffaa12a0000 - 0x00007ffaa133e000 	C:\Windows\System32\msvcrt.dll
0x00007ffa9fc20000 - 0x00007ffa9fcbf000 	C:\Windows\System32\sechost.dll
0x00007ffaa0330000 - 0x00007ffaa0450000 	C:\Windows\System32\RPCRT4.dll
0x00007ffa9f230000 - 0x00007ffa9f257000 	C:\Windows\System32\bcrypt.dll
0x00007ffaa00b0000 - 0x00007ffaa0251000 	C:\Windows\System32\USER32.dll
0x00007ffa9ef00000 - 0x00007ffa9ef22000 	C:\Windows\System32\win32u.dll
0x00007ffaa0f10000 - 0x00007ffaa0f3b000 	C:\Windows\System32\GDI32.dll
0x00007ffa9ede0000 - 0x00007ffa9eef9000 	C:\Windows\System32\gdi32full.dll
0x00007ffa9f310000 - 0x00007ffa9f3ad000 	C:\Windows\System32\msvcp_win.dll
0x00007ffa6c950000 - 0x00007ffa6c96e000 	C:\Program Files\Java\jdk-21.0.11\bin\VCRUNTIME140.dll
0x00007ffa8ef50000 - 0x00007ffa8f1eb000 	C:\Windows\WinSxS\amd64_microsoft.windows.common-controls_6595b64144ccf1df_6.0.19041.6456_none_60b8a6cb71f64256\COMCTL32.dll
0x00007ffa9e580000 - 0x00007ffa9e58a000 	C:\Windows\SYSTEM32\VERSION.dll
0x00007ffa9f910000 - 0x00007ffa9f93f000 	C:\Windows\System32\IMM32.DLL
0x0000000060140000 - 0x000000006014d000 	C:\Program Files (x86)\360\Total Security\safemon\SafeWrapper.dll
0x00007ffa99df0000 - 0x00007ffa99ef5000 	C:\Program Files (x86)\360\Total Security\safemon\libzdtp64.dll
0x00007ffaa0690000 - 0x00007ffaa0e00000 	C:\Windows\System32\SHELL32.dll
0x00007ffa9fcc0000 - 0x00007ffa9fd1b000 	C:\Windows\System32\SHLWAPI.dll
0x00007ffa81830000 - 0x00007ffa8183c000 	C:\Program Files\Java\jdk-21.0.11\bin\vcruntime140_1.dll
0x00007ffa6c8c0000 - 0x00007ffa6c94d000 	C:\Program Files\Java\jdk-21.0.11\bin\msvcp140.dll
0x00007ff9f7400000 - 0x00007ff9f8128000 	C:\Program Files\Java\jdk-21.0.11\bin\server\jvm.dll
0x00007ffa9fe50000 - 0x00007ffa9febb000 	C:\Windows\System32\WS2_32.dll
0x00007ffa9def0000 - 0x00007ffa9df3b000 	C:\Windows\SYSTEM32\POWRPROF.dll
0x00007ffa8f6b0000 - 0x00007ffa8f6d7000 	C:\Windows\SYSTEM32\WINMM.dll
0x00007ffa9ddb0000 - 0x00007ffa9ddc2000 	C:\Windows\SYSTEM32\UMPDC.dll
0x00007ffa9c820000 - 0x00007ffa9c832000 	C:\Windows\SYSTEM32\kernel.appcore.dll
0x00007ffa7e970000 - 0x00007ffa7e97a000 	C:\Program Files\Java\jdk-21.0.11\bin\jimage.dll
0x00007ffa93110000 - 0x00007ffa93311000 	C:\Windows\SYSTEM32\DBGHELP.DLL
0x00007ffa930b0000 - 0x00007ffa930e4000 	C:\Windows\SYSTEM32\dbgcore.DLL
0x00007ffa9ea20000 - 0x00007ffa9eaa2000 	C:\Windows\System32\bcryptPrimitives.dll
0x00007ffa66840000 - 0x00007ffa66861000 	C:\Program Files\Java\jdk-21.0.11\bin\java.dll
0x00007ffa9ca20000 - 0x00007ffa9d1c5000 	C:\Windows\SYSTEM32\windows.storage.dll
0x00007ffaa0f40000 - 0x00007ffaa1294000 	C:\Windows\System32\combase.dll
0x00007ffa9e3e0000 - 0x00007ffa9e40b000 	C:\Windows\SYSTEM32\Wldp.dll
0x00007ffa9fec0000 - 0x00007ffa9ff8d000 	C:\Windows\System32\OLEAUT32.dll
0x00007ffaa0280000 - 0x00007ffaa032d000 	C:\Windows\System32\SHCORE.dll
0x00007ffa9e950000 - 0x00007ffa9e974000 	C:\Windows\SYSTEM32\profapi.dll
0x00007ffa65630000 - 0x00007ffa65707000 	C:\Program Files\Java\jdk-21.0.11\bin\jsvml.dll
0x00007ffa66770000 - 0x00007ffa66781000 	C:\Program Files\Java\jdk-21.0.11\bin\net.dll
0x00007ffa96cc0000 - 0x00007ffa96dca000 	C:\Windows\SYSTEM32\WINHTTP.dll
0x00007ffa9e140000 - 0x00007ffa9e1aa000 	C:\Windows\system32\mswsock.dll
0x00007ffa66750000 - 0x00007ffa66766000 	C:\Program Files\Java\jdk-21.0.11\bin\nio.dll
0x00007ffa66730000 - 0x00007ffa66748000 	C:\Program Files\Java\jdk-21.0.11\bin\zip.dll

dbghelp: loaded successfully - version: 4.0.5 - missing functions: none
symbol engine: initialized successfully - sym options: 0x614 - pdb path: .;C:\Program Files\Java\jdk-21.0.11\bin;C:\Windows\SYSTEM32;C:\Program Files\Avast Software\Avast;C:\Windows\WinSxS\amd64_microsoft.windows.common-controls_6595b64144ccf1df_6.0.19041.6456_none_60b8a6cb71f64256;C:\Program Files (x86)\360\Total Security\safemon;C:\Program Files\Java\jdk-21.0.11\bin\server

VM Arguments:
java_command: org.languagetool.server.HTTPServer -p 8820
java_class_path (initial): C:\Users\Administrator\.cache\language_tool_python\LanguageTool-6.8\languagetool-server.jar
Launcher Type: SUN_STANDARD

[Global flags]
     intx CICompilerCount                          = 3                                         {product} {ergonomic}
     uint ConcGCThreads                            = 1                                         {product} {ergonomic}
     uint G1ConcRefinementThreads                  = 4                                         {product} {ergonomic}
   size_t G1HeapRegionSize                         = 1048576                                   {product} {ergonomic}
    uintx GCDrainStackTargetSize                   = 64                                        {product} {ergonomic}
   size_t InitialHeapSize                          = 67108864                                  {product} {ergonomic}
   size_t MarkStackSize                            = 4194304                                   {product} {ergonomic}
   size_t MaxHeapSize                              = 1044381696                                {product} {ergonomic}
   size_t MaxNewSize                               = 625999872                                 {product} {ergonomic}
   size_t MinHeapDeltaBytes                        = 1048576                                   {product} {ergonomic}
   size_t MinHeapSize                              = 8388608                                   {product} {ergonomic}
    uintx NonNMethodCodeHeapSize                   = 5832780                                {pd product} {ergonomic}
    uintx NonProfiledCodeHeapSize                  = 122912730                              {pd product} {ergonomic}
    uintx ProfiledCodeHeapSize                     = 122912730                              {pd product} {ergonomic}
    uintx ReservedCodeCacheSize                    = 251658240                              {pd product} {ergonomic}
     bool SegmentedCodeCache                       = true                                      {product} {ergonomic}
   size_t SoftMaxHeapSize                          = 1044381696                             {manageable} {ergonomic}
     bool UseCompressedOops                        = true                           {product lp64_product} {ergonomic}
     bool UseG1GC                                  = true                                      {product} {ergonomic}
     bool UseLargePagesIndividualAllocation        = false                                  {pd product} {ergonomic}

Logging:
Log output configuration:
 #0: stdout all=warning uptime,level,tags foldmultilines=false
 #1: stderr all=off uptime,level,tags foldmultilines=false

Environment Variables:
PATH=C:\Program Files\Common Files\Oracle\Java\javapath;C:\Windows\system32;C:\Windows;C:\Windows\System32\Wbem;C:\Windows\System32\WindowsPowerShell\v1.0\;C:\Windows\System32\OpenSSH\;C:\Program Files\Git\cmd;C:\Program Files\Microsoft SQL Server\150\Tools\Binn\;C:\Program Files\Microsoft SQL Server\Client SDK\ODBC\170\Tools\Binn\;C:\Program Files (x86)\Microsoft SQL Server\160\DTS\Binn\;C:\Program Files (x86)\Microsoft SQL Server\160\Tools\Binn\;C:\Program Files\Microsoft SQL Server\160\Tools\Binn\;C:\Program Files\Microsoft SQL Server\160\DTS\Binn\;C:\Program Files\dotnet\;C:\Users\Administrator\AppData\Roaming\npm;C:\MinGW\bin;C:\Program Files\nodejs\;C:\Users\Administrator\AppData\Local\Programs\Python\Python313\Scripts\;C:\Users\Administrator\AppData\Local\Programs\Python\Python313\;C:\Users\Administrator\AppData\Local\Microsoft\WindowsApps;C:\Users\Administrator\AppData\Local\Programs\Microsoft VS Code\bin;C:\Users\Administrator\.dotnet\tools;C:\Users\Administrator\AppData\Roaming\npm
USERNAME=Administrator
OS=Windows_NT
PROCESSOR_IDENTIFIER=Intel64 Family 6 Model 69 Stepping 1, GenuineIntel
TMP=C:\Users\ADMINI~1\AppData\Local\Temp
TEMP=C:\Users\ADMINI~1\AppData\Local\Temp




Periodic native trim disabled

---------------  S Y S T E M  ---------------

OS:
 Windows 10 , 64 bit Build 19041 (10.0.19041.5915)
OS uptime: 0 days 1:02 hours

CPU: total 4 (initial active 4) (2 cores per cpu, 2 threads per core) family 6 model 69 stepping 1 microcode 0x25, cx8, cmov, fxsr, ht, mmx, sse, sse2, sse3, ssse3, sse4.1, sse4.2, popcnt, lzcnt, tsc, tscinvbit, avx, avx2, aes, erms, clmul, bmi1, bmi2, fma, vzeroupper, clflush, rdtscp, f16c
Processor Information for all 4 processors :
  Max Mhz: 2401, Current Mhz: 1700, Mhz Limit: 1680

Memory: 4k page, system-wide physical 3976M (432M free)
TotalPageFile size 9974M (AvailPageFile size 5M)
current process WorkingSet (physical memory assigned to process): 171M, peak: 171M
current process commit charge ("private bytes"): 210M, peak: 211M

vm_info: Java HotSpot(TM) 64-Bit Server VM (21.0.11+9-LTS-211) for windows-amd64 JRE (21.0.11+9-LTS-211), built on 2026-03-11T00:23:15Z by "mach5run" with MS VC++ 17.13 (VS2022)

END.
