#
# There is insufficient memory for the Java Runtime Environment to continue.
# Native memory allocation (mmap) failed to map 67108864 bytes for G1 virtual space
# Possible reasons:
#   The system is out of physical RAM or swap space
#   The process is running with CompressedOops enabled, and the Java Heap may be blocking the growth of the native heap
# Possible solutions:
#   Reduce memory load on the system
#   Increase physical memory or swap space
#   Check if swap backing store is full
#   Decrease Java heap size (-Xmx/-Xms)
#   Decrease number of Java threads
#   Decrease Java thread stack sizes (-Xss)
#   Set larger code cache with -XX:ReservedCodeCacheSize=
#   JVM is running with Unscaled Compressed Oops mode in which the Java heap is
#     placed in the first 4GB address space. The Java Heap base address is the
#     maximum limit for the native heap growth. Please use -XX:HeapBaseMinAddress
#     to set the Java Heap base and to place the Java Heap above 4GB virtual address.
# This output file may be truncated or incomplete.
#
#  Out of Memory Error (os_windows.cpp:3604), pid=2544, tid=12692
#
# JRE version: Java(TM) SE Runtime Environment (21.0.11+9) (build 21.0.11+9-LTS-211)
# Java VM: Java HotSpot(TM) 64-Bit Server VM (21.0.11+9-LTS-211, mixed mode, tiered, compressed oops, compressed class ptrs, g1 gc, windows-amd64)
# No core dump will be written. Minidumps are not enabled by default on client versions of Windows
#

---------------  S U M M A R Y ------------

Command Line: org.languagetool.server.HTTPServer -p 8635

Host: Intel(R) Core(TM) i5-4210U CPU @ 1.70GHz, 4 cores, 3G,  Windows 10 , 64 bit Build 19041 (10.0.19041.5915)
Time: Fri Jun  5 16:24:27 2026 Pakistan Standard Time elapsed time: 4.748508 seconds (0d 0h 0m 4s)

---------------  T H R E A D  ---------------

Current thread (0x0000025dc347c280):  VMThread "VM Thread"          [id=12692, stack(0x000000b6c8e00000,0x000000b6c8f00000) (1024K)]

Stack: [0x000000b6c8e00000,0x000000b6c8f00000]
Native frames: (J=compiled Java code, j=interpreted, Vv=VM code, C=native code)
V  [jvm.dll+0x6d0ef9]
V  [jvm.dll+0x860126]
V  [jvm.dll+0x86261e]
V  [jvm.dll+0x862cf3]
V  [jvm.dll+0x282bc6]
V  [jvm.dll+0x6cd7a5]
V  [jvm.dll+0x6c232a]
V  [jvm.dll+0x35bfb8]
V  [jvm.dll+0x363c76]
V  [jvm.dll+0x3b4d8e]
V  [jvm.dll+0x3b5038]
V  [jvm.dll+0x32fa6c]
V  [jvm.dll+0x32fafa]
V  [jvm.dll+0x373fc2]
V  [jvm.dll+0x37274d]
V  [jvm.dll+0x32f1b1]
V  [jvm.dll+0x371daa]
V  [jvm.dll+0x8689ef]
V  [jvm.dll+0x869d7c]
V  [jvm.dll+0x86a2b1]
V  [jvm.dll+0x86a553]
V  [jvm.dll+0x80ac0d]
V  [jvm.dll+0x6cf79d]
C  [ucrtbase.dll+0x21bb2]
C  [KERNEL32.DLL+0x17374]
C  [ntdll.dll+0x4cc91]

VM_Operation (0x000000b6c87fe2a0): G1CollectForAllocation, mode: safepoint, requested by thread 0x0000025da6293f40


---------------  P R O C E S S  ---------------

Threads class SMR info:
_java_thread_list=0x0000025dc8c353c0, length=14, elements={
0x0000025da6293f40, 0x0000025dc3601130, 0x0000025dc34ddf60, 0x0000025dc35ea080,
0x0000025dc35ec700, 0x0000025dc35eed80, 0x0000025dc35f7400, 0x0000025dc360bf40,
0x0000025dc361d680, 0x0000025dc37a59e0, 0x0000025dc37ad240, 0x0000025dc8ac89e0,
0x0000025dc8b67660, 0x0000025dc8c22080
}

Java Threads: ( => current thread )
  0x0000025da6293f40 JavaThread "main"                              [_thread_blocked, id=13224, stack(0x000000b6c8700000,0x000000b6c8800000) (1024K)]
  0x0000025dc3601130 JavaThread "Reference Handler"          daemon [_thread_blocked, id=2368, stack(0x000000b6c8f00000,0x000000b6c9000000) (1024K)]
  0x0000025dc34ddf60 JavaThread "Finalizer"                  daemon [_thread_blocked, id=11732, stack(0x000000b6c9000000,0x000000b6c9100000) (1024K)]
  0x0000025dc35ea080 JavaThread "Signal Dispatcher"          daemon [_thread_blocked, id=2780, stack(0x000000b6c9100000,0x000000b6c9200000) (1024K)]
  0x0000025dc35ec700 JavaThread "Attach Listener"            daemon [_thread_blocked, id=1136, stack(0x000000b6c9200000,0x000000b6c9300000) (1024K)]
  0x0000025dc35eed80 JavaThread "Service Thread"             daemon [_thread_blocked, id=2880, stack(0x000000b6c9300000,0x000000b6c9400000) (1024K)]
  0x0000025dc35f7400 JavaThread "Monitor Deflation Thread"   daemon [_thread_blocked, id=16452, stack(0x000000b6c9400000,0x000000b6c9500000) (1024K)]
  0x0000025dc360bf40 JavaThread "C2 CompilerThread0"         daemon [_thread_blocked, id=13552, stack(0x000000b6c9500000,0x000000b6c9600000) (1024K)]
  0x0000025dc361d680 JavaThread "C1 CompilerThread0"         daemon [_thread_blocked, id=19432, stack(0x000000b6c9600000,0x000000b6c9700000) (1024K)]
  0x0000025dc37a59e0 JavaThread "Notification Thread"        daemon [_thread_blocked, id=18028, stack(0x000000b6c9700000,0x000000b6c9800000) (1024K)]
  0x0000025dc37ad240 JavaThread "Common-Cleaner"             daemon [_thread_blocked, id=17212, stack(0x000000b6c9800000,0x000000b6c9900000) (1024K)]
  0x0000025dc8ac89e0 JavaThread "LtThreadPoolMonitor"        daemon [_thread_blocked, id=5084, stack(0x000000b6c9d00000,0x000000b6c9e00000) (1024K)]
  0x0000025dc8b67660 JavaThread "LtThreadPoolExecutorMonitor" daemon [_thread_blocked, id=10792, stack(0x000000b6c9e00000,0x000000b6c9f00000) (1024K)]
  0x0000025dc8c22080 JavaThread "C2 CompilerThread1"         daemon [_thread_blocked, id=11496, stack(0x000000b6c9c00000,0x000000b6c9d00000) (1024K)]
Total: 14

Other Threads:
=>0x0000025dc347c280 VMThread "VM Thread"                           [id=12692, stack(0x000000b6c8e00000,0x000000b6c8f00000) (1024K)]
  0x0000025da7d1ec20 WatcherThread "VM Periodic Task Thread"        [id=12452, stack(0x000000b6c8d00000,0x000000b6c8e00000) (1024K)]
  0x0000025da7ca5810 WorkerThread "GC Thread#0"                     [id=9428, stack(0x000000b6c8800000,0x000000b6c8900000) (1024K)]
  0x0000025dc87cb6a0 WorkerThread "GC Thread#1"                     [id=17684, stack(0x000000b6c9900000,0x000000b6c9a00000) (1024K)]
  0x0000025dc8a54500 WorkerThread "GC Thread#2"                     [id=2532, stack(0x000000b6c9a00000,0x000000b6c9b00000) (1024K)]
  0x0000025dc8a548b0 WorkerThread "GC Thread#3"                     [id=19304, stack(0x000000b6c9b00000,0x000000b6c9c00000) (1024K)]
  0x0000025da7caf620 ConcurrentGCThread "G1 Main Marker"            [id=10440, stack(0x000000b6c8900000,0x000000b6c8a00000) (1024K)]
  0x0000025da7cb1c60 WorkerThread "G1 Conc#0"                       [id=4132, stack(0x000000b6c8a00000,0x000000b6c8b00000) (1024K)]
  0x0000025da7d11e70 ConcurrentGCThread "G1 Refine#0"               [id=13004, stack(0x000000b6c8b00000,0x000000b6c8c00000) (1024K)]
  0x0000025da7d123b0 ConcurrentGCThread "G1 Service"                [id=16448, stack(0x000000b6c8c00000,0x000000b6c8d00000) (1024K)]
Total: 10

Threads with active compile tasks:
C2 CompilerThread0     4869 1622       4       java.util.Scanner::findWithinHorizon (83 bytes)
C2 CompilerThread1     4869 1660       4       java.util.regex.Pattern$Start::match (90 bytes)
Total: 2

VM state: at safepoint (normal execution)

VM Mutex/Monitor currently owned by a thread:  ([mutex/lock_event])
[0x00007ff9f804af50] Threads_lock - owner thread: 0x0000025dc347c280
[0x00007ff9f804b050] Heap_lock - owner thread: 0x0000025da6293f40

Heap address: 0x00000000c1c00000, size: 996 MB, Compressed Oops mode: 32-bit

CDS archive(s) not mapped
Compressed class space mapped at: 0x0000000100000000-0x0000000140000000, reserved size: 1073741824
Narrow klass base: 0x0000000000000000, Narrow klass shift: 3, Narrow klass range: 0x140000000

GC Precious Log:
 CardTable entry size: 512
 Card Set container configuration: InlinePtr #cards 5 size 8 Array Of Cards #cards 12 size 40 Howl #buckets 4 coarsen threshold 1843 Howl Bitmap #cards 512 size 80 coarsen threshold 460 Card regions per heap region 1 cards per card region 2048
 CPUs: 4 total, 4 available
 Memory: 3976M
 Large Page Support: Disabled
 NUMA Support: Disabled
 Compressed Oops: Enabled (32-bit)
 Heap Region Size: 1M
 Heap Min Capacity: 8M
 Heap Initial Capacity: 64M
 Heap Max Capacity: 996M
 Pre-touch: Disabled
 Parallel Workers: 4
 Concurrent Workers: 1
 Concurrent Refinement Workers: 4
 Periodic GC: Disabled

Heap:
 garbage-first heap   total 65536K, used 26370K [0x00000000c1c00000, 0x0000000100000000)
  region size 1024K, 4 young (4096K), 4 survivors (4096K)
 Metaspace       used 19840K, committed 20032K, reserved 1114112K
  class space    used 1957K, committed 2048K, reserved 1048576K

Heap Regions: E=young(eden), S=young(survivor), O=old, HS=humongous(starts), HC=humongous(continues), CS=collection set, F=free, TAMS=top-at-mark-start, PB=parsable bottom
|   0|0x00000000c1c00000, 0x00000000c1d00000, 0x00000000c1d00000|100%| O|  |TAMS 0x00000000c1c00000| PB 0x00000000c1c00000| Untracked 
|   1|0x00000000c1d00000, 0x00000000c1e00000, 0x00000000c1e00000|100%| O|  |TAMS 0x00000000c1d00000| PB 0x00000000c1d00000| Untracked 
|   2|0x00000000c1e00000, 0x00000000c1f00000, 0x00000000c1f00000|100%| O|  |TAMS 0x00000000c1e00000| PB 0x00000000c1e00000| Untracked 
|   3|0x00000000c1f00000, 0x00000000c2000000, 0x00000000c2000000|100%| O|  |TAMS 0x00000000c1f00000| PB 0x00000000c1f00000| Untracked 
|   4|0x00000000c2000000, 0x00000000c2100000, 0x00000000c2100000|100%| O|  |TAMS 0x00000000c2000000| PB 0x00000000c2000000| Untracked 
|   5|0x00000000c2100000, 0x00000000c2200000, 0x00000000c2200000|100%| O|  |TAMS 0x00000000c2100000| PB 0x00000000c2100000| Untracked 
|   6|0x00000000c2200000, 0x00000000c2300000, 0x00000000c2300000|100%| O|  |TAMS 0x00000000c2200000| PB 0x00000000c2200000| Untracked 
|   7|0x00000000c2300000, 0x00000000c2400000, 0x00000000c2400000|100%| O|  |TAMS 0x00000000c2300000| PB 0x00000000c2300000| Untracked 
|   8|0x00000000c2400000, 0x00000000c2500000, 0x00000000c2500000|100%| O|  |TAMS 0x00000000c2400000| PB 0x00000000c2400000| Untracked 
|   9|0x00000000c2500000, 0x00000000c2600000, 0x00000000c2600000|100%| O|  |TAMS 0x00000000c2500000| PB 0x00000000c2500000| Untracked 
|  10|0x00000000c2600000, 0x00000000c2700000, 0x00000000c2700000|100%| O|  |TAMS 0x00000000c2600000| PB 0x00000000c2600000| Untracked 
|  11|0x00000000c2700000, 0x00000000c2800000, 0x00000000c2800000|100%| O|  |TAMS 0x00000000c2700000| PB 0x00000000c2700000| Untracked 
|  12|0x00000000c2800000, 0x00000000c2900000, 0x00000000c2900000|100%|HS|  |TAMS 0x00000000c2800000| PB 0x00000000c2800000| Complete 
|  13|0x00000000c2900000, 0x00000000c2a00000, 0x00000000c2a00000|100%| O|  |TAMS 0x00000000c2900000| PB 0x00000000c2900000| Untracked 
|  14|0x00000000c2a00000, 0x00000000c2b00000, 0x00000000c2b00000|100%| O|  |TAMS 0x00000000c2a00000| PB 0x00000000c2a00000| Untracked 
|  15|0x00000000c2b00000, 0x00000000c2c00000, 0x00000000c2c00000|100%| O|  |TAMS 0x00000000c2b00000| PB 0x00000000c2b00000| Untracked 
|  16|0x00000000c2c00000, 0x00000000c2d00000, 0x00000000c2d00000|100%| O|  |TAMS 0x00000000c2c00000| PB 0x00000000c2c00000| Untracked 
|  17|0x00000000c2d00000, 0x00000000c2e00000, 0x00000000c2e00000|100%| O|  |TAMS 0x00000000c2d00000| PB 0x00000000c2d00000| Untracked 
|  18|0x00000000c2e00000, 0x00000000c2f00000, 0x00000000c2f00000|100%| O|  |TAMS 0x00000000c2e00000| PB 0x00000000c2e00000| Untracked 
|  19|0x00000000c2f00000, 0x00000000c3000000, 0x00000000c3000000|100%| O|  |TAMS 0x00000000c2f00000| PB 0x00000000c2f00000| Untracked 
|  20|0x00000000c3000000, 0x00000000c3100000, 0x00000000c3100000|100%| O|  |TAMS 0x00000000c3000000| PB 0x00000000c3000000| Untracked 
|  21|0x00000000c3100000, 0x00000000c31c08d0, 0x00000000c3200000| 75%| O|  |TAMS 0x00000000c3100000| PB 0x00000000c3100000| Untracked 
|  22|0x00000000c3200000, 0x00000000c3200000, 0x00000000c3300000|  0%| F|  |TAMS 0x00000000c3200000| PB 0x00000000c3200000| Untracked 
|  23|0x00000000c3300000, 0x00000000c3300000, 0x00000000c3400000|  0%| F|  |TAMS 0x00000000c3300000| PB 0x00000000c3300000| Untracked 
|  24|0x00000000c3400000, 0x00000000c3400000, 0x00000000c3500000|  0%| F|  |TAMS 0x00000000c3400000| PB 0x00000000c3400000| Untracked 
|  25|0x00000000c3500000, 0x00000000c3500000, 0x00000000c3600000|  0%| F|  |TAMS 0x00000000c3500000| PB 0x00000000c3500000| Untracked 
|  26|0x00000000c3600000, 0x00000000c3600000, 0x00000000c3700000|  0%| F|  |TAMS 0x00000000c3600000| PB 0x00000000c3600000| Untracked 
|  27|0x00000000c3700000, 0x00000000c3700000, 0x00000000c3800000|  0%| F|  |TAMS 0x00000000c3700000| PB 0x00000000c3700000| Untracked 
|  28|0x00000000c3800000, 0x00000000c3800000, 0x00000000c3900000|  0%| F|  |TAMS 0x00000000c3800000| PB 0x00000000c3800000| Untracked 
|  29|0x00000000c3900000, 0x00000000c3900000, 0x00000000c3a00000|  0%| F|  |TAMS 0x00000000c3900000| PB 0x00000000c3900000| Untracked 
|  30|0x00000000c3a00000, 0x00000000c3a00000, 0x00000000c3b00000|  0%| F|  |TAMS 0x00000000c3a00000| PB 0x00000000c3a00000| Untracked 
|  31|0x00000000c3b00000, 0x00000000c3b00000, 0x00000000c3c00000|  0%| F|  |TAMS 0x00000000c3b00000| PB 0x00000000c3b00000| Untracked 
|  32|0x00000000c3c00000, 0x00000000c3c00000, 0x00000000c3d00000|  0%| F|  |TAMS 0x00000000c3c00000| PB 0x00000000c3c00000| Untracked 
|  33|0x00000000c3d00000, 0x00000000c3d00000, 0x00000000c3e00000|  0%| F|  |TAMS 0x00000000c3d00000| PB 0x00000000c3d00000| Untracked 
|  34|0x00000000c3e00000, 0x00000000c3e00000, 0x00000000c3f00000|  0%| F|  |TAMS 0x00000000c3e00000| PB 0x00000000c3e00000| Untracked 
|  35|0x00000000c3f00000, 0x00000000c3f00000, 0x00000000c4000000|  0%| F|  |TAMS 0x00000000c3f00000| PB 0x00000000c3f00000| Untracked 
|  36|0x00000000c4000000, 0x00000000c4000000, 0x00000000c4100000|  0%| F|  |TAMS 0x00000000c4000000| PB 0x00000000c4000000| Untracked 
|  37|0x00000000c4100000, 0x00000000c4200000, 0x00000000c4200000|100%| S|CS|TAMS 0x00000000c4100000| PB 0x00000000c4100000| Complete 
|  38|0x00000000c4200000, 0x00000000c4300000, 0x00000000c4300000|100%| S|CS|TAMS 0x00000000c4200000| PB 0x00000000c4200000| Complete 
|  39|0x00000000c4300000, 0x00000000c4400000, 0x00000000c4400000|100%| S|CS|TAMS 0x00000000c4300000| PB 0x00000000c4300000| Complete 
|  40|0x00000000c4400000, 0x00000000c4500000, 0x00000000c4500000|100%| S|CS|TAMS 0x00000000c4400000| PB 0x00000000c4400000| Complete 
|  41|0x00000000c4500000, 0x00000000c4500000, 0x00000000c4600000|  0%| F|  |TAMS 0x00000000c4500000| PB 0x00000000c4500000| Untracked 
|  42|0x00000000c4600000, 0x00000000c4600000, 0x00000000c4700000|  0%| F|  |TAMS 0x00000000c4600000| PB 0x00000000c4600000| Untracked 
|  43|0x00000000c4700000, 0x00000000c4700000, 0x00000000c4800000|  0%| F|  |TAMS 0x00000000c4700000| PB 0x00000000c4700000| Untracked 
|  44|0x00000000c4800000, 0x00000000c4800000, 0x00000000c4900000|  0%| F|  |TAMS 0x00000000c4800000| PB 0x00000000c4800000| Untracked 
|  45|0x00000000c4900000, 0x00000000c4900000, 0x00000000c4a00000|  0%| F|  |TAMS 0x00000000c4900000| PB 0x00000000c4900000| Untracked 
|  46|0x00000000c4a00000, 0x00000000c4a00000, 0x00000000c4b00000|  0%| F|  |TAMS 0x00000000c4a00000| PB 0x00000000c4a00000| Untracked 
|  47|0x00000000c4b00000, 0x00000000c4b00000, 0x00000000c4c00000|  0%| F|  |TAMS 0x00000000c4b00000| PB 0x00000000c4b00000| Untracked 
|  48|0x00000000c4c00000, 0x00000000c4c00000, 0x00000000c4d00000|  0%| F|  |TAMS 0x00000000c4c00000| PB 0x00000000c4c00000| Untracked 
|  49|0x00000000c4d00000, 0x00000000c4d00000, 0x00000000c4e00000|  0%| F|  |TAMS 0x00000000c4d00000| PB 0x00000000c4d00000| Untracked 
|  50|0x00000000c4e00000, 0x00000000c4e00000, 0x00000000c4f00000|  0%| F|  |TAMS 0x00000000c4e00000| PB 0x00000000c4e00000| Untracked 
|  51|0x00000000c4f00000, 0x00000000c4f00000, 0x00000000c5000000|  0%| F|  |TAMS 0x00000000c4f00000| PB 0x00000000c4f00000| Untracked 
|  52|0x00000000c5000000, 0x00000000c5000000, 0x00000000c5100000|  0%| F|  |TAMS 0x00000000c5000000| PB 0x00000000c5000000| Untracked 
|  53|0x00000000c5100000, 0x00000000c5100000, 0x00000000c5200000|  0%| F|  |TAMS 0x00000000c5100000| PB 0x00000000c5100000| Untracked 
|  54|0x00000000c5200000, 0x00000000c5200000, 0x00000000c5300000|  0%| F|  |TAMS 0x00000000c5200000| PB 0x00000000c5200000| Untracked 
|  55|0x00000000c5300000, 0x00000000c5300000, 0x00000000c5400000|  0%| F|  |TAMS 0x00000000c5300000| PB 0x00000000c5300000| Untracked 
|  56|0x00000000c5400000, 0x00000000c5400000, 0x00000000c5500000|  0%| F|  |TAMS 0x00000000c5400000| PB 0x00000000c5400000| Untracked 
|  57|0x00000000c5500000, 0x00000000c5500000, 0x00000000c5600000|  0%| F|  |TAMS 0x00000000c5500000| PB 0x00000000c5500000| Untracked 
|  58|0x00000000c5600000, 0x00000000c5600000, 0x00000000c5700000|  0%| F|  |TAMS 0x00000000c5600000| PB 0x00000000c5600000| Untracked 
|  59|0x00000000c5700000, 0x00000000c5700000, 0x00000000c5800000|  0%| F|  |TAMS 0x00000000c5700000| PB 0x00000000c5700000| Untracked 
|  60|0x00000000c5800000, 0x00000000c5800000, 0x00000000c5900000|  0%| F|  |TAMS 0x00000000c5800000| PB 0x00000000c5800000| Untracked 
|  61|0x00000000c5900000, 0x00000000c5900000, 0x00000000c5a00000|  0%| F|  |TAMS 0x00000000c5900000| PB 0x00000000c5900000| Untracked 
|  62|0x00000000c5a00000, 0x00000000c5a00000, 0x00000000c5b00000|  0%| F|  |TAMS 0x00000000c5a00000| PB 0x00000000c5a00000| Untracked 
|  63|0x00000000c5b00000, 0x00000000c5b00000, 0x00000000c5c00000|  0%| F|  |TAMS 0x00000000c5b00000| PB 0x00000000c5b00000| Untracked 

Card table byte_map: [0x0000025dbfd10000,0x0000025dbff10000] _byte_map_base: 0x0000025dbf702000

Marking Bits: (CMBitMap*) 0x0000025da7ca6e40
 Bits: [0x0000025dbff10000, 0x0000025dc0ea0000)

Polling page: 0x0000025da7d20000

Metaspace:

Usage:
  Non-class:     17.46 MB used.
      Class:      1.91 MB used.
       Both:     19.38 MB used.

Virtual space:
  Non-class space:       64.00 MB reserved,      17.56 MB ( 27%) committed,  1 nodes.
      Class space:        1.00 GB reserved,       2.00 MB ( <1%) committed,  1 nodes.
             Both:        1.06 GB reserved,      19.56 MB (  2%) committed. 

Chunk freelists:
   Non-Class:  13.88 MB
       Class:  13.95 MB
        Both:  27.83 MB

MaxMetaspaceSize: unlimited
CompressedClassSpaceSize: 1.00 GB
Initial GC threshold: 21.00 MB
Current GC threshold: 21.00 MB
CDS: off
 - commit_granule_bytes: 65536.
 - commit_granule_words: 8192.
 - virtual_space_node_default_size: 8388608.
 - enlarge_chunks_in_place: 1.
 - use_allocation_guard: 0.


Internal statistics:

num_allocs_failed_limit: 0.
num_arena_births: 140.
num_arena_deaths: 0.
num_vsnodes_births: 2.
num_vsnodes_deaths: 0.
num_space_committed: 312.
num_space_uncommitted: 0.
num_chunks_returned_to_freelist: 0.
num_chunks_taken_from_freelist: 365.
num_chunk_merges: 0.
num_chunk_splits: 227.
num_chunks_enlarged: 166.
num_inconsistent_stats: 0.

CodeHeap 'non-profiled nmethods': size=120000Kb used=672Kb max_used=672Kb free=119327Kb
 bounds [0x0000025db7fc0000, 0x0000025db8230000, 0x0000025dbf4f0000]
CodeHeap 'profiled nmethods': size=120000Kb used=3306Kb max_used=3306Kb free=116693Kb
 bounds [0x0000025db04f0000, 0x0000025db0830000, 0x0000025db7a20000]
CodeHeap 'non-nmethods': size=5760Kb used=1435Kb max_used=1467Kb free=4324Kb
 bounds [0x0000025db7a20000, 0x0000025db7c90000, 0x0000025db7fc0000]
 total_blobs=2216 nmethods=1690 adapters=431
 compilation: enabled
              stopped_count=0, restarted_count=0
 full_count=0

Compilation events (20 events):
Event: 4.572 Thread 0x0000025dc361d680 1720       1       org.languagetool.language.Portuguese::getShortCode (3 bytes)
Event: 4.572 Thread 0x0000025dc361d680 nmethod 1720 0x0000025db8067510 code [0x0000025db80676a0, 0x0000025db8067770]
Event: 4.572 Thread 0x0000025dc361d680 1721       1       org.languagetool.language.German::getShortCode (3 bytes)
Event: 4.572 Thread 0x0000025dc361d680 nmethod 1721 0x0000025db8067810 code [0x0000025db80679a0, 0x0000025db8067a70]
Event: 4.572 Thread 0x0000025dc361d680 1722       1       org.languagetool.language.French::getShortCode (3 bytes)
Event: 4.572 Thread 0x0000025dc361d680 nmethod 1722 0x0000025db8067b10 code [0x0000025db8067ca0, 0x0000025db8067d70]
Event: 4.577 Thread 0x0000025dc361d680 1723       2       java.util.stream.PipelineHelper::<init> (5 bytes)
Event: 4.577 Thread 0x0000025dc361d680 nmethod 1723 0x0000025db0822590 code [0x0000025db0822720, 0x0000025db0822828]
Event: 4.577 Thread 0x0000025dc361d680 1724       2       java.util.stream.AbstractPipeline::isParallel (8 bytes)
Event: 4.577 Thread 0x0000025dc361d680 nmethod 1724 0x0000025db0822890 code [0x0000025db0822a20, 0x0000025db0822b38]
Event: 4.593 Thread 0x0000025dc361d680 1725       2       sun.nio.cs.UTF_8::updatePositions (23 bytes)
Event: 4.593 Thread 0x0000025dc361d680 nmethod 1725 0x0000025db0822c10 code [0x0000025db0822de0, 0x0000025db0822fa8]
Event: 4.617 Thread 0x0000025dc361d680 1726       1       org.languagetool.language.Catalan::getShortCode (3 bytes)
Event: 4.617 Thread 0x0000025dc361d680 nmethod 1726 0x0000025db8067e10 code [0x0000025db8067fa0, 0x0000025db8068070]
Event: 4.636 Thread 0x0000025dc361d680 1727       2       java.io.BufferedInputStream::getInIfOpen (21 bytes)
Event: 4.636 Thread 0x0000025dc361d680 nmethod 1727 0x0000025db0823090 code [0x0000025db0823240, 0x0000025db0823408]
Event: 4.656 Thread 0x0000025dc361d680 1728       2       java.lang.String::substring (10 bytes)
Event: 4.657 Thread 0x0000025dc361d680 nmethod 1728 0x0000025db0823510 code [0x0000025db08236c0, 0x0000025db08237f8]
Event: 4.685 Thread 0x0000025dc361d680 1730       3       sun.nio.cs.UTF_8$Decoder::decodeArrayLoop (688 bytes)
Event: 4.691 Thread 0x0000025dc361d680 nmethod 1730 0x0000025db0823910 code [0x0000025db08241a0, 0x0000025db0829108]

GC Heap History (11 events):
Event: 1.552 GC heap before
{Heap before GC invocations=0 (full 0):
 garbage-first heap   total 65536K, used 12288K [0x00000000c1c00000, 0x0000000100000000)
  region size 1024K, 13 young (13312K), 0 survivors (0K)
 Metaspace       used 10126K, committed 10304K, reserved 1114112K
  class space    used 945K, committed 1024K, reserved 1048576K
}
Event: 1.880 GC heap after
{Heap after GC invocations=1 (full 0):
 garbage-first heap   total 65536K, used 6624K [0x00000000c1c00000, 0x0000000100000000)
  region size 1024K, 2 young (2048K), 2 survivors (2048K)
 Metaspace       used 10126K, committed 10304K, reserved 1114112K
  class space    used 945K, committed 1024K, reserved 1048576K
}
Event: 3.354 GC heap before
{Heap before GC invocations=1 (full 0):
 garbage-first heap   total 65536K, used 12768K [0x00000000c1c00000, 0x0000000100000000)
  region size 1024K, 8 young (8192K), 2 survivors (2048K)
 Metaspace       used 13676K, committed 13824K, reserved 1114112K
  class space    used 1374K, committed 1472K, reserved 1048576K
}
Event: 3.358 GC heap after
{Heap after GC invocations=2 (full 0):
 garbage-first heap   total 65536K, used 7652K [0x00000000c1c00000, 0x0000000100000000)
  region size 1024K, 1 young (1024K), 1 survivors (1024K)
 Metaspace       used 13676K, committed 13824K, reserved 1114112K
  class space    used 1374K, committed 1472K, reserved 1048576K
}
Event: 4.053 GC heap before
{Heap before GC invocations=2 (full 0):
 garbage-first heap   total 65536K, used 20964K [0x00000000c1c00000, 0x0000000100000000)
  region size 1024K, 15 young (15360K), 1 survivors (1024K)
 Metaspace       used 19647K, committed 19840K, reserved 1114112K
  class space    used 1946K, committed 2048K, reserved 1048576K
}
Event: 4.060 GC heap after
{Heap after GC invocations=3 (full 0):
 garbage-first heap   total 65536K, used 10240K [0x00000000c1c00000, 0x0000000100000000)
  region size 1024K, 2 young (2048K), 2 survivors (2048K)
 Metaspace       used 19647K, committed 19840K, reserved 1114112K
  class space    used 1946K, committed 2048K, reserved 1048576K
}
Event: 4.281 GC heap before
{Heap before GC invocations=3 (full 0):
 garbage-first heap   total 65536K, used 29696K [0x00000000c1c00000, 0x0000000100000000)
  region size 1024K, 21 young (21504K), 2 survivors (2048K)
 Metaspace       used 19695K, committed 19904K, reserved 1114112K
  class space    used 1946K, committed 2048K, reserved 1048576K
}
Event: 4.302 GC heap after
{Heap after GC invocations=4 (full 0):
 garbage-first heap   total 65536K, used 14796K [0x00000000c1c00000, 0x0000000100000000)
  region size 1024K, 3 young (3072K), 3 survivors (3072K)
 Metaspace       used 19695K, committed 19904K, reserved 1114112K
  class space    used 1946K, committed 2048K, reserved 1048576K
}
Event: 4.528 GC heap before
{Heap before GC invocations=4 (full 0):
 garbage-first heap   total 65536K, used 42444K [0x00000000c1c00000, 0x0000000100000000)
  region size 1024K, 29 young (29696K), 3 survivors (3072K)
 Metaspace       used 19840K, committed 20032K, reserved 1114112K
  class space    used 1957K, committed 2048K, reserved 1048576K
}
Event: 4.557 GC heap after
{Heap after GC invocations=5 (full 0):
 garbage-first heap   total 65536K, used 21260K [0x00000000c1c00000, 0x0000000100000000)
  region size 1024K, 4 young (4096K), 4 survivors (4096K)
 Metaspace       used 19840K, committed 20032K, reserved 1114112K
  class space    used 1957K, committed 2048K, reserved 1048576K
}
Event: 4.697 GC heap before
{Heap before GC invocations=5 (full 0):
 garbage-first heap   total 65536K, used 44812K [0x00000000c1c00000, 0x0000000100000000)
  region size 1024K, 27 young (27648K), 4 survivors (4096K)
 Metaspace       used 19840K, committed 20032K, reserved 1114112K
  class space    used 1957K, committed 2048K, reserved 1048576K
}

Dll operation events (6 events):
Event: 0.016 Loaded shared library C:\Program Files\Java\jdk-21.0.11\bin\java.dll
Event: 0.337 Loaded shared library C:\Program Files\Java\jdk-21.0.11\bin\jsvml.dll
Event: 0.449 Loaded shared library C:\Program Files\Java\jdk-21.0.11\bin\net.dll
Event: 0.454 Loaded shared library C:\Program Files\Java\jdk-21.0.11\bin\nio.dll
Event: 0.473 Loaded shared library C:\Program Files\Java\jdk-21.0.11\bin\zip.dll
Event: 0.507 Loaded shared library C:\Program Files\Java\jdk-21.0.11\bin\jimage.dll

Deoptimization events (20 events):
Event: 4.513 Thread 0x0000025da6293f40 DEOPT PACKING pc=0x0000025db0756ed5 sp=0x000000b6c87fdec0
Event: 4.513 Thread 0x0000025da6293f40 DEOPT UNPACKING pc=0x0000025db7a74e42 sp=0x000000b6c87fd330 mode 0
Event: 4.515 Thread 0x0000025da6293f40 DEOPT PACKING pc=0x0000025db07f59cc sp=0x000000b6c87fdfb0
Event: 4.515 Thread 0x0000025da6293f40 DEOPT UNPACKING pc=0x0000025db7a74e42 sp=0x000000b6c87fd508 mode 0
Event: 4.519 Thread 0x0000025da6293f40 DEOPT PACKING pc=0x0000025db0756ed5 sp=0x000000b6c87fdec0
Event: 4.519 Thread 0x0000025da6293f40 DEOPT UNPACKING pc=0x0000025db7a74e42 sp=0x000000b6c87fd330 mode 0
Event: 4.523 Thread 0x0000025da6293f40 DEOPT PACKING pc=0x0000025db0756ed5 sp=0x000000b6c87fe020
Event: 4.523 Thread 0x0000025da6293f40 DEOPT UNPACKING pc=0x0000025db7a74e42 sp=0x000000b6c87fd490 mode 0
Event: 4.557 Thread 0x0000025da6293f40 DEOPT PACKING pc=0x0000025db0756ed5 sp=0x000000b6c87fe020
Event: 4.557 Thread 0x0000025da6293f40 DEOPT UNPACKING pc=0x0000025db7a74e42 sp=0x000000b6c87fd490 mode 0
Event: 4.561 Thread 0x0000025da6293f40 DEOPT PACKING pc=0x0000025db0756ed5 sp=0x000000b6c87fe020
Event: 4.561 Thread 0x0000025da6293f40 DEOPT UNPACKING pc=0x0000025db7a74e42 sp=0x000000b6c87fd490 mode 0
Event: 4.566 Thread 0x0000025da6293f40 DEOPT PACKING pc=0x0000025db0756ed5 sp=0x000000b6c87fe020
Event: 4.566 Thread 0x0000025da6293f40 DEOPT UNPACKING pc=0x0000025db7a74e42 sp=0x000000b6c87fd490 mode 0
Event: 4.570 Thread 0x0000025da6293f40 DEOPT PACKING pc=0x0000025db0756ed5 sp=0x000000b6c87fe020
Event: 4.570 Thread 0x0000025da6293f40 DEOPT UNPACKING pc=0x0000025db7a74e42 sp=0x000000b6c87fd490 mode 0
Event: 4.684 Thread 0x0000025da6293f40 Uncommon trap: trap_request=0xffffff45 fr.pc=0x0000025db80668f0 relative=0x0000000000000850
Event: 4.684 Thread 0x0000025da6293f40 Uncommon trap: reason=unstable_if action=reinterpret pc=0x0000025db80668f0 method=sun.nio.cs.UTF_8$Decoder.decodeArrayLoop(Ljava/nio/ByteBuffer;Ljava/nio/CharBuffer;)Ljava/nio/charset/CoderResult; @ 284 c2
Event: 4.684 Thread 0x0000025da6293f40 DEOPT PACKING pc=0x0000025db80668f0 sp=0x000000b6c87fe0c0
Event: 4.684 Thread 0x0000025da6293f40 DEOPT UNPACKING pc=0x0000025db7a746a2 sp=0x000000b6c87fe008 mode 2

Classes loaded (20 events):
Event: 4.432 Loading class sun/text/resources/BreakIteratorResources
Event: 4.432 Loading class sun/util/resources/BreakIteratorResourceBundle
Event: 4.433 Loading class sun/util/resources/BreakIteratorResourceBundle done
Event: 4.433 Loading class sun/text/resources/BreakIteratorResources done
Event: 4.433 Loading class sun/text/resources/BreakIteratorResources_en
Event: 4.433 Loading class sun/text/resources/BreakIteratorResources_en done
Event: 4.433 Loading class sun/text/resources/BreakIteratorResources_en_US
Event: 4.433 Loading class sun/text/resources/BreakIteratorResources_en_US done
Event: 4.435 Loading class sun/text/RuleBasedBreakIterator
Event: 4.436 Loading class sun/text/RuleBasedBreakIterator done
Event: 4.437 Loading class sun/text/CompactByteArray
Event: 4.437 Loading class sun/text/CompactByteArray done
Event: 4.438 Loading class sun/text/SupplementaryCharacterData
Event: 4.439 Loading class sun/text/SupplementaryCharacterData done
Event: 4.439 Loading class java/text/BreakIterator$BreakIteratorCache
Event: 4.439 Loading class java/text/BreakIterator$BreakIteratorCache done
Event: 4.439 Loading class java/text/StringCharacterIterator
Event: 4.439 Loading class java/text/CharacterIterator
Event: 4.439 Loading class java/text/CharacterIterator done
Event: 4.439 Loading class java/text/StringCharacterIterator done

Classes unloaded (0 events):
No events

Classes redefined (0 events):
No events

Internal exceptions (10 events):
Event: 1.076 Thread 0x0000025da6293f40 Exception <a 'java/lang/NoSuchMethodError'{0x00000000c513f830}: 'void java.lang.invoke.DirectMethodHandle$Holder.invokeStatic(java.lang.Object, java.lang.Object, java.lang.Object)'> (0x00000000c513f830) 
thrown [s\open\src\hotspot\share\interpreter\linkResolver.cpp, line 773]
Event: 1.301 Thread 0x0000025da6293f40 Exception <a 'java/lang/NoSuchMethodError'{0x00000000c5090bc0}: 'void java.lang.invoke.DirectMethodHandle$Holder.invokeSpecialIFC(java.lang.Object, java.lang.Object, java.lang.Object, java.lang.Object, java.lang.Object)'> (0x00000000c5090bc0) 
thrown [s\open\src\hotspot\share\interpreter\linkResolver.cpp, line 773]
Event: 1.304 Thread 0x0000025da6293f40 Exception <a 'java/lang/NoSuchMethodError'{0x00000000c5098bf0}: 'void java.lang.invoke.DirectMethodHandle$Holder.invokeStatic(java.lang.Object, java.lang.Object, java.lang.Object, java.lang.Object)'> (0x00000000c5098bf0) 
thrown [s\open\src\hotspot\share\interpreter\linkResolver.cpp, line 773]
Event: 1.306 Thread 0x0000025da6293f40 Exception <a 'java/lang/NoSuchMethodError'{0x00000000c50a1078}: 'int java.lang.invoke.DirectMethodHandle$Holder.invokeSpecial(java.lang.Object, java.lang.Object, java.lang.Object)'> (0x00000000c50a1078) 
thrown [s\open\src\hotspot\share\interpreter\linkResolver.cpp, line 773]
Event: 1.366 Thread 0x0000025da6293f40 Exception <a 'java/lang/NoSuchMethodError'{0x00000000c4f4f128}: 'java.lang.Object java.lang.invoke.DirectMethodHandle$Holder.invokeStaticInit(java.lang.Object, java.lang.Object, java.lang.Object)'> (0x00000000c4f4f128) 
thrown [s\open\src\hotspot\share\interpreter\linkResolver.cpp, line 773]
Event: 3.256 Thread 0x0000025da6293f40 Exception <a 'java/lang/NoSuchMethodError'{0x00000000c58ad588}: 'java.lang.Object java.lang.invoke.DirectMethodHandle$Holder.invokeSpecial(java.lang.Object, java.lang.Object, java.lang.Object, long, java.lang.Object)'> (0x00000000c58ad588) 
thrown [s\open\src\hotspot\share\interpreter\linkResolver.cpp, line 773]
Event: 3.257 Thread 0x0000025da6293f40 Exception <a 'java/lang/NoSuchMethodError'{0x00000000c58b0ee8}: 'java.lang.Object java.lang.invoke.Invokers$Holder.linkToTargetMethod(java.lang.Object, long, java.lang.Object, java.lang.Object)'> (0x00000000c58b0ee8) 
thrown [s\open\src\hotspot\share\interpreter\linkResolver.cpp, line 773]
Event: 3.630 Thread 0x0000025da6293f40 Exception <a 'java/lang/ClassNotFoundException'{0x00000000c5606ee8}: com/sun/org/apache/xerces/internal/impl/xpath/regex/spi/messageProvider> (0x00000000c5606ee8) 
thrown [s\open\src\hotspot\share\classfile\systemDictionary.cpp, line 313]
Event: 3.989 Thread 0x0000025da6293f40 Exception <a 'java/lang/NoSuchMethodError'{0x00000000c5039358}: 'java.lang.Object java.lang.invoke.DirectMethodHandle$Holder.invokeInterface(java.lang.Object, java.lang.Object)'> (0x00000000c5039358) 
thrown [s\open\src\hotspot\share\interpreter\linkResolver.cpp, line 773]
Event: 3.990 Thread 0x0000025da6293f40 Exception <a 'java/lang/IncompatibleClassChangeError'{0x00000000c503c5d0}: Found class java.lang.Object, but interface was expected> (0x00000000c503c5d0) 
thrown [s\open\src\hotspot\share\interpreter\linkResolver.cpp, line 840]

ZGC Phase Switch (0 events):
No events

VM Operations (20 events):
Event: 3.508 Executing VM operation: ThreadDump done
Event: 3.532 Executing VM operation: HandshakeAllThreads (Deoptimize)
Event: 3.532 Executing VM operation: HandshakeAllThreads (Deoptimize) done
Event: 3.684 Executing VM operation: HandshakeAllThreads (Deoptimize)
Event: 3.684 Executing VM operation: HandshakeAllThreads (Deoptimize) done
Event: 3.729 Executing VM operation: HandshakeAllThreads (Deoptimize)
Event: 3.729 Executing VM operation: HandshakeAllThreads (Deoptimize) done
Event: 3.729 Executing VM operation: HandshakeAllThreads (Deoptimize)
Event: 3.729 Executing VM operation: HandshakeAllThreads (Deoptimize) done
Event: 3.998 Executing VM operation: HandshakeAllThreads (Deoptimize)
Event: 3.998 Executing VM operation: HandshakeAllThreads (Deoptimize) done
Event: 4.052 Executing VM operation: G1CollectForAllocation (G1 Evacuation Pause)
Event: 4.060 Executing VM operation: G1CollectForAllocation (G1 Evacuation Pause) done
Event: 4.281 Executing VM operation: G1CollectForAllocation (G1 Evacuation Pause)
Event: 4.302 Executing VM operation: G1CollectForAllocation (G1 Evacuation Pause) done
Event: 4.499 Executing VM operation: ThreadDump
Event: 4.499 Executing VM operation: ThreadDump done
Event: 4.528 Executing VM operation: G1CollectForAllocation (G1 Evacuation Pause)
Event: 4.557 Executing VM operation: G1CollectForAllocation (G1 Evacuation Pause) done
Event: 4.697 Executing VM operation: G1CollectForAllocation (G1 Evacuation Pause)

Events (16 events):
Event: 0.195 Thread 0x0000025da6293f40 Thread added: 0x0000025da6293f40
Event: 0.330 Thread 0x0000025dc3601130 Thread added: 0x0000025dc3601130
Event: 0.330 Thread 0x0000025dc34ddf60 Thread added: 0x0000025dc34ddf60
Event: 0.333 Thread 0x0000025dc35ea080 Thread added: 0x0000025dc35ea080
Event: 0.333 Thread 0x0000025dc35ec700 Thread added: 0x0000025dc35ec700
Event: 0.334 Thread 0x0000025dc35eed80 Thread added: 0x0000025dc35eed80
Event: 0.334 Thread 0x0000025dc35f7400 Thread added: 0x0000025dc35f7400
Event: 0.334 Thread 0x0000025dc360bf40 Thread added: 0x0000025dc360bf40
Event: 0.335 Thread 0x0000025dc361d680 Thread added: 0x0000025dc361d680
Event: 0.414 Thread 0x0000025dc37a59e0 Thread added: 0x0000025dc37a59e0
Event: 0.430 Thread 0x0000025dc37ad240 Thread added: 0x0000025dc37ad240
Event: 3.454 Thread 0x0000025dc8aee7f0 Thread added: 0x0000025dc8aee7f0
Event: 3.507 Thread 0x0000025dc8ac89e0 Thread added: 0x0000025dc8ac89e0
Event: 3.521 Thread 0x0000025dc8b67660 Thread added: 0x0000025dc8b67660
Event: 3.690 Thread 0x0000025dc8aee7f0 Thread exited: 0x0000025dc8aee7f0
Event: 4.061 Thread 0x0000025dc8c22080 Thread added: 0x0000025dc8c22080


Dynamic libraries:
0x00007ff7c6800000 - 0x00007ff7c6810000 	C:\Program Files\Java\jdk-21.0.11\bin\java.EXE
0x00007ffaa1390000 - 0x00007ffaa1588000 	C:\Windows\SYSTEM32\ntdll.dll
0x00007ffa8bef0000 - 0x00007ffa8bf11000 	C:\Program Files\Avast Software\Avast\aswhook.dll
0x00007ffa9f950000 - 0x00007ffa9fa12000 	C:\Windows\System32\KERNEL32.DLL
0x00007ffa9ef30000 - 0x00007ffa9f226000 	C:\Windows\System32\KERNELBASE.dll
0x00007ffa9eab0000 - 0x00007ffa9ebb0000 	C:\Windows\System32\ucrtbase.dll
0x00007ffa66850000 - 0x00007ffa66869000 	C:\Program Files\Java\jdk-21.0.11\bin\jli.dll
0x00007ffa9fff0000 - 0x00007ffaa00a1000 	C:\Windows\System32\ADVAPI32.dll
0x00007ffaa12a0000 - 0x00007ffaa133e000 	C:\Windows\System32\msvcrt.dll
0x00007ffa9fc20000 - 0x00007ffa9fcbf000 	C:\Windows\System32\sechost.dll
0x00007ffaa0330000 - 0x00007ffaa0450000 	C:\Windows\System32\RPCRT4.dll
0x00007ffa9f230000 - 0x00007ffa9f257000 	C:\Windows\System32\bcrypt.dll
0x00007ffaa00b0000 - 0x00007ffaa0251000 	C:\Windows\System32\USER32.dll
0x00007ffa9ef00000 - 0x00007ffa9ef22000 	C:\Windows\System32\win32u.dll
0x00007ffaa0f10000 - 0x00007ffaa0f3b000 	C:\Windows\System32\GDI32.dll
0x00007ffa9ede0000 - 0x00007ffa9eef9000 	C:\Windows\System32\gdi32full.dll
0x00007ffa66830000 - 0x00007ffa6684e000 	C:\Program Files\Java\jdk-21.0.11\bin\VCRUNTIME140.dll
0x00007ffa9f310000 - 0x00007ffa9f3ad000 	C:\Windows\System32\msvcp_win.dll
0x00007ffa8ef50000 - 0x00007ffa8f1eb000 	C:\Windows\WinSxS\amd64_microsoft.windows.common-controls_6595b64144ccf1df_6.0.19041.6456_none_60b8a6cb71f64256\COMCTL32.dll
0x00007ffa9e580000 - 0x00007ffa9e58a000 	C:\Windows\SYSTEM32\VERSION.dll
0x00007ffa9f910000 - 0x00007ffa9f93f000 	C:\Windows\System32\IMM32.DLL
0x0000000060140000 - 0x000000006014d000 	C:\Program Files (x86)\360\Total Security\safemon\SafeWrapper.dll
0x00007ffa99df0000 - 0x00007ffa99ef5000 	C:\Program Files (x86)\360\Total Security\safemon\libzdtp64.dll
0x00007ffaa0690000 - 0x00007ffaa0e00000 	C:\Windows\System32\SHELL32.dll
0x00007ffa9fcc0000 - 0x00007ffa9fd1b000 	C:\Windows\System32\SHLWAPI.dll
0x00007ffa81830000 - 0x00007ffa8183c000 	C:\Program Files\Java\jdk-21.0.11\bin\vcruntime140_1.dll
0x00007ffa65d20000 - 0x00007ffa65dad000 	C:\Program Files\Java\jdk-21.0.11\bin\msvcp140.dll
0x00007ff9f7400000 - 0x00007ff9f8128000 	C:\Program Files\Java\jdk-21.0.11\bin\server\jvm.dll
0x00007ffa9fe50000 - 0x00007ffa9febb000 	C:\Windows\System32\WS2_32.dll
0x00007ffa9def0000 - 0x00007ffa9df3b000 	C:\Windows\SYSTEM32\POWRPROF.dll
0x00007ffa8f6b0000 - 0x00007ffa8f6d7000 	C:\Windows\SYSTEM32\WINMM.dll
0x00007ffa9ddb0000 - 0x00007ffa9ddc2000 	C:\Windows\SYSTEM32\UMPDC.dll
0x00007ffa9c820000 - 0x00007ffa9c832000 	C:\Windows\SYSTEM32\kernel.appcore.dll
0x00007ffa7e970000 - 0x00007ffa7e97a000 	C:\Program Files\Java\jdk-21.0.11\bin\jimage.dll
0x00007ffa93110000 - 0x00007ffa93311000 	C:\Windows\SYSTEM32\DBGHELP.DLL
0x00007ffa930b0000 - 0x00007ffa930e4000 	C:\Windows\SYSTEM32\dbgcore.DLL
0x00007ffa9ea20000 - 0x00007ffa9eaa2000 	C:\Windows\System32\bcryptPrimitives.dll
0x00007ffa66760000 - 0x00007ffa66781000 	C:\Program Files\Java\jdk-21.0.11\bin\java.dll
0x00007ffa9ca20000 - 0x00007ffa9d1c5000 	C:\Windows\SYSTEM32\windows.storage.dll
0x00007ffaa0f40000 - 0x00007ffaa1294000 	C:\Windows\System32\combase.dll
0x00007ffa9e3e0000 - 0x00007ffa9e40b000 	C:\Windows\SYSTEM32\Wldp.dll
0x00007ffa9fec0000 - 0x00007ffa9ff8d000 	C:\Windows\System32\OLEAUT32.dll
0x00007ffaa0280000 - 0x00007ffaa032d000 	C:\Windows\System32\SHCORE.dll
0x00007ffa9e950000 - 0x00007ffa9e974000 	C:\Windows\SYSTEM32\profapi.dll
0x00007ffa65630000 - 0x00007ffa65707000 	C:\Program Files\Java\jdk-21.0.11\bin\jsvml.dll
0x00007ffa66740000 - 0x00007ffa66751000 	C:\Program Files\Java\jdk-21.0.11\bin\net.dll
0x00007ffa96cc0000 - 0x00007ffa96dca000 	C:\Windows\SYSTEM32\WINHTTP.dll
0x00007ffa9e140000 - 0x00007ffa9e1aa000 	C:\Windows\system32\mswsock.dll
0x00007ffa66720000 - 0x00007ffa66736000 	C:\Program Files\Java\jdk-21.0.11\bin\nio.dll
0x00007ffa65d00000 - 0x00007ffa65d18000 	C:\Program Files\Java\jdk-21.0.11\bin\zip.dll

dbghelp: loaded successfully - version: 4.0.5 - missing functions: none
symbol engine: initialized successfully - sym options: 0x614 - pdb path: .;C:\Program Files\Java\jdk-21.0.11\bin;C:\Windows\SYSTEM32;C:\Program Files\Avast Software\Avast;C:\Windows\WinSxS\amd64_microsoft.windows.common-controls_6595b64144ccf1df_6.0.19041.6456_none_60b8a6cb71f64256;C:\Program Files (x86)\360\Total Security\safemon;C:\Program Files\Java\jdk-21.0.11\bin\server

VM Arguments:
java_command: org.languagetool.server.HTTPServer -p 8635
java_class_path (initial): C:\Users\Administrator\.cache\language_tool_python\LanguageTool-6.8\languagetool-server.jar
Launcher Type: SUN_STANDARD

[Global flags]
     intx CICompilerCount                          = 3                                         {product} {ergonomic}
     uint ConcGCThreads                            = 1                                         {product} {ergonomic}
     uint G1ConcRefinementThreads                  = 4                                         {product} {ergonomic}
   size_t G1HeapRegionSize                         = 1048576                                   {product} {ergonomic}
    uintx GCDrainStackTargetSize                   = 64                                        {product} {ergonomic}
   size_t InitialHeapSize                          = 67108864                                  {product} {ergonomic}
   size_t MarkStackSize                            = 4194304                                   {product} {ergonomic}
   size_t MaxHeapSize                              = 1044381696                                {product} {ergonomic}
   size_t MaxNewSize                               = 625999872                                 {product} {ergonomic}
   size_t MinHeapDeltaBytes                        = 1048576                                   {product} {ergonomic}
   size_t MinHeapSize                              = 8388608                                   {product} {ergonomic}
    uintx NonNMethodCodeHeapSize                   = 5832780                                {pd product} {ergonomic}
    uintx NonProfiledCodeHeapSize                  = 122912730                              {pd product} {ergonomic}
    uintx ProfiledCodeHeapSize                     = 122912730                              {pd product} {ergonomic}
    uintx ReservedCodeCacheSize                    = 251658240                              {pd product} {ergonomic}
     bool SegmentedCodeCache                       = true                                      {product} {ergonomic}
   size_t SoftMaxHeapSize                          = 1044381696                             {manageable} {ergonomic}
     bool UseCompressedOops                        = true                           {product lp64_product} {ergonomic}
     bool UseG1GC                                  = true                                      {product} {ergonomic}
     bool UseLargePagesIndividualAllocation        = false                                  {pd product} {ergonomic}

Logging:
Log output configuration:
 #0: stdout all=warning uptime,level,tags foldmultilines=false
 #1: stderr all=off uptime,level,tags foldmultilines=false

Environment Variables:
PATH=C:\Program Files\Common Files\Oracle\Java\javapath;C:\Windows\system32;C:\Windows;C:\Windows\System32\Wbem;C:\Windows\System32\WindowsPowerShell\v1.0\;C:\Windows\System32\OpenSSH\;C:\Program Files\Git\cmd;C:\Program Files\Microsoft SQL Server\150\Tools\Binn\;C:\Program Files\Microsoft SQL Server\Client SDK\ODBC\170\Tools\Binn\;C:\Program Files (x86)\Microsoft SQL Server\160\DTS\Binn\;C:\Program Files (x86)\Microsoft SQL Server\160\Tools\Binn\;C:\Program Files\Microsoft SQL Server\160\Tools\Binn\;C:\Program Files\Microsoft SQL Server\160\DTS\Binn\;C:\Program Files\dotnet\;C:\Users\Administrator\AppData\Roaming\npm;C:\MinGW\bin;C:\Program Files\nodejs\;C:\Users\Administrator\AppData\Local\Programs\Python\Python313\Scripts\;C:\Users\Administrator\AppData\Local\Programs\Python\Python313\;C:\Users\Administrator\AppData\Local\Microsoft\WindowsApps;C:\Users\Administrator\AppData\Local\Programs\Microsoft VS Code\bin;C:\Users\Administrator\.dotnet\tools;C:\Users\Administrator\AppData\Roaming\npm
USERNAME=Administrator
OS=Windows_NT
PROCESSOR_IDENTIFIER=Intel64 Family 6 Model 69 Stepping 1, GenuineIntel
TMP=C:\Users\ADMINI~1\AppData\Local\Temp
TEMP=C:\Users\ADMINI~1\AppData\Local\Temp




Periodic native trim disabled

---------------  S Y S T E M  ---------------

OS:
 Windows 10 , 64 bit Build 19041 (10.0.19041.5915)
OS uptime: 0 days 1:01 hours

CPU: total 4 (initial active 4) (2 cores per cpu, 2 threads per core) family 6 model 69 stepping 1 microcode 0x25, cx8, cmov, fxsr, ht, mmx, sse, sse2, sse3, ssse3, sse4.1, sse4.2, popcnt, lzcnt, tsc, tscinvbit, avx, avx2, aes, erms, clmul, bmi1, bmi2, fma, vzeroupper, clflush, rdtscp, f16c
Processor Information for all 4 processors :
  Max Mhz: 2401, Current Mhz: 1700, Mhz Limit: 1680

Memory: 4k page, system-wide physical 3976M (396M free)
TotalPageFile size 9974M (AvailPageFile size 35M)
current process WorkingSet (physical memory assigned to process): 138M, peak: 141M
current process commit charge ("private bytes"): 183M, peak: 247M

vm_info: Java HotSpot(TM) 64-Bit Server VM (21.0.11+9-LTS-211) for windows-amd64 JRE (21.0.11+9-LTS-211), built on 2026-03-11T00:23:15Z by "mach5run" with MS VC++ 17.13 (VS2022)

END.
